## docs/coverage-audit-matrix.md (138 lines)
headings: 1:# Coverage Audit Matrix; 7:## Scope and evidence policy; 9:### Status vocabulary; 17:### Default evidence sources; 29:## Family/axis matrix; 31:### TES3 BSA; 47:### TES4-family BSA; 67:### BA2 GNRL; 87:### BA2 DX10; 107:## What `compatibility_matrix.json` is and is not; 113:## Advisory local evidence; 124:## Ranked gap list
3: This document is the human-readable support-truth matrix for libbsa's currently implemented archive families. It answers one question: for each family and capability axis, what is proven by default, what is only partiall
5: It is not a promise that every real-world archive has been compared against BSArchPro or official game data. Default support claims below are based on committed legal fixtures, writer-produced archives, always-on Catch2/
11: - **Proven** — The claim has default evidence from committed legal/generated fixtures, writer-output archives exercised by always-on Catch2/CTest tests, package-consumer checks, or docs-policy tests. Optional local game/
12: - **Partial** — The implementation has meaningful default proof, but at least one important variant, compression route, or public-policy angle is indirect or representative rather than directly covered by a family/axis t
13: - **Missing** — A support claim would currently lack default proof. Missing rows should become work items before the claim is repeated in user-facing docs.
14: - **Deferred** — The work is intentionally outside the current default proof contract, usually because it depends on local copyrighted inputs, a future compatibility campaign, performance/stress work, or a release-readin
17: ### Default evidence sources
19: Use these paths as the default evidence set when reading the matrix:
21: - Public API surface: `include/libbsa/archive.hpp`, `include/libbsa/writer.hpp`, `include/libbsa/validation.hpp`.
23: - Public/package-consumer proof: `tests/package-consumer/main.cpp`, `tests/package-consumer/smoke.cmake`, `tests/package-consumer/verify-runtime-dll-copy.cmake`, plus the `package_consumer_smoke` and `package_consumer_ru
27: Optional local corpora are advisory evidence only; see [Advisory local evidence](#advisory-local-evidence).
35: | Axis | Status | Default evidence | Notes |
39: | Writer | Proven | `include/libbsa/writer.hpp`; `tests/unit/tes3_bsa_writer_tests.cpp`; `tests/fixtures/generated/archives/tes3_writer_canonical_manifest.json` | Public writer API is `tes3_bsa_writer`; tests cover byte-
40: | Round-trip/reopen | Proven | `tests/unit/tes3_bsa_writer_tests.cpp`; `tests/unit/validation_api_tests.cpp` | Writer-output archives reopen through `archive_reader` lookup/extraction; validation API accepts writer-produ
41: | Malformed handling | Proven | `tests/unit/tes3_bsa_reader_tests.cpp`; `tests/fixtures/generated/archives/tes3_malformed_manifest.json`; `tests/fixtures/generated/compatibility_matrix.json`; `tests/unit/validation_api_t
42: | Validation API behavior | Proven | `include/libbsa/validation.hpp`; `tests/unit/validation_api_tests.cpp` | Generated TES3 success archives and writer-produced TES3 archives are accepted; malformed TES3 rows report str
43: | Compatibility warnings | N/A | `include/libbsa/validation.hpp`; `tests/unit/compatibility_warning_tests.cpp`; `docs/compatibility-evidence.md` | The current public warning catalog has no TES3-specific compatibility war
44: | Public/package-consumer API proof | Proven | `tests/package-consumer/main.cpp`; `docs/integration-examples.md`; `tests/unit/public_include_boundary_tests.cpp`; `tests/unit/export_surface_policy_tests.cpp` | The install
55: | Axis | Status | Default evidence | Notes |
59: | Writer | Proven | `include/libbsa/writer.hpp`; `tests/unit/tes4_bsa_writer_tests.cpp` | Public writer target profiles are `tes4_bsa_target::oblivion`, `fallout3`, and `skyrim_se`; tests cover raw output reopening for e
60: | Round-trip/reopen | Proven | `tests/unit/tes4_bsa_writer_tests.cpp`; `tests/unit/archive_reader_dispatch_tests.cpp`; `tests/unit/validation_api_tests.cpp` | Writer raw output reopens for every target profile; target-de
61: | Malformed handling | Proven | `tests/unit/tes4_bsa_reader_tests.cpp`; `tests/fixtures/generated/archives/malformed_manifest.json`; `tests/fixtures/generated/compatibility_matrix.json`; `tests/unit/validation_api_tests.
62: | Validation API behavior | Proven | `include/libbsa/validation.hpp`; `tests/unit/validation_api_tests.cpp`; `tests/unit/compatibility_warning_tests.cpp` | The validation API directly accepts generated success fixtures `
63: | Compatibility warnings | Proven | `include/libbsa/validation.hpp`; `tests/unit/compatibility_warning_tests.cpp`; `docs/compatibility-evidence.md` | Current public BSA warning codes are proven: compressed sound payloads
64: | Public/package-consumer API proof | Proven | `tests/package-consumer/main.cpp`; `docs/integration-examples.md`; `tests/unit/public_include_boundary_tests.cpp`; `tests/unit/export_surface_policy_tests.cpp` | Package-con
75: | Axis | Status | Default evidence | Notes |
79: | Writer | Proven | `include/libbsa/writer.hpp`; `tests/unit/ba2_gnrl_writer_tests.cpp` | Public writer target profiles are `ba2_gnrl_target::fallout4`, `starfield_v2`, and `starfield_v3`; tests cover raw Fallout 4, raw 
80: | Round-trip/reopen | Proven | `tests/unit/ba2_gnrl_writer_tests.cpp`; `tests/unit/archive_reader_dispatch_tests.cpp`; `tests/unit/validation_api_tests.cpp` | Writer-output BA2 GNRL archives reopen through public metadat
81: | Malformed handling | Proven | `tests/unit/ba2_gnrl_reader_tests.cpp`; `tests/fixtures/generated/archives/ba2_gnrl_malformed_manifest.json`; `tests/fixtures/generated/compatibility_matrix.json`; `tests/unit/validation_a
82: | Validation API behavior | Proven | `include/libbsa/validation.hpp`; `tests/unit/validation_api_tests.cpp`; `tests/unit/compatibility_warning_tests.cpp` | The validation API directly accepts generated success fixtures `
83: | Compatibility warnings | Proven | `include/libbsa/validation.hpp`; `tests/unit/compatibility_warning_tests.cpp`; `docs/compatibility-evidence.md` | Current BA2 warning proof covers caller-supplied target-family mismatc
84: | Public/package-consumer API proof | Proven | `tests/package-consumer/main.cpp`; `docs/integration-examples.md`; `tests/unit/public_include_boundary_tests.cpp`; `tests/unit/export_surface_policy_tests.cpp` | Package-con
91: - **Fallout 4 BA2 DX10 v1** — Texture metadata, DDS reconstruction, writer DDS validation, and deflate chunk route are proven.
95: | Axis | Status | Default evidence | Notes |
97: | Reader/open/list metadata | Proven | `include/libbsa/archive.hpp`; `tests/unit/ba2_dx10_metadata_tests.cpp`; `tests/unit/ba2_dx10_parser_tests.cpp`; `tests/fixtures/generated/archives/ba2_dx10_fo4_manifest.json`; `test
... 16 more matches

## docs/compatibility-evidence.md (88 lines)
headings: 1:# Compatibility Evidence Catalog; 15:## Default fixture and round-trip proof sweep; 61:### `compressed_sound_payload`; 67:### `bsa_embedded_name_compatibility_risk`; 73:### `target_family_mismatch`; 79:## Optional Local Corpus Checks
3: This catalog maps public `libbsa::compatibility_warning_code` values to the rule they represent, the evidence that proves the rule, and the default gate that keeps the evidence reproducible.
5: Generated legal fixtures and writer-output archives are the mandatory evidence path for public compatibility warnings. Optional local game or BSArchPro-derived checks may add smoke/compare confidence, but they are never 
9: - `docs/coverage-audit-matrix.md` tracks the broader archive-family support matrix across reader, extraction, writer, round-trip, validation, package-consumer, and documentation axes.
11: - This file is narrower: it explains the compatibility-warning taxonomy that validation reports expose today.
13: Default acceptance must continue to pass from repository-reproducible generated fixtures, writer-output archives, and policy tests alone. Optional local corpus checks are advisory evidence only; they may improve confiden
15: ## Default fixture and round-trip proof sweep
17: The default proof sweep uses committed legal generated fixtures, writer-output archives produced by the public writer APIs, Catch2/CTest cases, and manifest validation only. It does not require local game archives, copie
19: The current default sweep covers four archive families:
26: Use these public proof files together when auditing the default sweep:
29: - `tests/fixtures/README.md` documents fixture provenance, generated-archive policy, optional local corpus rules, and test label vocabulary.
32: - `tests/unit/validation_api_tests.cpp` validates representative and direct generated success fixtures, writer-produced archives, and malformed matrix rows through the public validation API. Its direct validation success
35: A focused default CMake/CTest sweep can be run with repository paths and presets only:
43: ctest --preset windows-msvc-debug-static -L validation_api
57: These commands intentionally avoid optional local corpus inputs. They prove the public default fixture, round-trip, and direct validation success story from committed synthetic assets; `docs/coverage-audit-matrix.md` rem
59: The executable opt-in comparison harness is `tests/unit/local_game_fixture_tests.cpp`; it consumes `LIBBSA_BSARCHPRO_EXPECTED` or a local `bsarchpro_expected.json` manifest under `LIBBSA_GAME_FIXTURES` and compares libbs
65: - Default gate: generated/writer-output; covered by default CTest through the `compatibility_warning` test label and this `validation_policy` catalog check.
71: - Default gate: generated/writer-output; covered by default CTest through the `compatibility_warning`, `validation_api`, and TES4 writer test paths.
76: - Evidence: `tests/unit/compatibility_warning_tests.cpp` test `compatibility_warning reports BA2 target family mismatch` creates a synthetic writer-output BA2 GNRL archive, validates it with `validation_options::expected
77: - Default gate: generated/writer-output; covered by default CTest through the `compatibility_warning` and `validation_api` test labels.
79: ## Optional Local Corpus Checks
86: - Treat `TES5Edit/` as read-only reference material, not a fixture workspace or output directory.
88: Default acceptance must continue to pass from committed generated fixtures, writer-output archives, and policy tests alone.

## docs/public-api-reality-check.md (86 lines)
headings: 1:# Public API Reality Check; 5:## Scope and evidence policy; 18:## Flow-by-flow proof table; 36:## Sharp-edge guidance coverage; 51:## Helper and API gap conclusions; 71:## Downstream routing for coverage gap IDs; 79:## Concrete follow-up recommendation
3: This audit checks libbsa's current public C++20 surface against the coverage matrix, compatibility evidence, consumer documentation, package-consumer smoke source, and public-boundary policy tests. It is intentionally a 
7: Default proof means evidence that is reproducible from the repository without local game archives or BSArchPro-generated corpus output:
9: - Public headers: `include/libbsa/libbsa.hpp`, `archive.hpp`, `writer.hpp`, `validation.hpp`, and `result.hpp`.
11: - Package-consumer proof: `tests/package-consumer/main.cpp` and the package-consumer CTest gates described by `tests/unit/target_format_policy_tests.cpp`.
12: - Public-boundary and documentation policy proof: `tests/unit/public_include_boundary_tests.cpp`, `tests/unit/export_surface_policy_tests.cpp`, `tests/unit/docs_policy_tests.cpp`, `tests/unit/target_format_policy_tests.c
14: Optional local game corpora and BSArchPro-derived manifests remain advisory evidence only. They can increase confidence or justify future hardening, but they are not required for default support claims and they do not re
16: This audit applies the current public-API direction: keep `archive_reader`, validation, bulk extraction, `result<T>`, stable `error_code` categories, and family-specific writers as the public core. Do not introduce a bro
20: | Consumer flow | Real public API involved | Default proof found | Current guidance status | Conclusion / follow-up |
22: | Umbrella include and installed target usage | `<libbsa/libbsa.hpp>`, `libbsa::libbsa`, `LIBBSA_API` | `libbsa.hpp` includes the reader, result, validation, version, and writer headers. `tests/package-consumer/main.cpp`
23: | Open and list metadata | `archive_reader::open`, `archive_reader::metadata`, `archive_reader::entries`, `archive_metadata`, `entry_metadata`, `archive_type`, `archive_variant`, `entry_compression` | `archive.hpp` docum
24: | `find` versus `contains` | `archive_reader::find`, `archive_reader::contains`, `result<std::optional<entry_metadata>>`, `result<bool>` | `archive.hpp` documents the semantic split: invalid path syntax is `invalid_argum
26: | Single-entry in-memory extraction | `archive_reader::extract_bytes`, `result<std::vector<std::byte>>` | `archive.hpp` exposes `extract_bytes`; the coverage matrix cites `extract_bytes` in TES3, TES4-family, and BA2 DX1
27: | Bulk extraction | `archive_reader::extract_entries`, `bulk_extract_request`, `bulk_extract_options`, `bulk_extract_sink_factory`, `bulk_extract_entry_result`, `payload_sink` | `archive.hpp` documents outer setup failur
28: | Validation reports | `validate_archive`, `validation_options`, `validation_report`, `validation_diagnostic`, `validation_report::is_valid` | `validation.hpp` documents setup failures versus inspectable archive diagnost
29: | Compatibility warnings | `compatibility_warning_code`, `compatibility_warning_severity`, `compatibility_warning`, `validation_report::warnings` | `validation.hpp` defines stable warning codes and severities. `compatibi
30: | Stable error-code branching | `result<T>`, `result<void>`, `error`, `error_code` | `result.hpp` exposes a C++20 expected-like type with stable `error_code` and diagnostic-only messages. `tests/package-consumer/main.cpp
31: | TES3 writer | `tes3_bsa_writer`, `tes3_bsa_writer_options`, `write_execution_options` | `writer.hpp` documents raw/uncompressed TES3 behavior. `public_include_boundary_tests.cpp` checks the public contract. `tests/pack
32: | TES4-family writer | `tes4_bsa_writer`, `tes4_bsa_target`, `tes4_bsa_writer_options`, `archive_compression_policy`, `entry_compression_policy`, `write_execution_options` | `writer.hpp` exposes target profiles and polic
33: | BA2 GNRL writer | `ba2_gnrl_writer`, `ba2_gnrl_target`, `ba2_gnrl_writer_options`, `ba2_gnrl_entry_options`, `archive_compression_policy`, `entry_compression_policy` | `writer.hpp` documents Fallout 4, Starfield v2, an
34: | BA2 DX10 writer lifecycle | `ba2_dx10_writer`, `ba2_dx10_target`, `ba2_dx10_writer_options`, `ba2_dx10_writer::add_file`, `ba2_dx10_writer::write_to` | `writer.hpp`, `target-format-guide.md`, and `integration-examples.
41: | Missing path versus invalid path. | `archive_reader::find` documents invalid syntax as `invalid_argument` and valid absence as empty optional; `contains` exists for bool-only checks. | Needs a short docs clarification 
42: | Streaming versus in-memory extraction. | `payload_sink` and `extract` are documented and example-backed; `extract_bytes` is present and fixture-proven. | Needs a docs note on `extract_bytes` as convenience, not the def
44: | Worker count semantics. | `bulk_extract_options::worker_count` and `write_execution_options::worker_count` both default to serial and reject zero where applicable; docs mention positive worker counts. | Adequate. Keep 
45: | Validation setup failures versus archive diagnostics. | `validation.hpp` and `integration-examples.md` explain result-level setup failures and report-level `errors`/`warnings`. | Adequate; direct per-variant success pr
46: | Stable machine branching. | `error_code` and `compatibility_warning_code` are stable; messages are human diagnostics. Package-consumer source branches on `error_code`. | Adequate. Docs can repeat that exact messages ar
49: | Optional local compatibility evidence. | `coverage-audit-matrix.md` and `compatibility-evidence.md` separate default proof from `LIBBSA_GAME_FIXTURES` / `LIBBSA_BSARCHPRO_EXPECTED` advisory checks. | Adequate. Do not s
58: - `validate_archive` and `validation_report` cover validation and compatibility warnings.
60: - `tes3_bsa_writer`, `tes4_bsa_writer`, `ba2_gnrl_writer`, and `ba2_dx10_writer` expose target-specific write-new flows without leaking private codec, DirectXTex, TES5Edit, or raw parser internals.
62: No tiny public helper is needed for validation proof. The most concrete remaining friction is documentation and package-consumer proof granularity, not missing public capability:
67: 4. Package-consumer runtime proof is representative, not every-family archive runtime proof; that is the known `COV-GAP-003` route.
75: | `COV-GAP-001` | Direct validation success rows now exist for TES4 v104/v105, BA2 GNRL Starfield v2/v3, BA2 DX10 Starfield v3, and writer-produced Starfield BA2 v3 method 0 deflate and method 3 raw LZ4 block routes. The
76: | `COV-GAP-003` | Package-consumer compile/link and minimal runtime error-path proof exist, but installed-package runtime archive creation/opening for every family is intentionally not proven by default. | Route to S05 i
77: | `COV-GAP-004` | Current compatibility warning codes are proven; TES3 and BA2 DX10 have no claimed family-specific warning taxonomy. | Defer until a concrete TES3 or BA2 DX10 interoperability risk is identified. Add war
84: 2. Strengthen package-consumer or policy tests so the public story is enforced by compile/link smoke and docs-boundary checks rather than this prose alone.
85: 3. Keep executable per-variant validation proof in `tests/unit/validation_api_tests.cpp` and docs-policy checks, and leave installed-package every-family runtime proof to the `COV-GAP-003` route.

## docs/api-mainpage.md (25 lines)
headings: 1:# @mainpage libbsa Public API
5: For the audited map from this real public surface to current support proof and routed gaps, see `docs/public-api-reality-check.md`. For archive-family support axes and evidence boundaries, see `docs/coverage-audit-matrix
13: Use `libbsa::archive_reader::extract_entries`, `libbsa::bulk_extract_options`, `libbsa::bulk_extract_request`, `libbsa::bulk_extract_sink_factory`, and `libbsa::bulk_extract_entry_result` for bulk extraction with determi
15: Use `libbsa::tes3_bsa_writer`, `libbsa::tes4_bsa_writer`, `libbsa::ba2_gnrl_writer`, and `libbsa::ba2_dx10_writer` to create supported archives. Add entries with explicit archive virtual paths and finalize to a host file
19: Use `libbsa::validate_archive`, `libbsa::validation_options`, `libbsa::validation_report`, `libbsa::validation_diagnostic`, and `libbsa::compatibility_warning` to validate archives and inspect public compatibility warnin
21: Branch programmatically on stable `result<T>::error().code` and `compatibility_warning::code` values. Treat `error().message`, validation diagnostic messages, and compatibility warning messages as human-readable diagnost
23: See @ref thread_safety for reader, writer, validation, benchmark, callback, sink, and bulk extraction concurrency rules.

## docs/integration-examples.md (88 lines)
headings: 1:# Integration Examples; 5:## Path model; 9:## `example_open_list_extract`; 23:## `example_bulk_extract`; 36:## `example_create_tes3_bsa`; 45:## `example_create_tes4_bsa`; 54:## `example_create_ba2_gnrl`; 63:## `example_create_ba2_dx10`; 74:## `example_handle_result_errors`; 82:## `example_validate_archive`
3: These examples are compile-checked by `tests/package-consumer/main.cpp` through the installed `libbsa::libbsa` package target. Each snippet includes only `<libbsa/libbsa.hpp>` plus standard C++ headers. The declarations 
32: Build `bulk_extract_request` records from caller-selected archive virtual paths and call `archive_reader::extract_entries` with `bulk_extract_options`. The default `worker_count` is serial (`1`); opt into parallel-capabl
85: libbsa::result<libbsa::validation_report> example_validate_archive(std::string_view archive_host_path);
88: Call `validate_archive` with `validation_options` when a consumer wants a structured `validation_report`. Result-level failures describe setup errors such as invalid arguments or unreadable host paths. Inspect `validatio

## tests/package-consumer/main.cpp (315 lines)
headings: 1:#include <libbsa/libbsa.hpp>; 3:#include <cstddef>; 4:#include <cstdint>; 5:#include <memory>; 6:#include <mutex>; 7:#include <span>; 8:#include <string>; 9:#include <string_view>; 10:#include <utility>; 11:#include <vector>
152:     options.compression_policy = libbsa::archive_compression_policy::target_default;
172:     options.compression = libbsa::archive_compression_policy::target_default;
231:   libbsa::result<libbsa::validation_report> example_validate_archive(std::string_view archive_host_path)
233:     libbsa::validation_options options;

## tests/unit/coverage_audit_matrix_docs_tests.cpp (356 lines)
headings: 1:#include <catch2/catch_test_macros.hpp>; 3:#include <filesystem>; 4:#include <fstream>; 5:#include <initializer_list>; 6:#include <sstream>; 7:#include <string>; 8:#include <string_view>
92:                       "Validation API behavior",
94:                       "Public/package-consumer API proof",
98: TEST_CASE("coverage_audit_matrix preserves default round-trip evidence for every family",
107:                       "`tests/unit/validation_api_tests.cpp`",
109:                       "validation API accepts writer-produced TES3 archives with extractability enabled",
118:                       "`tests/unit/validation_api_tests.cpp`",
120:                       "target-default compression round-trips inherited entries",
131:                       "`tests/unit/validation_api_tests.cpp`",
143:                       "`tests/unit/validation_api_tests.cpp`",
152: TEST_CASE("coverage_audit_matrix preserves default fixture and manifest evidence policy",
158:                      {"Default evidence sources",
166:                       "Optional local corpora are advisory evidence only"});
169: TEST_CASE("compatibility_evidence exposes default fixture round-trip proof sweep",
175:                      {"## Default fixture and round-trip proof sweep",
179:                       "manifest validation only",
191:                       "`tests/unit/validation_api_tests.cpp`",
193:                       "`LIBBSA_GAME_FIXTURES` and `LIBBSA_BSARCHPRO_EXPECTED` are optional advisory inputs",
194:                       "unset variables must not block the default suite",
195:                       "Default acceptance must continue to pass from committed generated fixtures, writer-output archives, and policy tests alone"});
198: TEST_CASE("coverage_audit_matrix preserves direct validation success evidence",
205:                      {"| Validation API behavior | Proven |",
206:                       "`tests/unit/validation_api_tests.cpp`",
216:                      {"| Validation API behavior | Proven |",
217:                       "`tests/unit/validation_api_tests.cpp`",
228:                      {"| Validation API behavior | Proven |",
229:                       "`tests/unit/validation_api_tests.cpp`",
238: TEST_CASE("coverage_audit_matrix keeps COV-GAP-001 closed while preserving remaining gaps",
244:                      {"`COV-GAP-001` validation-success gap is no longer open",
245:                       "`COV-GAP-002`",
246:                       "`COV-GAP-003`",
247:                       "`COV-GAP-004`"});
249:                     {"| 1 | `COV-GAP-001`",
250:                      "| `COV-GAP-001` |",
251:                      "see `COV-GAP-001`",
253:                      "Direct validation success rows for Starfield v2/v3 generated fixtures are not enumerated",
... 18 more matches

## tests/unit/docs_policy_tests.cpp (320 lines)
headings: 1:#include <catch2/catch_test_macros.hpp>; 3:#include <array>; 4:#include <filesystem>; 5:#include <fstream>; 6:#include <initializer_list>; 7:#include <regex>; 8:#include <sstream>; 9:#include <string>; 10:#include <string_view>
72: TEST_CASE("docs_policy static boundary keeps public API documentation optional", "[unit][docs_policy][static_boundary]")
99:                       "@CMAKE_CURRENT_SOURCE_DIR@/TES5Edit",
110:                      "INPUT = @CMAKE_CURRENT_SOURCE_DIR@/TES5Edit",
132:                       "validation_report",
154:                       "Optional corpus evidence"});
173:                       "validation_report::warnings",
185:                       "Optional local game or BSArchPro-derived checks",
186:                       "never required for the default suite",
187:                       "Optional local corpus checks are advisory evidence only",
188:                       "absent local or copyrighted inputs do not block default green status"});
205:                       "Optional corpus evidence",
206:                       "not required for default support claims"});
209:                      {"These examples are compile-checked by `tests/package-consumer/main.cpp`",
228:                       "Default proof means evidence that is reproducible from the repository without local game archives or BSArchPro-generated corpus output",
229:                       "Package-consumer proof: `tests/package-consumer/main.cpp`",
245:                       "`COV-GAP-003`",
247:                       "installed-package runtime archive creation/opening for every family is intentionally not proven by default"});
250:                      {"Optional local game or BSArchPro-derived checks",
251:                       "never required for the default suite",
252:                       "Optional local corpus checks are advisory evidence only",
253:                       "absent local or copyrighted inputs do not block default green status"});
256:                      {"`COV-GAP-003`",
257:                       "Package-consumer runtime proof for creating/opening every archive family from an installed package",
262: TEST_CASE("docs_policy public proof docs keep optional evidence and fixture boundaries explicit",
282:                        "TES5Edit fixture workspace",
283:                        "TES5Edit/ fixture",
284:                        "mutable TES5Edit",
285:                        "write into `TES5Edit/`",
291:                      {"Optional local game corpora and BSArchPro-derived manifests remain advisory evidence only",
292:                       "`TES5Edit/` remains a read-only reference boundary"});
296:                      {"Optional local corpus checks are advisory evidence only",
297:                       "absent local or copyrighted inputs do not block default green status",
298:                       "Treat `TES5Edit/` as read-only reference material, not a fixture workspace or output directory."});

## tests/unit/target_format_policy_tests.cpp (263 lines)
headings: 1:#include <catch2/catch_test_macros.hpp>; 3:#include <algorithm>; 4:#include <array>; 5:#include <cctype>; 6:#include <filesystem>; 7:#include <fstream>; 8:#include <sstream>; 9:#include <string>; 10:#include <string_view>; 11:#include <utility>; 12:#include <vector>
49:     const auto header = read_text_file(source_root() / "include/libbsa/validation.hpp");
90: TEST_CASE("target_format_policy package consumer examples have docs and CTest smoke gates",
91:           "[unit][target_format_policy][package_consumer][doc_structure]")
95:   const auto package_source = read_text_file(root / "tests/package-consumer/main.cpp");
96:   const auto package_cmake = read_text_file(root / "tests/package-consumer/CMakeLists.txt");
97:   const auto smoke_cmake = read_text_file(root / "tests/package-consumer/smoke.cmake");
98:   const auto runtime_copy_check = read_text_file(root / "tests/package-consumer/verify-runtime-dll-copy.cmake");
123:       "#include <libbsa/validation.hpp>",
128:     INFO("Package consumer must use umbrella header only: " << include);
146:   REQUIRE(package_cmake.find("target_link_libraries(libbsa_package_consumer PRIVATE libbsa::libbsa)") !=
148:   REQUIRE(package_cmake.find("add_test(NAME libbsa_package_consumer_run") != std::string::npos);
156:       "TES5Edit/",
162:     INFO("Package-consumer smoke must not depend on ignored/local fixtures: " << token);
166:     REQUIRE(runtime_copy_check.find(std::string{token}) == std::string::npos);
169:   REQUIRE(tests_cmake.find("NAME package_consumer_smoke") != std::string::npos);
170:   REQUIRE(tests_cmake.find("NAME package_consumer_runtime_dll_copy") != std::string::npos);
171:   REQUIRE(tests_cmake.find("LABELS \"package_consumer;target_format_policy\"") != std::string::npos);
211:           "[unit][target_format_policy][validation_policy][doc_structure]")
259:   REQUIRE(guide.find("TES5Edit/ is a read-only reference") != std::string::npos);

## CMakeLists.txt (236 lines)
27:       _DISABLE_OPTIONAL_ANNOTATION
29:     # MSVC's compiler flag injects the AddressSanitizer runtime libraries for us; passing the
104:     # Use the concrete vcpkg target when available so installed shared exports retain the LZ4 runtime DLL.
114:   src/validation.cpp
174:         include/libbsa/validation.hpp

