Test project J:/libbsa/build/windows-msvc-debug-static
      Start  10: docs_policy public API audit is discoverable and routes proof gaps
 1/16 Test  #10: docs_policy public API audit is discoverable and routes proof gaps ..................................   Passed    0.12 sec
      Start  12: coverage_audit_matrix lists every current archive family
 2/16 Test  #12: coverage_audit_matrix lists every current archive family ............................................   Passed    0.02 sec
      Start  98: coverage_audit_matrix stays free of internal planning identifiers
 3/16 Test  #98: coverage_audit_matrix stays free of internal planning identifiers ...................................   Passed    0.02 sec
      Start 131: coverage_audit_matrix preserves default fixture and manifest evidence policy
 4/16 Test #131: coverage_audit_matrix preserves default fixture and manifest evidence policy ........................   Passed    0.02 sec
      Start 157: compatibility_evidence exposes default fixture round-trip proof sweep
 5/16 Test #157: compatibility_evidence exposes default fixture round-trip proof sweep ...............................   Passed    0.02 sec
      Start 202: coverage_audit_matrix preserves direct validation success evidence
 6/16 Test #202: coverage_audit_matrix preserves direct validation success evidence ..................................   Passed    0.01 sec
      Start 207: coverage_audit_matrix is discoverable from compatibility evidence catalog
 7/16 Test #207: coverage_audit_matrix is discoverable from compatibility evidence catalog ...........................   Passed    0.01 sec
      Start 220: coverage_audit_matrix preserves default round-trip evidence for every family
 8/16 Test #220: coverage_audit_matrix preserves default round-trip evidence for every family ........................   Passed    0.02 sec
      Start 268: coverage_audit_matrix preserves every required support axis
 9/16 Test #268: coverage_audit_matrix preserves every required support axis .........................................   Passed    0.02 sec
      Start 289: coverage_audit_matrix keeps COV-GAP-001 and COV-GAP-003 closed while preserving deferred gaps
10/16 Test #289: coverage_audit_matrix keeps COV-GAP-001 and COV-GAP-003 closed while preserving deferred gaps .......   Passed    0.12 sec
      Start 322: coverage_audit_matrix proves installed package-consumer runtime for every family
11/16 Test #322: coverage_audit_matrix proves installed package-consumer runtime for every family ....................   Passed    0.01 sec
      Start 338: public_api_reality_check routes closed validation and package-consumer proof without API redesign
12/16 Test #338: public_api_reality_check routes closed validation and package-consumer proof without API redesign ...   Passed    0.01 sec
      Start 354: coverage_audit_matrix preserves status vocabulary and ranked gaps
13/16 Test #354: coverage_audit_matrix preserves status vocabulary and ranked gaps ...................................   Passed    0.01 sec
      Start 368: compatibility_evidence names direct validation matrix and Starfield compression routes
14/16 Test #368: compatibility_evidence names direct validation matrix and Starfield compression routes ..............   Passed    0.01 sec
      Start 387: coverage_audit_matrix names compatibility matrix as malformed submatrix only
15/16 Test #387: coverage_audit_matrix names compatibility matrix as malformed submatrix only ........................   Passed    0.13 sec
      Start 414: coverage_audit_matrix separates advisory local evidence from default proof
16/16 Test #414: coverage_audit_matrix separates advisory local evidence from default proof ..........................   Passed    0.02 sec

100% tests passed, 0 tests failed out of 16

Label Time Summary:
coverage_audit_matrix    =   0.57 sec*proc (16 tests)
doc_structure            =   0.12 sec*proc (1 test)
docs_policy              =   0.57 sec*proc (16 tests)
package_consumer         =   0.01 sec*proc (1 test)
unit                     =   0.57 sec*proc (16 tests)

Total Test time (real) =   1.37 sec
