87:    libbsa::tes3_bsa_writer_options options;
89:    libbsa::tes3_bsa_writer writer{options};
278:    auto extracted = reader.extract_entries(requests, sink_factory, options);
292:    libbsa::tes3_bsa_writer_options options;
294:    libbsa::tes3_bsa_writer writer{options};
306:    libbsa::tes4_bsa_writer_options options;
309:    libbsa::tes4_bsa_writer writer{libbsa::tes4_bsa_target::fallout3, options};
321:    libbsa::ba2_gnrl_writer_options options;
324:    libbsa::ba2_gnrl_writer writer{libbsa::ba2_gnrl_target::fallout4, options};
448:    auto extracted = reader.extract_entries(requests, factory);
471:static_assert(std::is_same_v<decltype(std::declval<const libbsa::archive_reader &>().extract_entries(
476:TEST_CASE("bulk_extraction options default to serial extraction", "[unit][bulk_extraction]")
481:TEST_CASE("bulk_extraction rejects zero workers as an outer argument error", "[unit][bulk_extraction]")
489:  auto extracted = reader.extract_entries(requests, sink_factory, options);
495:TEST_CASE("bulk_extraction rejects unsupported large worker counts as an outer argument error",
504:  auto extracted = reader.extract_entries(requests, sink_factory, options);
510:TEST_CASE("bulk_extraction preserves request order and bytes in serial and parallel mode", "[unit][bulk_extraction]")
542:TEST_CASE("bulk_extraction coalesces duplicate successes in serial mode", "[unit][bulk_extraction]")
551:  auto extracted = reader.extract_entries(requests, sink_factory);
573:TEST_CASE("bulk_extraction coalesces duplicate successes in parallel mode", "[unit][bulk_extraction]")
583:  auto extracted = reader.extract_entries(requests, sink_factory, libbsa::bulk_extract_options{.worker_count = 4U});
607:TEST_CASE("bulk_extraction mirrors duplicate missing path failures without aborting siblings",
616:  auto extracted = reader.extract_entries(requests, sink_factory, libbsa::bulk_extract_options{.worker_count = 4U});
642:TEST_CASE("bulk_extraction mirrors duplicate sink factory failures without aborting siblings",
651:  auto extracted = reader.extract_entries(requests, sink_factory, libbsa::bulk_extract_options{.worker_count = 4U});
678:TEST_CASE("bulk_extraction does not pre-merge distinct request strings", "[unit][bulk_extraction]")
685:  auto extracted = reader.extract_entries(requests, sink_factory, libbsa::bulk_extract_options{.worker_count = 4U});
703:TEST_CASE("bulk_extraction records per-entry failures without aborting siblings", "[unit][bulk_extraction]")
711:  auto extracted = reader.extract_entries(requests, sink_factory, libbsa::bulk_extract_options{.worker_count = 4U});
730:TEST_CASE("bulk_extraction records partial sink writes as per-entry I/O errors", "[unit][bulk_extraction]")
736:  auto extracted = reader.extract_entries(requests, sink_factory);
747:TEST_CASE("bulk_extraction streams large raw archive families through bounded chunks", "[unit][bulk_extraction][payload_stream]")
769:TEST_CASE("bulk_extraction source policy documents raw chunking and compressed allocation boundaries",
