working_tree_non_gsd_status_count=220
status_non_gsd:  M .gsd.migrating/CODEBASE.md
status_non_gsd:  M .gsd.migrating/REQUIREMENTS.md
status_non_gsd:  M .gsd.migrating/STATE.md
status_non_gsd:  M .gsd.migrating/audit/events.jsonl
status_non_gsd:  M .gsd.migrating/auto.lock
status_non_gsd:  M .gsd.migrating/doctor-history.jsonl
status_non_gsd:  M .gsd.migrating/event-log.jsonl
status_non_gsd:  M .gsd.migrating/graphs/graph.json
status_non_gsd:  M .gsd.migrating/gsd.db
status_non_gsd:  M .gsd.migrating/gsd.db-shm
status_non_gsd:  M .gsd.migrating/gsd.db-wal
status_non_gsd:  M .gsd.migrating/journal/2026-05-20.jsonl
status_non_gsd:  M .gsd.migrating/metrics.json
status_non_gsd:  M .gsd.migrating/milestones/M001-k9wo8b/M001-k9wo8b-ROADMAP.md
status_non_gsd:  M .gsd.migrating/milestones/M001-k9wo8b/anchors/plan-slice.json
status_non_gsd:  M .gsd.migrating/milestones/M001-k9wo8b/anchors/research-slice.json
status_non_gsd:  M .gsd.migrating/milestones/M001-k9wo8b/slices/S04/S04-PLAN.md
status_non_gsd:  M .gsd.migrating/notifications.jsonl
status_non_gsd:  M .gsd.migrating/runtime/units/execute-task-M001-k9wo8b-S04-T02.json
status_non_gsd:  M .gsd.migrating/runtime/uok-parity.jsonl
status_non_gsd:  M .gsd.migrating/runtime/uok-plan-v2-graph.json
status_non_gsd:  M .gsd.migrating/runtime/uok-writer-sequence.json
status_non_gsd:  M .gsd.migrating/state-manifest.json
status_non_gsd: ?? .gsd.migrating/activity/001-execute-task-M001-k9wo8b-S04-T02.jsonl
status_non_gsd: ?? .gsd.migrating/activity/002-complete-slice-M001-k9wo8b-S04.jsonl
status_non_gsd: ?? .gsd.migrating/activity/003-reassess-roadmap-M001-k9wo8b-S04.jsonl
status_non_gsd: ?? .gsd.migrating/activity/004-research-slice-M001-k9wo8b-S05.jsonl
status_non_gsd: ?? .gsd.migrating/activity/005-plan-slice-M001-k9wo8b-S05.jsonl
status_non_gsd: ?? .gsd.migrating/activity/006-execute-task-M001-k9wo8b-S05-T01.jsonl
status_non_gsd: ?? .gsd.migrating/activity/007-execute-task-M001-k9wo8b-S05-T02.jsonl
status_non_gsd: ?? .gsd.migrating/activity/008-execute-task-M001-k9wo8b-S05-T03.jsonl
status_non_gsd: ?? .gsd.migrating/activity/009-complete-slice-M001-k9wo8b-S05.jsonl
status_non_gsd: ?? .gsd.migrating/activity/010-validate-milestone-M001-k9wo8b.jsonl
status_non_gsd: ?? .gsd.migrating/exec/0358a2fc-9120-4e7f-9dc3-c42cb73e2f20.meta.json
status_non_gsd: ?? .gsd.migrating/exec/0358a2fc-9120-4e7f-9dc3-c42cb73e2f20.stderr
status_non_gsd: ?? .gsd.migrating/exec/0358a2fc-9120-4e7f-9dc3-c42cb73e2f20.stdout
status_non_gsd: ?? .gsd.migrating/exec/0c290bb5-23b2-4983-a4ca-7db87548a6ac.meta.json
status_non_gsd: ?? .gsd.migrating/exec/0c290bb5-23b2-4983-a4ca-7db87548a6ac.stderr
status_non_gsd: ?? .gsd.migrating/exec/0c290bb5-23b2-4983-a4ca-7db87548a6ac.stdout
status_non_gsd: ?? .gsd.migrating/exec/0c65c6f1-7d05-4ee3-bcdc-d972acfdb0a4.meta.json
status_non_gsd: ?? .gsd.migrating/exec/0c65c6f1-7d05-4ee3-bcdc-d972acfdb0a4.stderr
status_non_gsd: ?? .gsd.migrating/exec/0c65c6f1-7d05-4ee3-bcdc-d972acfdb0a4.stdout
status_non_gsd: ?? .gsd.migrating/exec/0dc45ac3-a35c-438e-b429-5c9cc8e1b3e0.meta.json
status_non_gsd: ?? .gsd.migrating/exec/0dc45ac3-a35c-438e-b429-5c9cc8e1b3e0.stderr
status_non_gsd: ?? .gsd.migrating/exec/0dc45ac3-a35c-438e-b429-5c9cc8e1b3e0.stdout
status_non_gsd: ?? .gsd.migrating/exec/1140445d-e874-40aa-aa7a-162b2496144b.meta.json
status_non_gsd: ?? .gsd.migrating/exec/1140445d-e874-40aa-aa7a-162b2496144b.stderr
status_non_gsd: ?? .gsd.migrating/exec/1140445d-e874-40aa-aa7a-162b2496144b.stdout
status_non_gsd: ?? .gsd.migrating/exec/1c74294b-8198-4d8c-9d72-60b179d022b7.meta.json
status_non_gsd: ?? .gsd.migrating/exec/1c74294b-8198-4d8c-9d72-60b179d022b7.stderr
status_non_gsd: ?? .gsd.migrating/exec/1c74294b-8198-4d8c-9d72-60b179d022b7.stdout
status_non_gsd: ?? .gsd.migrating/exec/1f202f2d-0493-4c47-bbe7-787a84638449.meta.json
status_non_gsd: ?? .gsd.migrating/exec/1f202f2d-0493-4c47-bbe7-787a84638449.stderr
status_non_gsd: ?? .gsd.migrating/exec/1f202f2d-0493-4c47-bbe7-787a84638449.stdout
status_non_gsd: ?? .gsd.migrating/exec/212fdaf7-aa55-40d6-b837-18ad86a084ab.meta.json
status_non_gsd: ?? .gsd.migrating/exec/212fdaf7-aa55-40d6-b837-18ad86a084ab.stderr
status_non_gsd: ?? .gsd.migrating/exec/212fdaf7-aa55-40d6-b837-18ad86a084ab.stdout
status_non_gsd: ?? .gsd.migrating/exec/21face0f-f814-46d7-892b-9bfdd981f1af.meta.json
status_non_gsd: ?? .gsd.migrating/exec/21face0f-f814-46d7-892b-9bfdd981f1af.stderr
status_non_gsd: ?? .gsd.migrating/exec/21face0f-f814-46d7-892b-9bfdd981f1af.stdout
status_non_gsd: ?? .gsd.migrating/exec/236e3546-f265-4361-a27b-d7f421098dd8.meta.json
status_non_gsd: ?? .gsd.migrating/exec/236e3546-f265-4361-a27b-d7f421098dd8.stderr
status_non_gsd: ?? .gsd.migrating/exec/236e3546-f265-4361-a27b-d7f421098dd8.stdout
status_non_gsd: ?? .gsd.migrating/exec/257f8d02-fe00-4499-8004-008519a4f1ba.meta.json
status_non_gsd: ?? .gsd.migrating/exec/257f8d02-fe00-4499-8004-008519a4f1ba.stderr
status_non_gsd: ?? .gsd.migrating/exec/257f8d02-fe00-4499-8004-008519a4f1ba.stdout
status_non_gsd: ?? .gsd.migrating/exec/31287958-d5b0-403c-a0db-4204c37de513.meta.json
status_non_gsd: ?? .gsd.migrating/exec/31287958-d5b0-403c-a0db-4204c37de513.stderr
status_non_gsd: ?? .gsd.migrating/exec/31287958-d5b0-403c-a0db-4204c37de513.stdout
status_non_gsd: ?? .gsd.migrating/exec/341956db-e953-4b34-9798-1fad12a9dee8.meta.json
status_non_gsd: ?? .gsd.migrating/exec/341956db-e953-4b34-9798-1fad12a9dee8.stderr
status_non_gsd: ?? .gsd.migrating/exec/341956db-e953-4b34-9798-1fad12a9dee8.stdout
status_non_gsd: ?? .gsd.migrating/exec/364d06a6-616e-42e0-bc31-d485e827fbcf.meta.json
status_non_gsd: ?? .gsd.migrating/exec/364d06a6-616e-42e0-bc31-d485e827fbcf.stderr
status_non_gsd: ?? .gsd.migrating/exec/364d06a6-616e-42e0-bc31-d485e827fbcf.stdout
status_non_gsd: ?? .gsd.migrating/exec/367bb8ad-48b6-4d67-b9b1-a3e20a6d95e5.meta.json
status_non_gsd: ?? .gsd.migrating/exec/367bb8ad-48b6-4d67-b9b1-a3e20a6d95e5.stderr
status_non_gsd: ?? .gsd.migrating/exec/367bb8ad-48b6-4d67-b9b1-a3e20a6d95e5.stdout
status_non_gsd: ?? .gsd.migrating/exec/3aeee5b6-197c-44cd-b9bb-2003a8d2f36b.meta.json
status_non_gsd: ?? .gsd.migrating/exec/3aeee5b6-197c-44cd-b9bb-2003a8d2f36b.stderr
status_non_gsd: ?? .gsd.migrating/exec/3aeee5b6-197c-44cd-b9bb-2003a8d2f36b.stdout
status_non_gsd: ?? .gsd.migrating/exec/3c1bf45f-fc61-40fa-9e66-97849ff6d0c9.meta.json
status_non_gsd: ?? .gsd.migrating/exec/3c1bf45f-fc61-40fa-9e66-97849ff6d0c9.stderr
status_non_gsd: ?? .gsd.migrating/exec/3c1bf45f-fc61-40fa-9e66-97849ff6d0c9.stdout
status_non_gsd: ?? .gsd.migrating/exec/3c55caf3-168f-446f-9d1d-642a55391eac.meta.json
status_non_gsd: ?? .gsd.migrating/exec/3c55caf3-168f-446f-9d1d-642a55391eac.stderr
status_non_gsd: ?? .gsd.migrating/exec/3c55caf3-168f-446f-9d1d-642a55391eac.stdout
status_non_gsd: ?? .gsd.migrating/exec/42bfd03a-bf0e-46b9-8bb7-63fc333ae168.meta.json
status_non_gsd: ?? .gsd.migrating/exec/42bfd03a-bf0e-46b9-8bb7-63fc333ae168.stderr
status_non_gsd: ?? .gsd.migrating/exec/42bfd03a-bf0e-46b9-8bb7-63fc333ae168.stdout
status_non_gsd: ?? .gsd.migrating/exec/4c7a60f7-8c46-417e-b8f0-8c2c301c6f99.meta.json
status_non_gsd: ?? .gsd.migrating/exec/4c7a60f7-8c46-417e-b8f0-8c2c301c6f99.stderr
status_non_gsd: ?? .gsd.migrating/exec/4c7a60f7-8c46-417e-b8f0-8c2c301c6f99.stdout
status_non_gsd: ?? .gsd.migrating/exec/51740119-a9fb-4d77-a0ac-76edf20ae71c.meta.json
status_non_gsd: ?? .gsd.migrating/exec/51740119-a9fb-4d77-a0ac-76edf20ae71c.stderr
status_non_gsd: ?? .gsd.migrating/exec/51740119-a9fb-4d77-a0ac-76edf20ae71c.stdout
status_non_gsd: ?? .gsd.migrating/exec/51874a2f-7645-499b-8940-2b30e5d21a44.meta.json
status_non_gsd: ?? .gsd.migrating/exec/51874a2f-7645-499b-8940-2b30e5d21a44.stderr
status_non_gsd: ?? .gsd.migrating/exec/51874a2f-7645-499b-8940-2b30e5d21a44.stdout
status_non_gsd: ?? .gsd.migrating/exec/5c65c624-bc72-48d2-b583-f965df05a464.meta.json
status_non_gsd: ?? .gsd.migrating/exec/5c65c624-bc72-48d2-b583-f965df05a464.stderr
status_non_gsd: ?? .gsd.migrating/exec/5c65c624-bc72-48d2-b583-f965df05a464.stdout
status_non_gsd: ?? .gsd.migrating/exec/5feeb285-70a3-4a07-8f84-5187c2e7037a.meta.json
status_non_gsd: ?? .gsd.migrating/exec/5feeb285-70a3-4a07-8f84-5187c2e7037a.stderr
status_non_gsd: ?? .gsd.migrating/exec/5feeb285-70a3-4a07-8f84-5187c2e7037a.stdout
status_non_gsd: ?? .gsd.migrating/exec/61905566-dd93-447c-92c7-35029a37d98d.meta.json
status_non_gsd: ?? .gsd.migrating/exec/61905566-dd93-447c-92c7-35029a37d98d.stderr
status_non_gsd: ?? .gsd.migrating/exec/61905566-dd93-447c-92c7-35029a37d98d.stdout
status_non_gsd: ?? .gsd.migrating/exec/65a78130-29b4-48e6-98e0-0d8ae20a463b.meta.json
status_non_gsd: ?? .gsd.migrating/exec/65a78130-29b4-48e6-98e0-0d8ae20a463b.stderr
status_non_gsd: ?? .gsd.migrating/exec/65a78130-29b4-48e6-98e0-0d8ae20a463b.stdout
status_non_gsd: ?? .gsd.migrating/exec/69671f56-546d-43c4-ab6a-9bfaff8c59db.meta.json
status_non_gsd: ?? .gsd.migrating/exec/69671f56-546d-43c4-ab6a-9bfaff8c59db.stderr
status_non_gsd: ?? .gsd.migrating/exec/69671f56-546d-43c4-ab6a-9bfaff8c59db.stdout
status_non_gsd: ?? .gsd.migrating/exec/87badd7a-ebe2-4694-8bfb-51482cfea8d3.meta.json
status_non_gsd: ?? .gsd.migrating/exec/87badd7a-ebe2-4694-8bfb-51482cfea8d3.stderr
status_non_gsd: ?? .gsd.migrating/exec/87badd7a-ebe2-4694-8bfb-51482cfea8d3.stdout
status_non_gsd: ?? .gsd.migrating/exec/90463850-3abe-4637-b1d1-4e8f2b127004.meta.json
status_non_gsd: ?? .gsd.migrating/exec/90463850-3abe-4637-b1d1-4e8f2b127004.stderr
status_non_gsd: ?? .gsd.migrating/exec/90463850-3abe-4637-b1d1-4e8f2b127004.stdout
milestone_gsd_status_count=0
