tests/unit/docs_policy_tests.cpp:72:TEST_CASE("docs_policy static boundary keeps public API documentation optional", "[unit][docs_policy][static_boundary]")
tests/unit/docs_policy_tests.cpp:87:TEST_CASE("docs_policy Doxyfile boundary documents public headers and excludes private inputs",
tests/unit/docs_policy_tests.cpp:114:TEST_CASE("docs_policy API mainpage preserves public operation structure", "[unit][docs_policy][doc_structure]")
tests/unit/docs_policy_tests.cpp:137:TEST_CASE("docs_policy mainpage links audited API proof and consumer sharp edges",
tests/unit/docs_policy_tests.cpp:157:TEST_CASE("docs_policy integration examples document the full consumer journey",
tests/unit/docs_policy_tests.cpp:177:TEST_CASE("docs_policy compatibility evidence points to audit and preserves proof boundaries",
tests/unit/docs_policy_tests.cpp:191:TEST_CASE("docs_policy public API audit is discoverable and routes proof gaps",
tests/unit/docs_policy_tests.cpp:262:TEST_CASE("docs_policy public proof docs keep optional evidence and fixture boundaries explicit",
tests/unit/docs_policy_tests.cpp:301:TEST_CASE("docs_policy public documentation surfaces hide planning identifiers",
tests/unit/coverage_audit_matrix_docs_tests.cpp:48:TEST_CASE("coverage_audit_matrix lists every current archive family", "[unit][coverage_audit_matrix][docs_policy]")
tests/unit/coverage_audit_matrix_docs_tests.cpp:59:TEST_CASE("coverage_audit_matrix preserves every required support axis", "[unit][coverage_audit_matrix][docs_policy]")
tests/unit/coverage_audit_matrix_docs_tests.cpp:75:TEST_CASE("coverage_audit_matrix preserves status vocabulary and ranked gaps", "[unit][coverage_audit_matrix][docs_policy]")
tests/unit/coverage_audit_matrix_docs_tests.cpp:93:TEST_CASE("coverage_audit_matrix separates advisory local evidence from default proof",
tests/unit/coverage_audit_matrix_docs_tests.cpp:108:TEST_CASE("coverage_audit_matrix names compatibility matrix as malformed submatrix only",
tests/unit/coverage_audit_matrix_docs_tests.cpp:120:TEST_CASE("coverage_audit_matrix stays free of internal planning identifiers",
tests/unit/coverage_audit_matrix_docs_tests.cpp:131:TEST_CASE("coverage_audit_matrix is discoverable from compatibility evidence catalog",
tests/unit/target_format_policy_tests.cpp:90:TEST_CASE("target_format_policy package consumer examples have docs and CTest smoke gates",
tests/unit/target_format_policy_tests.cpp:174:TEST_CASE("target_format_policy guide covers every supported target format and compression route",
tests/unit/target_format_policy_tests.cpp:210:TEST_CASE("target_format_policy guide documents public compatibility_warning_code values",
tests/unit/target_format_policy_tests.cpp:227:TEST_CASE("target_format_policy guide documents writer output publication safety",
tests/unit/target_format_policy_tests.cpp:252:TEST_CASE("target_format_policy guide preserves legal evidence and reference boundaries",
tests/unit/ba2_dx10_writer_tests.cpp:595:TEST_CASE("BA2 DX10 writer DDS source manifest covers locked formats", "[unit][fixture][ba2_dx10_writer][dds]")
tests/unit/ba2_dx10_writer_tests.cpp:615:TEST_CASE("BA2 DX10 writer DDS source manifest exposes dedicated structural cases", "[unit][fixture][ba2_dx10_writer][dds]")
tests/unit/ba2_dx10_writer_tests.cpp:673:TEST_CASE("BA2 DX10 writer DDS source manifest rejects malformed and unsupported DDS sources", "[unit][fixture][ba2_dx10_writer][dds]")
tests/unit/ba2_dx10_writer_tests.cpp:687:TEST_CASE("BA2 DX10 writer rejects valid non-2D DDS sources", "[unit][ba2_dx10_writer][add]")
tests/unit/ba2_dx10_writer_tests.cpp:712:TEST_CASE("BA2 DX10 writer rejects Starfield-only DDS formats for Fallout 4 archives", "[unit][ba2_dx10_writer][add]")
tests/unit/ba2_dx10_writer_tests.cpp:738:TEST_CASE("ba2_dx10_writer::add_file accepts a valid DDS source", "[unit][ba2_dx10_writer][add]")
tests/unit/ba2_dx10_writer_tests.cpp:750:TEST_CASE("BA2 DX10 writer resolves non-ASCII UTF-8 output host paths", "[unit][ba2_dx10_writer]")
tests/unit/ba2_dx10_writer_tests.cpp:767:TEST_CASE("BA2 DX10 writer records use canonical stem hash and extension metadata",
tests/unit/ba2_dx10_writer_tests.cpp:790:TEST_CASE("ba2_dx10_writer::add_file rejects an empty DDS host path", "[unit][ba2_dx10_writer][add]")
tests/unit/ba2_dx10_writer_tests.cpp:800:TEST_CASE("ba2_dx10_writer::add_file rejects a missing DDS host path with structured error", "[unit][ba2_dx10_writer][add]")
tests/unit/ba2_dx10_writer_tests.cpp:812:TEST_CASE("ba2_dx10_writer::add_file rejects malformed DDS bytes", "[unit][ba2_dx10_writer][add]")
tests/unit/ba2_dx10_writer_tests.cpp:824:TEST_CASE("ba2_dx10_writer::add_file rejects unsupported DDS formats", "[unit][ba2_dx10_writer][add]")
tests/unit/ba2_dx10_writer_tests.cpp:836:TEST_CASE("ba2_dx10_writer::add_file snapshots DDS bytes before later source file changes",
tests/unit/ba2_dx10_writer_tests.cpp:866:TEST_CASE("BA2 DX10 writer state removes snapshot temp directory on teardown",
tests/unit/ba2_dx10_writer_tests.cpp:908:TEST_CASE("BA2 DX10 writer removes snapshot temp directories after successful write while alive",
tests/unit/ba2_dx10_writer_tests.cpp:929:TEST_CASE("BA2 DX10 writer cleans snapshot directories on validation failure and consumes writer",
tests/unit/ba2_dx10_writer_tests.cpp:956:TEST_CASE("BA2 DX10 writer cleans snapshot directories on missing snapshot failure",
tests/unit/ba2_dx10_writer_tests.cpp:977:TEST_CASE("BA2 DX10 writer cleans snapshot directories on truncated snapshot failure and preserves destination bytes",
tests/unit/ba2_dx10_writer_tests.cpp:1003:TEST_CASE("BA2 DX10 writer cleans snapshot directories on output failure and preserves primary error",
tests/unit/ba2_dx10_writer_tests.cpp:1028:TEST_CASE("BA2 DX10 writer cleans newly reserved snapshot directory when add_file fails",
tests/unit/ba2_dx10_writer_tests.cpp:1044:TEST_CASE("BA2 DX10 writer is consumed after successful write attempts",
tests/unit/ba2_dx10_writer_tests.cpp:1063:TEST_CASE("ba2_dx10_writer::add_file accepts duplicate canonical archive paths for write-time validation",
tests/unit/ba2_dx10_writer_tests.cpp:1078:TEST_CASE("ba2_dx10_writer reopens fo4 deflate compression archives through archive_reader",
tests/unit/ba2_dx10_writer_tests.cpp:1085:TEST_CASE("ba2_dx10_writer reopens starfield method 3 raw LZ4 compression archives through archive_reader",
tests/unit/ba2_dx10_writer_tests.cpp:1095:TEST_CASE("ba2_dx10_writer reopens starfield method 0 deflate compression archives through archive_reader",
tests/unit/ba2_dx10_writer_tests.cpp:1105:TEST_CASE("ba2_dx10_writer preserves multi mip array and cubemap image payload bytes through extraction",
tests/unit/ba2_dx10_writer_tests.cpp:1111:TEST_CASE("BA2 DX10 writer keeps duplicate DDS chunk offsets distinct when deduplicate_payloads = false",
tests/unit/ba2_dx10_writer_tests.cpp:1145:TEST_CASE("BA2 DX10 writer shares duplicate DDS chunk offsets when deduplicate_payloads = true",
tests/unit/ba2_dx10_writer_tests.cpp:1180:TEST_CASE("BA2 DX10 writer refuses to overwrite existing output by default and preserves bytes",
tests/unit/ba2_dx10_writer_tests.cpp:1201:TEST_CASE("BA2 DX10 writer preserves caller-owned temp-name sibling files during unique temp publish",
tests/unit/ba2_dx10_writer_tests.cpp:1224:TEST_CASE("BA2 DX10 writer rejects non-regular overwrite targets without replacing them",
tests/unit/ba2_dx10_writer_tests.cpp:1247:TEST_CASE("BA2 DX10 writer overwrites existing archives when overwrite_existing is true",
tests/unit/ba2_gnrl_writer_tests.cpp:116:  TEST_CASE("BA2 GNRL disk payload streaming rejects source size changes",
tests/unit/ba2_gnrl_writer_tests.cpp:167:  TEST_CASE("BA2 GNRL dedupe disk comparisons reject source size changes",
tests/unit/ba2_gnrl_writer_tests.cpp:457:TEST_CASE("BA2 GNRL writer rejects empty disk source host paths", "[unit][ba2_gnrl_writer]")
tests/unit/ba2_gnrl_writer_tests.cpp:467:TEST_CASE("BA2 GNRL writer reports invalid archive paths as invalid arguments", "[unit][ba2_gnrl_writer]")
tests/unit/ba2_gnrl_writer_tests.cpp:480:TEST_CASE("BA2 GNRL writer rejects duplicate canonical archive paths at write time", "[unit][ba2_gnrl_writer]")
tests/unit/ba2_gnrl_writer_tests.cpp:493:TEST_CASE("BA2 GNRL writer refuses to overwrite existing output when overwrite_existing is false",
tests/unit/ba2_gnrl_writer_tests.cpp:511:TEST_CASE("BA2 GNRL writer overwrites existing archives when overwrite_existing is true",
tests/unit/ba2_gnrl_writer_tests.cpp:534:TEST_CASE("BA2 GNRL writer preserves pre-existing deterministic temp-name siblings",
tests/unit/ba2_gnrl_writer_tests.cpp:552:TEST_CASE("BA2 GNRL writer rejects overwrite targets that are existing directories",
tests/unit/ba2_gnrl_writer_tests.cpp:570:TEST_CASE("BA2 GNRL writer reports missing disk sources as I/O errors", "[unit][ba2_gnrl_writer]")
tests/unit/ba2_gnrl_writer_tests.cpp:585:TEST_CASE("BA2 GNRL writer accepts explicit Fallout 4 disk archive paths", "[unit][ba2_gnrl_writer]")
tests/unit/ba2_gnrl_writer_tests.cpp:597:TEST_CASE("BA2 GNRL writer raw Fallout 4 output reopens with end filename table", "[unit][ba2_gnrl_writer]")
tests/unit/ba2_gnrl_writer_tests.cpp:627:TEST_CASE("BA2 GNRL writer resolves non-ASCII UTF-8 output host paths", "[unit][ba2_gnrl_writer]")
tests/unit/ba2_gnrl_writer_tests.cpp:643:TEST_CASE("BA2 GNRL writer keeps raw disk hashing byte-stable with memory entries",
tests/unit/ba2_gnrl_writer_tests.cpp:664:TEST_CASE("BA2 GNRL writer raw Starfield v2 and v3 defaults reopen through public metadata",
tests/unit/ba2_gnrl_writer_tests.cpp:692:TEST_CASE("BA2 GNRL writer preserves Starfield unknown overrides and BA2 record flags",
tests/unit/ba2_gnrl_writer_tests.cpp:727:TEST_CASE("BA2 GNRL writer all-compressed policy routes through target compression methods",
tests/unit/ba2_gnrl_writer_tests.cpp:775:TEST_CASE("BA2 GNRL writer keeps compressed disk entries byte-stable with memory entries",
tests/unit/ba2_gnrl_writer_tests.cpp:809:TEST_CASE("BA2 GNRL writer per-entry raw and compressed overrides affect only raw versus packed state",
tests/unit/ba2_gnrl_writer_tests.cpp:861:TEST_CASE("BA2 GNRL writer keeps duplicate payload offsets distinct by default", "[unit][ba2_gnrl_writer]")
tests/unit/ba2_gnrl_writer_tests.cpp:888:TEST_CASE("BA2 GNRL writer shares offsets for byte-identical stored payloads when dedupe is enabled",
tests/unit/ba2_gnrl_writer_tests.cpp:919:TEST_CASE("BA2 GNRL writer dedupes raw disk sources under non-ASCII host paths",
tests/unit/ba2_gnrl_writer_tests.cpp:950:TEST_CASE("BA2 GNRL writer dedupes compressed stored bytes but not raw and compressed source twins",
tests/unit/tes3_bsa_writer_tests.cpp:322:TEST_CASE("tes3_bsa_writer committed fixture manifest records canonical writer evidence",
tests/unit/tes3_bsa_writer_tests.cpp:387:TEST_CASE("tes3_bsa_writer emits byte-accurate raw TES3 tables in hash order", "[unit][tes3_bsa_writer]")
tests/unit/tes3_bsa_writer_tests.cpp:447:TEST_CASE("tes3_bsa_writer output reopens through reader lookup and extraction APIs", "[unit][tes3_bsa_writer]")
tests/unit/tes3_bsa_writer_tests.cpp:538:TEST_CASE("tes3_bsa_writer copies memory entries into writer-owned state", "[unit][tes3_bsa_writer]")
tests/unit/tes3_bsa_writer_tests.cpp:557:TEST_CASE("tes3_bsa_writer reports missing disk sources from write_to", "[unit][tes3_bsa_writer]")
tests/unit/tes3_bsa_writer_tests.cpp:572:TEST_CASE("tes3_bsa_writer rejects invalid archive paths", "[unit][tes3_bsa_writer]")
tests/unit/tes3_bsa_writer_tests.cpp:589:TEST_CASE("tes3_bsa_writer rejects archive paths containing NUL bytes", "[unit][tes3_bsa_writer]")
tests/unit/tes3_bsa_writer_tests.cpp:603:TEST_CASE("tes3_bsa_writer rejects source host paths containing NUL bytes", "[unit][tes3_bsa_writer]")
tests/unit/tes3_bsa_writer_tests.cpp:614:TEST_CASE("tes3_bsa_writer rejects output host paths containing NUL bytes", "[unit][tes3_bsa_writer]")
tests/unit/tes3_bsa_writer_tests.cpp:626:TEST_CASE("tes3_bsa_writer rejects duplicate canonical archive paths at write time", "[unit][tes3_bsa_writer]")
tests/unit/tes3_bsa_writer_tests.cpp:638:TEST_CASE("tes3_bsa_writer rejects empty archives", "[unit][tes3_bsa_writer]")
tests/unit/tes3_bsa_writer_tests.cpp:648:TEST_CASE("tes3_bsa_writer refuses overwrite by default and preserves existing bytes", "[unit][tes3_bsa_writer]")
tests/unit/tes3_bsa_writer_tests.cpp:664:TEST_CASE("tes3_bsa_writer resolves non-ASCII UTF-8 disk source and output host paths",
tests/unit/tes3_bsa_writer_tests.cpp:686:TEST_CASE("tes3_bsa_writer publish helper never replaces an existing destination", "[unit][tes3_bsa_writer]")
tests/unit/tes3_bsa_writer_tests.cpp:703:TEST_CASE("tes3_bsa_writer publish helper moves output when destination is free", "[unit][tes3_bsa_writer]")
tests/unit/tes3_bsa_writer_tests.cpp:719:TEST_CASE("tes3_bsa_writer atomic replace helper swaps existing destinations", "[unit][tes3_bsa_writer]")
tests/unit/tes3_bsa_writer_tests.cpp:735:TEST_CASE("tes3_bsa_writer atomic replace helper preserves output when replacement fails", "[unit][tes3_bsa_writer]")
tests/unit/tes3_bsa_writer_tests.cpp:752:TEST_CASE("tes3_bsa_writer replaces existing output only when overwrite is enabled", "[unit][tes3_bsa_writer]")
tests/unit/tes3_bsa_writer_tests.cpp:768:TEST_CASE("tes3_bsa_writer rejects overwrite targets that are existing directories",
tests/unit/tes3_bsa_writer_tests.cpp:788:TEST_CASE("tes3_bsa_writer preserves caller-owned temp-name sibling files", "[unit][tes3_bsa_writer]")
tests/unit/tes4_bsa_writer_tests.cpp:221:TEST_CASE("TES4 BSA writer raw output reopens for every target profile", "[unit][tes4_bsa_writer]")
tests/unit/tes4_bsa_writer_tests.cpp:323:TEST_CASE("TES4 BSA writer resolves non-ASCII UTF-8 output host paths", "[unit][tes4_bsa_writer]")
tests/unit/tes4_bsa_writer_tests.cpp:340:TEST_CASE("TES4 BSA writer serializes derived file flags and hash-sorted tables", "[unit][tes4_bsa_writer]")
tests/unit/tes4_bsa_writer_tests.cpp:417:TEST_CASE("TES4 BSA writer copies memory entries into writer-owned state", "[unit][tes4_bsa_writer]")
tests/unit/tes4_bsa_writer_tests.cpp:437:TEST_CASE("TES4 BSA writer rejects duplicate canonical archive paths at write time", "[unit][tes4_bsa_writer]")
tests/unit/tes4_bsa_writer_tests.cpp:450:TEST_CASE("TES4 BSA writer groups mixed-case folder spellings by canonical path", "[unit][tes4_bsa_writer]")
tests/unit/tes4_bsa_writer_tests.cpp:476:TEST_CASE("TES4 BSA writer reports invalid archive paths as invalid arguments", "[unit][tes4_bsa_writer]")
tests/unit/tes4_bsa_writer_tests.cpp:489:TEST_CASE("TES4 BSA writer refuses to overwrite existing output when overwrite_existing is false",
tests/unit/tes4_bsa_writer_tests.cpp:507:TEST_CASE("TES4 BSA writer reports missing disk sources as I/O errors", "[unit][tes4_bsa_writer]")
tests/unit/tes4_bsa_writer_tests.cpp:522:TEST_CASE("TES4 BSA writer requires explicit archive paths for disk entries", "[unit][tes4_bsa_writer]")
tests/unit/tes4_bsa_writer_tests.cpp:534:TEST_CASE("TES4 BSA writer gates parseable DDS texture formats by target profile",
tests/unit/tes4_bsa_writer_tests.cpp:614:TEST_CASE("TES4 BSA writer compresses inherited entries and preserves raw overrides under all-compressed policy",
tests/unit/tes4_bsa_writer_tests.cpp:658:TEST_CASE("TES4 BSA writer records compressed override metadata while archive default remains raw",
tests/unit/tes4_bsa_writer_tests.cpp:701:TEST_CASE("TES4 BSA writer keeps compressed disk entries byte-stable with memory entries",
tests/unit/tes4_bsa_writer_tests.cpp:733:TEST_CASE("TES4 BSA writer target-default compression round-trips inherited entries", "[unit][tes4_bsa_writer]")
tests/unit/tes4_bsa_writer_tests.cpp:774:TEST_CASE("TES4 BSA writer overwrites existing archives when overwrite_existing is true", "[unit][tes4_bsa_writer]")
tests/unit/tes4_bsa_writer_tests.cpp:795:TEST_CASE("TES4 BSA writer rejects overwrite targets that are existing directories",
tests/unit/tes4_bsa_writer_tests.cpp:816:TEST_CASE("TES4 BSA writer leaves embedded names absent by default and when explicitly disabled",
tests/unit/tes4_bsa_writer_tests.cpp:846:TEST_CASE("TES4 BSA writer emits opt-in embedded name prefixes for v104 and v105 targets",
tests/unit/tes4_bsa_writer_tests.cpp:891:TEST_CASE("TES4 BSA writer ignores embedded name option for v103 target compatibility",
tests/unit/tes4_bsa_writer_tests.cpp:916:TEST_CASE("TES4 BSA writer leaves duplicate stored bytes at distinct offsets by default",
tests/unit/tes4_bsa_writer_tests.cpp:944:TEST_CASE("TES4 BSA writer shares offsets for opt-in identical final stored bytes",
tests/unit/tes4_bsa_writer_tests.cpp:972:TEST_CASE("TES4 BSA writer dedupes matching disk-backed raw payloads",
tests/unit/tes4_bsa_writer_tests.cpp:1005:TEST_CASE("TES4 BSA writer does not dedupe matching source bytes with different compression encodings",
tests/unit/tes4_bsa_writer_tests.cpp:1036:TEST_CASE("TES4 BSA writer does not dedupe matching source bytes with different embedded-name prefixes",
tests/unit/archive_reader_dispatch_tests.cpp:218:TEST_CASE("reader_backend_dispatch preserves reader operations across representative backends",
tests/unit/validation_api_tests.cpp:282:TEST_CASE("validation_api reports result-level setup errors", "[unit][validation_api]")
tests/unit/validation_api_tests.cpp:290:TEST_CASE("validation_api caps extractability before reading sparse payload bytes",
tests/unit/validation_api_tests.cpp:352:TEST_CASE("validation_api accepts generated fixture archives", "[unit][fixture][validation_api]")
tests/unit/validation_api_tests.cpp:374:TEST_CASE("validation_api accepts writer-produced archives", "[unit][roundtrip][validation_api]")
tests/unit/validation_api_tests.cpp:391:TEST_CASE("validation_api reports malformed archives without lenient readers", "[unit][fixture][malformed][validation_api]")
tests/unit/validation_api_tests.cpp:399:TEST_CASE("validation_api reports compatibility_matrix malformed rows as validation errors",
