tests/unit files (51):
tests/unit/archive_path_tests.cpp
tests/unit/archive_reader_dispatch_policy_tests.cpp
tests/unit/archive_reader_dispatch_tests.cpp
tests/unit/archive_reader_tests.cpp
tests/unit/ba2_dx10_extraction_tests.cpp
tests/unit/ba2_dx10_malformed_tests.cpp
tests/unit/ba2_dx10_metadata_tests.cpp
tests/unit/ba2_dx10_parser_tests.cpp
tests/unit/ba2_dx10_preparer_seam_tests.cpp
tests/unit/ba2_dx10_writer_tests.cpp
tests/unit/ba2_gnrl_reader_tests.cpp
tests/unit/ba2_gnrl_writer_tests.cpp
tests/unit/ba2_writer_execution_tests.cpp
tests/unit/benchmark_policy_tests.cpp
tests/unit/bethesda_hash_tests.cpp
tests/unit/binary_io_tests.cpp
tests/unit/bounded_memory_policy_tests.cpp
tests/unit/bsa_writer_execution_tests.cpp
tests/unit/bulk_extraction_tests.cpp
tests/unit/compatibility_matrix_tests.cpp
tests/unit/compatibility_warning_tests.cpp
tests/unit/compression_router_tests.cpp
tests/unit/dds_layout_tests.cpp
tests/unit/deflate_codec_tests.cpp
tests/unit/docs_policy_tests.cpp
tests/unit/export_surface_policy_tests.cpp
tests/unit/host_file_path_tests.cpp
tests/unit/host_file_tests.cpp
tests/unit/host_file_writer_name_tests.cpp
tests/unit/host_path_correctness_boundary_tests.cpp
tests/unit/local_game_fixture_tests.cpp
tests/unit/lz4_codec_tests.cpp
tests/unit/parser_preparer_seam_policy_tests.cpp
tests/unit/parser_primitives_tests.cpp
tests/unit/payload_stream_tests.cpp
tests/unit/public_include_boundary_tests.cpp
tests/unit/result_tests.cpp
tests/unit/target_format_policy_tests.cpp
tests/unit/tes3_bsa_reader_tests.cpp
tests/unit/tes3_bsa_writer_tests.cpp
tests/unit/tes4_bsa_parser_seam_tests.cpp
tests/unit/tes4_bsa_reader_tests.cpp
tests/unit/tes4_bsa_writer_tests.cpp
tests/unit/thread_safety_docs_policy_tests.cpp
tests/unit/validation_api_tests.cpp
tests/unit/validation_policy_tests.cpp
tests/unit/writer_execution_options_tests.cpp
tests/unit/writer_hotspot_policy_tests.cpp
tests/unit/writer_ownership_tests.cpp
tests/unit/writer_publish_tests.cpp
tests/unit/writer_stage_tests.cpp

package-consumer files:
tests/package-consumer/CMakeLists.txt
tests/package-consumer/copy-runtime-dlls.cmake
tests/package-consumer/main.cpp
tests/package-consumer/smoke.cmake
tests/package-consumer/verify-runtime-dll-copy.cmake

docs files:
docs/Doxyfile.in
docs/PRD.md
docs/api-mainpage.md
docs/compatibility-evidence.md
docs/integration-examples.md
docs/target-format-guide.md
docs/thread-safety.md
