Test project J:/libbsa/build/windows-msvc-debug-static
      Start   5: coverage_audit_matrix separates advisory local evidence from default proof
 1/11 Test   #5: coverage_audit_matrix separates advisory local evidence from default proof .....   Passed    0.02 sec
      Start  15: docs_policy public API audit is discoverable and routes proof gaps
 2/11 Test  #15: docs_policy public API audit is discoverable and routes proof gaps .............   Passed    0.12 sec
      Start  75: coverage_audit_matrix stays free of internal planning identifiers
 3/11 Test  #75: coverage_audit_matrix stays free of internal planning identifiers ..............   Passed    0.02 sec
      Start  87: compatibility_evidence exposes default fixture round-trip proof sweep
 4/11 Test  #87: compatibility_evidence exposes default fixture round-trip proof sweep ..........   Passed    0.02 sec
      Start 112: coverage_audit_matrix preserves default fixture and manifest evidence policy
 5/11 Test #112: coverage_audit_matrix preserves default fixture and manifest evidence policy ...   Passed    0.12 sec
      Start 136: coverage_audit_matrix preserves status vocabulary and ranked gaps
 6/11 Test #136: coverage_audit_matrix preserves status vocabulary and ranked gaps ..............   Passed    0.13 sec
      Start 154: coverage_audit_matrix lists every current archive family
 7/11 Test #154: coverage_audit_matrix lists every current archive family .......................   Passed    0.01 sec
      Start 155: coverage_audit_matrix preserves default round-trip evidence for every family
 8/11 Test #155: coverage_audit_matrix preserves default round-trip evidence for every family ...   Passed    0.01 sec
      Start 164: coverage_audit_matrix is discoverable from compatibility evidence catalog
 9/11 Test #164: coverage_audit_matrix is discoverable from compatibility evidence catalog ......   Passed    0.12 sec
      Start 394: coverage_audit_matrix preserves every required support axis
10/11 Test #394: coverage_audit_matrix preserves every required support axis ....................   Passed    0.02 sec
      Start 395: coverage_audit_matrix names compatibility matrix as malformed submatrix only
11/11 Test #395: coverage_audit_matrix names compatibility matrix as malformed submatrix only ...   Passed    0.01 sec

100% tests passed, 0 tests failed out of 11

Label Time Summary:
coverage_audit_matrix    =   0.60 sec*proc (11 tests)
doc_structure            =   0.12 sec*proc (1 test)
docs_policy              =   0.60 sec*proc (11 tests)
unit                     =   0.60 sec*proc (11 tests)

Total Test time (real) =   1.59 sec
