tests\unit\ba2_dx10_parser_tests.cpp
tests\unit\ba2_dx10_preparer_seam_tests.cpp
  87: libbsa::formats::ba2::ba2_dx10_writer_entry snapshot_entry(std::string archive_path,
tests\unit\ba2_dx10_writer_tests.cpp
  56: auto path = std::filesystem::temp_directory_path() / "libbsa_ba2_dx10_writer_tests";
tests\unit\ba2_gnrl_reader_tests.cpp
tests\unit\ba2_gnrl_writer_tests.cpp
  7: #include "formats/ba2/ba2_gnrl_writer.hpp"
tests\unit\ba2_writer_execution_tests.cpp
  104: void add_gnrl_disk_sources(libbsa::ba2_gnrl_writer &writer,
tests\unit\bounded_memory_policy_tests.cpp
  34: "src/formats/bsa/tes3_bsa_writer.cpp",
tests\unit\bsa_writer_execution_tests.cpp
  127: void add_tes4_sources(libbsa::tes4_bsa_writer &writer,
tests\unit\bulk_extraction_tests.cpp
  87: libbsa::tes3_bsa_writer_options options;
tests\unit\compatibility_warning_tests.cpp
  172: libbsa::ba2_gnrl_writer_options options;
tests\unit\coverage_audit_matrix_docs_tests.cpp
  106: "`tests/unit/tes3_bsa_writer_tests.cpp`",
tests\unit\docs_policy_tests.cpp
  126: "tes3_bsa_writer",
tests\unit\export_surface_policy_tests.cpp
  90: "LIBBSA_API explicit tes4_bsa_writer",
tests\unit\host_file_writer_name_tests.cpp
  43: "src/formats/bsa/tes3_bsa_writer.cpp",
tests\unit\host_path_correctness_boundary_tests.cpp
tests\unit\parser_preparer_seam_policy_tests.cpp
  199: "result<ba2_dx10_writer_entry> ba2_dx10_make_writer_entry(",
tests\unit\public_include_boundary_tests.cpp
  23: static_assert(std::is_class_v<libbsa::tes3_bsa_writer_options>);
tests\unit\target_format_policy_tests.cpp
tests\unit\tes3_bsa_reader_tests.cpp
tests\unit\tes3_bsa_writer_tests.cpp
  30: auto path = std::filesystem::temp_directory_path() / "libbsa_tes3_bsa_writer_tests";
tests\unit\tes4_bsa_reader_tests.cpp
tests\unit\tes4_bsa_writer_tests.cpp
  26: auto path = std::filesystem::temp_directory_path() / "libbsa_tes4_bsa_writer_tests";
tests\unit\thread_safety_docs_policy_tests.cpp
  64: "tes3_bsa_writer",
tests\unit\validation_api_tests.cpp
  292: libbsa::tes3_bsa_writer_options options;
tests\unit\writer_execution_options_tests.cpp
  114: libbsa::tes3_bsa_writer writer;
tests\unit\writer_hotspot_policy_tests.cpp
  97: if (line.starts_with("///") || line == "public:" || line == "class ba2_dx10_writer {")
tests\unit\writer_ownership_tests.cpp
  15: static_assert(!std::is_copy_constructible_v<libbsa::tes3_bsa_writer>);
tests\unit\writer_publish_tests.cpp
  395: std::pair{"src/formats/bsa/tes3_bsa_writer.cpp", "TES3 BSA writer"},
tests\unit\writer_stage_tests.cpp
  138: libbsa::formats::ba2::ba2_dx10_writer_entry ba2_dx10_stage_entry(std::string archive_path,
tests\fixtures\generated\generate_ba2_dx10_fixtures.cpp
  442: out << "  \"manifest_kind\": \"ba2_dx10_writer_source_dds_cases\",\n";
tests\fixtures\generated\generate_tes3_bsa_writer_fixtures.cpp
  227: out << "    \"generator\": \"tests/fixtures/generated/generate_tes3_bsa_writer_fixtures.cpp\",\n";
