### tests/unit/tes3_bsa_writer_tests.cpp
184: auto extracted = reader.extract_bytes(path);
340: auto opened = libbsa::archive_reader::open(archive_path.string());
392: libbsa::tes3_bsa_writer writer{options};
462: libbsa::tes3_bsa_writer writer{options};
463: REQUIRE(writer.add_file("Meshes/Disk/Probe.NIF", disk_source.string()).has_value());
472: auto opened = libbsa::archive_reader::open(archive.string());
542: libbsa::tes3_bsa_writer writer{options};
552: auto opened = libbsa::archive_reader::open(archive.string());
559: libbsa::tes3_bsa_writer writer;
564: auto added = writer.add_file("Meshes/Disk.NIF", missing_source.string());
577: libbsa::tes3_bsa_writer writer;
583: auto added_file = writer.add_file(invalid_path, "source.bin");
592: libbsa::tes3_bsa_writer writer;
598: auto added_file = writer.add_file(invalid_path, "source.bin");
606: libbsa::tes3_bsa_writer writer;
608: auto added = writer.add_file("Meshes/Disk.NIF", invalid_host_path);
617: libbsa::tes3_bsa_writer writer;
628: libbsa::tes3_bsa_writer writer;
640: libbsa::tes3_bsa_writer writer;
653: libbsa::tes3_bsa_writer writer;
675: libbsa::tes3_bsa_writer writer{options};
676: REQUIRE(writer.add_file("Meshes/NonAscii/Disk.NIF", utf8_string_from_path(source)).has_value());
680: auto opened = libbsa::archive_reader::open(utf8_string_from_path(archive));
759: libbsa::tes3_bsa_writer writer{options};
777: libbsa::tes3_bsa_writer writer{options};
796: libbsa::tes3_bsa_writer writer{options};
### tests/unit/tes4_bsa_writer_tests.cpp
214: auto extracted = reader.extract_bytes(path);
247: libbsa::tes4_bsa_writer writer{target, options};
254: REQUIRE(writer.add_file(expected_entries[0].first, utf8_string_from_path(model_source)).has_value());
255: REQUIRE(writer.add_file(expected_entries[1].first, utf8_string_from_path(diffuse_source)).has_value());
269: auto opened = libbsa::archive_reader::open(output.string());
307: auto extracted = opened.value().extract_bytes(path);
317: auto copied_extracted = opened.value().extract_bytes("Meshes/Copy.nif");
331: libbsa::tes4_bsa_writer writer{libbsa::tes4_bsa_target::fallout3, options};
335: auto opened = libbsa::archive_reader::open(utf8_string_from_path(archive));
349: libbsa::tes4_bsa_writer writer{libbsa::tes4_bsa_target::oblivion, options};
419: libbsa::tes4_bsa_writer writer{libbsa::tes4_bsa_target::oblivion};
439: libbsa::tes4_bsa_writer writer{libbsa::tes4_bsa_target::fallout3};
455: libbsa::tes4_bsa_writer writer{libbsa::tes4_bsa_target::fallout3, options};
470: auto opened = libbsa::archive_reader::open(archive.string());
480: libbsa::tes4_bsa_writer writer{libbsa::tes4_bsa_target::oblivion};
496: libbsa::tes4_bsa_writer writer{libbsa::tes4_bsa_target::oblivion};
509: libbsa::tes4_bsa_writer writer{libbsa::tes4_bsa_target::skyrim_se};
513: auto added = writer.add_file("Textures/Disk.dds", missing_source.string());
527: libbsa::tes4_bsa_writer writer{libbsa::tes4_bsa_target::skyrim_se};
529: auto added = writer.add_file("Textures/Disk.dds", source.string());
550: libbsa::tes4_bsa_writer writer{target, options};
568: libbsa::tes4_bsa_writer writer{target, options};
579: REQUIRE(disk_writer.add_file("Textures/Formats/DiskBC7.dds", bc7_source.string()).has_value());
602: libbsa::tes4_bsa_writer writer{libbsa::tes4_bsa_target::skyrim_se, options};
629: libbsa::tes4_bsa_writer writer{target, options};
641: auto opened = libbsa::archive_reader::open(archive.string());
673: libbsa::tes4_bsa_writer writer{target, options};
684: auto opened = libbsa::archive_reader::open(archive.string());
713: REQUIRE(disk_writer.add_file("Meshes/CompressedDisk.nif", source.string(), libbsa::entry_compression_policy::compressed)
726: auto opened = libbsa::archive_reader::open(disk_archive.string());
745: libbsa::tes4_bsa_writer writer{target, options};
753: auto opened = libbsa::archive_reader::open(archive.string());
783: libbsa::tes4_bsa_writer writer{libbsa::tes4_bsa_target::fallout3, options};
790: auto opened = libbsa::archive_reader::open(archive.string());
805: libbsa::tes4_bsa_writer writer{libbsa::tes4_bsa_target::fallout3, options};
828: libbsa::tes4_bsa_writer writer{target, options};
836: auto opened = libbsa::archive_reader::open(archive.string());
860: libbsa::tes4_bsa_writer writer{target, options};
868: auto opened = libbsa::archive_reader::open(archive.string());
899: libbsa::tes4_bsa_writer writer{libbsa::tes4_bsa_target::oblivion, options};
907: auto opened = libbsa::archive_reader::open(archive.string());
924: libbsa::tes4_bsa_writer writer{libbsa::tes4_bsa_target::fallout3, options};
933: auto opened = libbsa::archive_reader::open(archive.string());
952: libbsa::tes4_bsa_writer writer{libbsa::tes4_bsa_target::fallout3, options};
961: auto opened = libbsa::archive_reader::open(archive.string());
985: libbsa::tes4_bsa_writer writer{libbsa::tes4_bsa_target::fallout3, options};
987: REQUIRE(writer.add_file("Meshes/Dedupe/DiskFirst.nif", first_source.string()).has_value());
988: REQUIRE(writer.add_file("Meshes/Dedupe/DiskSecond.nif", second_source.string()).has_value());
994: auto opened = libbsa::archive_reader::open(archive.string());
1013: libbsa::tes4_bsa_writer writer{libbsa::tes4_bsa_target::fallout3, options};
1024: auto opened = libbsa::archive_reader::open(archive.string());
1045: libbsa::tes4_bsa_writer writer{libbsa::tes4_bsa_target::fallout3, options};
1054: auto opened = libbsa::archive_reader::open(archive.string());
### tests/unit/ba2_gnrl_writer_tests.cpp
344: auto opened = libbsa::archive_reader::open(output.string());
392: auto extracted = opened.value().extract_bytes(expected_entry.path);
414: auto opened = libbsa::archive_reader::open(output.string());
442: auto extracted = opened.value().extract_bytes(expected_entry.path);
459: libbsa::ba2_gnrl_writer writer{libbsa::ba2_gnrl_target::fallout4};
461: auto added = writer.add_file("Meshes/EmptySource.nif", "");
471: libbsa::ba2_gnrl_writer writer{libbsa::ba2_gnrl_target::fallout4};
482: libbsa::ba2_gnrl_writer writer{libbsa::ba2_gnrl_target::fallout4};
500: libbsa::ba2_gnrl_writer writer{libbsa::ba2_gnrl_target::fallout4};
522: libbsa::ba2_gnrl_writer writer{libbsa::ba2_gnrl_target::fallout4, options};
529: auto opened = libbsa::archive_reader::open(output.string());
531: CHECK(opened.value().extract_bytes("Meshes/Replaced.nif").value() == replacement);
542: libbsa::ba2_gnrl_writer writer{libbsa::ba2_gnrl_target::fallout4, overwriting_raw_options()};
560: libbsa::ba2_gnrl_writer writer{libbsa::ba2_gnrl_target::fallout4, overwriting_raw_options()};
572: libbsa::ba2_gnrl_writer writer{libbsa::ba2_gnrl_target::fallout4};
576: auto added = writer.add_file("Meshes/Missing.nif", missing_source.string());
590: libbsa::ba2_gnrl_writer writer{libbsa::ba2_gnrl_target::fallout4};
592: auto added = writer.add_file("Meshes/Disk.nif", source.string());
606: libbsa::ba2_gnrl_writer writer{libbsa::ba2_gnrl_target::fallout4, overwriting_raw_options()};
608: REQUIRE(writer.add_file("Scripts/Quest.psc", utf8_string_from_path(source)).has_value());
632: libbsa::ba2_gnrl_writer writer{libbsa::ba2_gnrl_target::fallout4, overwriting_raw_options()};
636: auto opened = libbsa::archive_reader::open(utf8_string_from_path(output));
638: auto extracted = opened.value().extract_bytes("Meshes/Utf8Output.bin");
652: REQUIRE(disk_writer.add_file("Meshes/RawStable.bin", source.string()).has_value());
674: libbsa::ba2_gnrl_writer writer{target, overwriting_raw_options()};
705: libbsa::ba2_gnrl_writer writer{target, options};
754: libbsa::ba2_gnrl_writer writer{test_case.target, options};
789: REQUIRE(disk_writer.add_file("Meshes/CompressedStable.bin", source.string()).has_value());
800: auto opened = libbsa::archive_reader::open(disk_archive.string());
806: CHECK(opened.value().extract_bytes("Meshes/CompressedStable.bin").value() == bytes);
816: libbsa::ba2_gnrl_writer writer{libbsa::ba2_gnrl_target::starfield_v3, options};
830: auto opened = libbsa::archive_reader::open(output.string());
850: auto compressed_extracted = opened.value().extract_bytes("Generic/Compressed.bin");
851: auto raw_extracted = opened.value().extract_bytes("Generic/RawOverride.bin");
852: auto empty_extracted = opened.value().extract_bytes("Generic/Empty.bin");
865: libbsa::ba2_gnrl_writer writer{libbsa::ba2_gnrl_target::fallout4, options};
873: auto opened = libbsa::archive_reader::open(output.string());
884: CHECK(opened.value().extract_bytes("Meshes/DuplicateA.nif").value() == bytes);
885: CHECK(opened.value().extract_bytes("Meshes/DuplicateB.nif").value() == bytes);
893: libbsa::ba2_gnrl_writer writer{libbsa::ba2_gnrl_target::fallout4, options};
902: auto opened = libbsa::archive_reader::open(output.string());
915: CHECK(opened.value().extract_bytes("Meshes/SharedA.nif").value() == bytes);
916: CHECK(opened.value().extract_bytes("Meshes/SharedB.nif").value() == bytes);
924: libbsa::ba2_gnrl_writer writer{libbsa::ba2_gnrl_target::fallout4, options};
932: REQUIRE(writer.add_file("Meshes/SharedDiskA.bin", utf8_string_from_path(first_source)).has_value());
933: REQUIRE(writer.add_file("Meshes/SharedDiskB.bin", utf8_string_from_path(second_source)).has_value());
937: auto opened = libbsa::archive_reader::open(output.string());
946: CHECK(opened.value().extract_bytes("Meshes/SharedDiskA.bin").value() == bytes);
947: CHECK(opened.value().extract_bytes("Meshes/SharedDiskB.bin").value() == bytes);
958: libbsa::ba2_gnrl_writer writer{libbsa::ba2_gnrl_target::starfield_v3, options};
969: auto opened = libbsa::archive_reader::open(output.string());
985: CHECK(opened.value().extract_bytes("Compressed/First.bin").value() == bytes);
986: CHECK(opened.value().extract_bytes("Compressed/Second.bin").value() == bytes);
987: CHECK(opened.value().extract_bytes("Compressed/RawTwin.bin").value() == bytes);
### tests/unit/ba2_dx10_writer_tests.cpp
398: auto added = writer.add_file(source_case.at("archive_path").get<std::string>(),
456: auto extracted_bytes = reader.extract_bytes(archive_path);
469: libbsa::ba2_dx10_writer writer{target, options};
478: auto opened = libbsa::archive_reader::open(output_path.string());
525: libbsa::ba2_dx10_writer writer{libbsa::ba2_dx10_target::starfield_v3};
531: auto added = writer.add_file(source_case.at("archive_path").get<std::string>(),
540: auto opened = libbsa::archive_reader::open(output_path.string());
589: REQUIRE(writer.add_file("textures/dedupe/a.dds", source_path).has_value());
590: REQUIRE(writer.add_file("textures/dedupe/b.dds", source_path).has_value());
705: libbsa::ba2_dx10_writer writer{libbsa::ba2_dx10_target::fallout4};
706: auto added = writer.add_file("textures/non-2d.dds", source_path.string());
728: auto fallout4_added = fallout4_writer.add_file(source_case.at("archive_path").get<std::string>(), source_path.string());
733: auto starfield_added = starfield_writer.add_file(source_case.at("archive_path").get<std::string>(), source_path.string());
743: libbsa::ba2_dx10_writer writer{libbsa::ba2_dx10_target::fallout4};
744: auto added = writer.add_file(source_case.at("archive_path").get<std::string>(),
758: libbsa::ba2_dx10_writer writer{libbsa::ba2_dx10_target::fallout4};
759: REQUIRE(writer.add_file(archive_path, source_path.string()).has_value());
762: auto opened = libbsa::archive_reader::open(utf8_string_from_path(output_path));
773: libbsa::ba2_dx10_writer writer{libbsa::ba2_dx10_target::fallout4};
774: REQUIRE(writer.add_file(mixed_case_archive_path, (generated_source_dir() / source_case.at("file").get<std::string>()).string())
782: auto opened = libbsa::archive_reader::open(output_path.string());
792: libbsa::ba2_dx10_writer writer{libbsa::ba2_dx10_target::fallout4};
794: auto added = writer.add_file("textures/empty-host.dds", "");
804: libbsa::ba2_dx10_writer writer{libbsa::ba2_dx10_target::fallout4};
806: auto added = writer.add_file("textures/missing.dds", missing.string());
816: libbsa::ba2_dx10_writer writer{libbsa::ba2_dx10_target::fallout4};
818: auto added = writer.add_file("textures/malformed.dds", (generated_source_dir() / source_case.at("file").get<std::string>()).string());
828: libbsa::ba2_dx10_writer writer{libbsa::ba2_dx10_target::fallout4};
830: auto added = writer.add_file("textures/unsupported.dds", (generated_source_dir() / source_case.at("file").get<std::string>()).string());
846: libbsa::ba2_dx10_writer writer{libbsa::ba2_dx10_target::fallout4};
848: auto added = writer.add_file(source_case.at("archive_path").get<std::string>(), scratch_path.string());
858: auto opened = libbsa::archive_reader::open(output_path.string());
860: auto extracted = opened.value().extract_bytes(source_case.at("archive_path").get<std::string>());
875: libbsa::ba2_dx10_writer writer{libbsa::ba2_dx10_target::fallout4};
877: REQUIRE(writer.add_file(source_case.at("archive_path").get<std::string>(),
916: libbsa::ba2_dx10_writer writer{libbsa::ba2_dx10_target::fallout4};
918: REQUIRE(writer.add_file(source_case.at("archive_path").get<std::string>(), source_path.string()).has_value());
923: auto opened = libbsa::archive_reader::open(output_path.string());
936: libbsa::ba2_dx10_writer writer{libbsa::ba2_dx10_target::fallout4};
938: REQUIRE(writer.add_file("Textures/Duplicate.dds", source_path).has_value());
939: REQUIRE(writer.add_file("textures/duplicate.dds", source_path).has_value());
948: auto later_add = writer.add_file("textures/after-failed-write.dds", source_path);
963: libbsa::ba2_dx10_writer writer{libbsa::ba2_dx10_target::fallout4};
965: REQUIRE(writer.add_file(source_case.at("archive_path").get<std::string>(), source_path).has_value());
989: libbsa::ba2_dx10_writer writer{libbsa::ba2_dx10_target::fallout4, options};
991: REQUIRE(writer.add_file(source_case.at("archive_path").get<std::string>(), source_path).has_value());
1012: libbsa::ba2_dx10_writer writer{libbsa::ba2_dx10_target::fallout4};
1014: REQUIRE(writer.add_file(source_case.at("archive_path").get<std::string>(),
1034: libbsa::ba2_dx10_writer writer{libbsa::ba2_dx10_target::fallout4};
1036: auto added = writer.add_file("textures/malformed-cleanup.dds",
1050: libbsa::ba2_dx10_writer writer{libbsa::ba2_dx10_target::fallout4};
1052: REQUIRE(writer.add_file(source_case.at("archive_path").get<std::string>(), source_path).has_value());
1055: auto later_add = writer.add_file("textures/after-success.dds", source_path);
1069: libbsa::ba2_dx10_writer writer{libbsa::ba2_dx10_target::fallout4};
1071: auto first = writer.add_file("Textures/Duplicate.dds", source_path);
1072: auto second = writer.add_file("textures/duplicate.dds", source_path);
1118: libbsa::ba2_dx10_writer writer{libbsa::ba2_dx10_target::fallout4, options};
1124: auto opened = libbsa::archive_reader::open(output_path.string());
1135: auto extracted_first = opened.value().extract_bytes("textures/dedupe/a.dds");
1137: auto extracted_duplicate = opened.value().extract_bytes("textures/dedupe/b.dds");
1152: libbsa::ba2_dx10_writer writer{libbsa::ba2_dx10_target::fallout4, options};
1158: auto opened = libbsa::archive_reader::open(output_path.string());
1170: auto extracted_first = opened.value().extract_bytes("textures/dedupe/a.dds");
1172: auto extracted_duplicate = opened.value().extract_bytes("textures/dedupe/b.dds");
1188: libbsa::ba2_dx10_writer writer{libbsa::ba2_dx10_target::fallout4};
1189: REQUIRE(writer.add_file(source_case.at("archive_path").get<std::string>(),
1212: libbsa::ba2_dx10_writer writer{libbsa::ba2_dx10_target::fallout4, options};
1213: REQUIRE(writer.add_file(source_case.at("archive_path").get<std::string>(),
1235: libbsa::ba2_dx10_writer writer{libbsa::ba2_dx10_target::fallout4, options};
1236: REQUIRE(writer.add_file(source_case.at("archive_path").get<std::string>(),
1257: libbsa::ba2_dx10_writer writer{libbsa::ba2_dx10_target::fallout4, options};
1258: REQUIRE(writer.add_file(source_case.at("archive_path").get<std::string>(),
1266: auto opened = libbsa::archive_reader::open(output.string());
1268: auto extracted = opened.value().extract_bytes(source_case.at("archive_path").get<std::string>());
### tests/unit/validation_api_tests.cpp
163: auto validated = libbsa::validate_archive(host_path, options);
222: auto validated = libbsa::validate_archive(host_path);
232: auto opened = libbsa::archive_reader::open(archive_path.string());
236: auto validated = libbsa::validate_archive(archive_path.string());
257: auto opened = libbsa::archive_reader::open(archive_path.string());
261: auto validated = libbsa::validate_archive(archive_path.string());
277: auto opened = libbsa::archive_reader::open(archive_path.string());
280: auto validated = libbsa::validate_archive(archive_path.string(), options);
294: libbsa::tes3_bsa_writer writer{options};
306: libbsa::tes4_bsa_writer writer{libbsa::tes4_bsa_target::fallout3, options};
318: libbsa::ba2_gnrl_writer writer{libbsa::ba2_gnrl_target::fallout4, options};
329: libbsa::ba2_dx10_writer writer{libbsa::ba2_dx10_target::fallout4, options};
331: REQUIRE(writer.add_file("textures/validation/bc1_unorm.dds", dds_source.string()).has_value());
344: libbsa::ba2_gnrl_writer writer{libbsa::ba2_gnrl_target::starfield_v3, options};
359: libbsa::ba2_dx10_writer writer{libbsa::ba2_dx10_target::starfield_v3, options};
361: REQUIRE(writer.add_file("textures/validation/starfield_route.dds", dds_source.string()).has_value());
448: auto opened = libbsa::archive_reader::open(output.string());
451: auto validated = libbsa::validate_archive(output.string(), options);
