FILE tests/unit/archive_reader_tests.cpp (3 tests)
 - archive_reader open reports I/O errors for missing host files
 - archive_reader open rejects empty host paths
 - archive_reader exposes compile-only Phase 3 reader contracts

FILE tests/unit/archive_reader_dispatch_tests.cpp (1 tests)
 - reader_backend_dispatch preserves reader operations across representative backends

FILE tests/unit/archive_reader_dispatch_policy_tests.cpp (2 tests)
 - archive_reader_dispatch_policy forbids repeated family dispatch in public reader methods
 - archive_reader_dispatch_policy forbids stored backend identity in reader state

FILE tests/unit/tes3_bsa_reader_tests.cpp (16 tests)
 - tes3_bsa_detector classifies Morrowind magic bytes before parser dispatch
 - tes3_bsa_detector leaves unrelated bytes unsupported
 - tes3_bsa_metadata opens generated Morrowind archives
 - tes3_bsa_entries exposes manifest-backed metadata and offsets
 - tes3_bsa_lookup normalizes variants and stable missing-path behavior
 - tes3_bsa_lookup helper normalizes variants over parsed entries
 - tes3_bsa_extract streams and returns bytes from data-section-relative offsets
 - tes3_bsa_extract helper is raw-only and enforces sink writes
 - tes3_bsa_malformed rejects generated malformed TES3 cases with stable error codes
 - tes3_bsa_malformed rejects overlapping non-empty payload spans
 - tes3_bsa_entries accepts adjacent spans and zero-byte boundary entries
 - tes3_bsa_malformed reports unsorted hashes before payload overlap
 - tes3_bsa_entries materializes large non-overlapping spans outside payload order
 - tes3_bsa_malformed returns format_error for oversized declared metadata without exceptions
 - tes3_bsa_malformed rejects declared file counts above the metadata limit
 - tes3_bsa_malformed maps invalid archive names to format_error

FILE tests/unit/tes3_bsa_writer_tests.cpp (20 tests)
 - tes3_bsa_writer committed fixture manifest records canonical writer evidence
 - tes3_bsa_writer emits byte-accurate raw TES3 tables in hash order
 - tes3_bsa_writer output reopens through reader lookup and extraction APIs
 - tes3_bsa_writer copies memory entries into writer-owned state
 - tes3_bsa_writer reports missing disk sources from write_to
 - tes3_bsa_writer rejects invalid archive paths
 - tes3_bsa_writer rejects archive paths containing NUL bytes
 - tes3_bsa_writer rejects source host paths containing NUL bytes
 - tes3_bsa_writer rejects output host paths containing NUL bytes
 - tes3_bsa_writer rejects duplicate canonical archive paths at write time
 - tes3_bsa_writer rejects empty archives
 - tes3_bsa_writer refuses overwrite by default and preserves existing bytes
 - tes3_bsa_writer resolves non-ASCII UTF-8 disk source and output host paths
 - tes3_bsa_writer publish helper never replaces an existing destination
 - tes3_bsa_writer publish helper moves output when destination is free
 - tes3_bsa_writer atomic replace helper swaps existing destinations
 - tes3_bsa_writer atomic replace helper preserves output when replacement fails
 - tes3_bsa_writer replaces existing output only when overwrite is enabled
 - tes3_bsa_writer rejects overwrite targets that are existing directories
 - tes3_bsa_writer preserves caller-owned temp-name sibling files

FILE tests/unit/tes4_bsa_reader_tests.cpp (30 tests)
 - tes4_bsa_detection opens byte-driven TES4-family BSA variants
 - tes4_bsa_detection rejects non-BSA bytes regardless of host extension
 - tes4_bsa_metadata exposes archive-level open state
 - unsupported_future_bsa reports unsupported for recognized future BSA versions
 - tes4_bsa_malformed_open rejects malformed open-phase fixtures with stable error codes
 - tes4_bsa_malformed_open rejects count-derived table spans before allocation
 - tes4_bsa_malformed_open returns format_error for oversized declared file-name bytes
 - tes4_bsa_malformed_open rejects folder record counts before allocation
 - tes4_bsa_malformed_open rejects matched oversized file counts before allocation
 - tes4_bsa_malformed_open rejects metadata counts above parser limits
 - tes4_bsa_malformed_open rejects inconsistent table offsets
 - tes4_bsa_malformed_open rejects payload spans inside metadata
 - tes4_bsa_malformed_open rejects partially overlapping payload spans
 - tes4_bsa_entry_metadata accepts exact duplicate payload spans for writer dedupe
 - tes4_bsa_malformed_open rejects file record hash mismatches
 - tes4_bsa_malformed_open rejects folder record hash mismatches
 - tes4_bsa_entry_metadata materializes table paths, hashes, sizes, and embedded names
 - tes4_bsa_malformed_open rejects duplicate canonical paths during entry parsing
 - tes4_bsa_lookup normalizes variants and distinguishes missing from invalid paths
 - tes4_bsa_v103_extract streams raw and deflate entries by archive path
 - tes4_bsa_v104_extract skips embedded names before raw and deflate payloads
 - tes4_bsa_v105_extract routes compressed entries through LZ4 frame decoding
 - tes4_bsa_v105_extract writes LZ4 frame payloads through bounded sink chunks
 - tes4_bsa_sink_errors reports partial sink writes as io_error
 - tes4_bsa_extract maps invalid and missing paths to stable errors
 - tes4_bsa_extract reads selected payloads from the host archive on demand
 - tes4_bsa_compression_routing rejects corrupt compressed payloads and size mismatches
 - tes4_bsa_extract_bytes returns bounded consumer-visible bytes through extraction path
 - tes4_bsa_extract_bytes matches extract path errors for invalid and missing paths
 - archive_reader_extract_bytes preflights materialization before payload extraction

FILE tests/unit/tes4_bsa_writer_tests.cpp (25 tests)
 - TES4 BSA writer raw output reopens for every target profile
 - TES4 BSA writer resolves non-ASCII UTF-8 output host paths
 - TES4 BSA writer serializes derived file flags and hash-sorted tables
 - TES4 BSA writer copies memory entries into writer-owned state
 - TES4 BSA writer rejects duplicate canonical archive paths at write time
 - TES4 BSA writer groups mixed-case folder spellings by canonical path
 - TES4 BSA writer reports invalid archive paths as invalid arguments
 - TES4 BSA writer refuses to overwrite existing output when overwrite_existing is false
 - TES4 BSA writer reports missing disk sources as I/O errors
 - TES4 BSA writer requires explicit archive paths for disk entries
 - TES4 BSA writer gates parseable DDS texture formats by target profile
 - TES4 BSA writer compresses inherited entries and preserves raw overrides under all-compressed policy
 - TES4 BSA writer records compressed override metadata while archive default remains raw
 - TES4 BSA writer keeps compressed disk entries byte-stable with memory entries
 - TES4 BSA writer target-default compression round-trips inherited entries
 - TES4 BSA writer overwrites existing archives when overwrite_existing is true
 - TES4 BSA writer rejects overwrite targets that are existing directories
 - TES4 BSA writer leaves embedded names absent by default and when explicitly disabled
 - TES4 BSA writer emits opt-in embedded name prefixes for v104 and v105 targets
 - TES4 BSA writer ignores embedded name option for v103 target compatibility
 - TES4 BSA writer leaves duplicate stored bytes at distinct offsets by default
 - TES4 BSA writer shares offsets for opt-in identical final stored bytes
 - TES4 BSA writer dedupes matching disk-backed raw payloads
 - TES4 BSA writer does not dedupe matching source bytes with different compression encodings
 - TES4 BSA writer does not dedupe matching source bytes with different embedded-name prefixes

FILE tests/unit/ba2_gnrl_reader_tests.cpp (19 tests)
 - ba2_gnrl_detector opens Fallout 4 GNRL metadata without Starfield fields
 - ba2_gnrl_detector opens Starfield v2 GNRL metadata with version-gated unknowns
 - ba2_gnrl_detector opens Starfield v3 GNRL metadata with compression method
 - ba2_gnrl_detector rejects Phase 5 unsupported BA2 profiles with stable errors
 - ba2_gnrl_bounded_open opens sparse large-payload archives without reading payload bytes
 - ba2_gnrl_end_table opens archives with payloads before the filename table
 - ba2_gnrl_detector rejects unrepresentable high filename table ranges before materialization
 - ba2_gnrl_detector rejects non-empty payload spans in fixed metadata
 - ba2_gnrl_detector rejects partially overlapping payload spans
 - ba2_gnrl_detector accepts exact duplicate non-empty payload spans
 - ba2_gnrl_detector rejects record hash mismatches
 - ba2_gnrl_detector returns format_error for oversized declared record tables
 - ba2_gnrl_detector rejects declared file counts above the metadata limit
 - ba2_gnrl_metadata lists manifest-backed records from filename tables
 - ba2_gnrl_lookup normalizes variants and reports stable missing-path behavior
 - ba2_gnrl_extract streams manifest bytes and extract_bytes matches
 - ba2_gnrl_compressed_fallbacks preserve fixture bytes
 - ba2_gnrl_extract helper routes by metadata and detects partial_sink writes
 - ba2_gnrl_malformed manifest cases fail with stable error codes

FILE tests/unit/ba2_gnrl_writer_tests.cpp (23 tests)
 - BA2 GNRL disk payload streaming rejects source size changes
 - BA2 GNRL dedupe disk comparisons reject source size changes
 - BA2 GNRL writer rejects empty disk source host paths
 - BA2 GNRL writer reports invalid archive paths as invalid arguments
 - BA2 GNRL writer rejects duplicate canonical archive paths at write time
 - BA2 GNRL writer refuses to overwrite existing output when overwrite_existing is false
 - BA2 GNRL writer overwrites existing archives when overwrite_existing is true
 - BA2 GNRL writer preserves pre-existing deterministic temp-name siblings
 - BA2 GNRL writer rejects overwrite targets that are existing directories
 - BA2 GNRL writer reports missing disk sources as I/O errors
 - BA2 GNRL writer accepts explicit Fallout 4 disk archive paths
 - BA2 GNRL writer raw Fallout 4 output reopens with end filename table
 - BA2 GNRL writer resolves non-ASCII UTF-8 output host paths
 - BA2 GNRL writer keeps raw disk hashing byte-stable with memory entries
 - BA2 GNRL writer raw Starfield v2 and v3 defaults reopen through public metadata
 - BA2 GNRL writer preserves Starfield unknown overrides and BA2 record flags
 - BA2 GNRL writer all-compressed policy routes through target compression methods
 - BA2 GNRL writer keeps compressed disk entries byte-stable with memory entries
 - BA2 GNRL writer per-entry raw and compressed overrides affect only raw versus packed state
 - BA2 GNRL writer keeps duplicate payload offsets distinct by default
 - BA2 GNRL writer shares offsets for byte-identical stored payloads when dedupe is enabled
 - BA2 GNRL writer dedupes raw disk sources under non-ASCII host paths
 - BA2 GNRL writer dedupes compressed stored bytes but not raw and compressed source twins

FILE tests/unit/ba2_dx10_metadata_tests.cpp (2 tests)
 - ba2_dx10_metadata exposes dependency-light texture metadata fields
 - ba2_dx10_metadata keeps non-texture entries opt-in

FILE tests/unit/ba2_dx10_parser_tests.cpp (13 tests)
 - ba2_dx10_detector opens generated FO4 texture archive
 - ba2_dx10_detector opens generated Starfield v3 texture archive
 - ba2_dx10_metadata exposes texture chunks from manifest records
 - ba2_dx10_lookup preserves canonical lowercase paths and original spelling
 - ba2_dx10_detector opens sparse archive without reading the payload gap
 - ba2_dx10_detector rejects partially overlapping chunk payload spans
 - ba2_dx10_detector accepts exact duplicate non-empty chunk payload spans
 - ba2_dx10_detector returns format_error for oversized declared filename table offsets
 - ba2_dx10_detector rejects declared file counts above the metadata limit
 - ba2_dx10_detector rejects aggregate texture chunk counts above the metadata limit
 - ba2_dx10 aggregate overflow fixtures are unreachable under record field bounds
 - ba2_dx10_detector rejects record hash mismatches
 - ba2_dx10_layout exposes validated order and rejects contradictory format-defined order

FILE tests/unit/ba2_dx10_extraction_tests.cpp (5 tests)
 - ba2_dx10_extract reconstructs DDS bytes through sink and extract_bytes
 - ba2_dx10_compression routes raw deflate and LZ4 block chunks
 - ba2_dx10_compressed_chunk_fallbacks preserve reconstructed fixture bytes
 - ba2_dx10_directxtex validates reconstructed DDS metadata
 - ba2_dx10_extract detects partial_sink writes after header output

FILE tests/unit/ba2_dx10_writer_tests.cpp (32 tests)
 - BA2 DX10 writer DDS source manifest covers locked formats
 - BA2 DX10 writer DDS source manifest exposes dedicated structural cases
 - BA2 DX10 writer DDS source manifest rejects malformed and unsupported DDS sources
 - BA2 DX10 writer rejects valid non-2D DDS sources
 - BA2 DX10 writer rejects Starfield-only DDS formats for Fallout 4 archives
 - ba2_dx10_writer::add_file accepts a valid DDS source
 - BA2 DX10 writer resolves non-ASCII UTF-8 output host paths
 - BA2 DX10 writer records use canonical stem hash and extension metadata
 - ba2_dx10_writer::add_file rejects an empty DDS host path
 - ba2_dx10_writer::add_file rejects a missing DDS host path with structured error
 - ba2_dx10_writer::add_file rejects malformed DDS bytes
 - ba2_dx10_writer::add_file rejects unsupported DDS formats
 - ba2_dx10_writer::add_file snapshots DDS bytes before later source file changes
 - BA2 DX10 writer state removes snapshot temp directory on teardown
 - BA2 DX10 writer removes snapshot temp directories after successful write while alive
 - BA2 DX10 writer cleans snapshot directories on validation failure and consumes writer
 - BA2 DX10 writer cleans snapshot directories on missing snapshot failure
 - BA2 DX10 writer cleans snapshot directories on truncated snapshot failure and preserves destination bytes
 - BA2 DX10 writer cleans snapshot directories on output failure and preserves primary error
 - BA2 DX10 writer cleans newly reserved snapshot directory when add_file fails
 - BA2 DX10 writer is consumed after successful write attempts
 - ba2_dx10_writer::add_file accepts duplicate canonical archive paths for write-time validation
 - ba2_dx10_writer reopens fo4 deflate compression archives through archive_reader
 - ba2_dx10_writer reopens starfield method 3 raw LZ4 compression archives through archive_reader
 - ba2_dx10_writer reopens starfield method 0 deflate compression archives through archive_reader
 - ba2_dx10_writer preserves multi mip array and cubemap image payload bytes through extraction
 - BA2 DX10 writer keeps duplicate DDS chunk offsets distinct when deduplicate_payloads = false
 - BA2 DX10 writer shares duplicate DDS chunk offsets when deduplicate_payloads = true
 - BA2 DX10 writer refuses to overwrite existing output by default and preserves bytes
 - BA2 DX10 writer preserves caller-owned temp-name sibling files during unique temp publish
 - BA2 DX10 writer rejects non-regular overwrite targets without replacing them
 - BA2 DX10 writer overwrites existing archives when overwrite_existing is true

FILE tests/unit/ba2_dx10_malformed_tests.cpp (1 tests)
 - ba2_dx10_malformed manifest cases fail with stable errors

FILE tests/unit/compatibility_warning_tests.cpp (4 tests)
 - compatibility_warning reports BA2 target family mismatch
 - compatibility_warning reports BSA embedded name compatibility risk
 - compatibility_warning reports compressed sound payloads
 - compatibility_warning behavior covers every public warning code

FILE tests/unit/validation_api_tests.cpp (6 tests)
 - validation_api reports result-level setup errors
 - validation_api caps extractability before reading sparse payload bytes
 - validation_api accepts generated fixture archives
 - validation_api accepts writer-produced archives
 - validation_api reports malformed archives without lenient readers
 - validation_api reports compatibility_matrix malformed rows as validation errors

FILE tests/unit/public_include_boundary_tests.cpp (4 tests)
 - public_include_boundary umbrella header exposes public boundary types
 - public_include_boundary DX10 writer contract exposes no raw override surface
 - public_include_boundary excludes private Phase 2 implementation names
 - public_include_boundary writer execution options stay dependency-light

FILE tests/unit/target_format_policy_tests.cpp (5 tests)
 - target_format_policy package consumer examples have docs and CTest smoke gates
 - target_format_policy guide covers every supported target format and compression route
 - target_format_policy guide documents public compatibility_warning_code values
 - target_format_policy guide documents writer output publication safety
 - target_format_policy guide preserves legal evidence and reference boundaries

