docs/coverage-audit-matrix.md: OK size=22718
docs/compatibility-evidence.md: OK size=5145
tests/CMakeLists.txt: OK size=14705
tests/unit/archive_reader_dispatch_tests.cpp: OK size=13278
tests/unit/tes3_bsa_writer_tests.cpp: OK size=34960
tests/unit/tes4_bsa_writer_tests.cpp: OK size=46060
tests/unit/ba2_gnrl_writer_tests.cpp: OK size=44874
tests/unit/ba2_dx10_writer_tests.cpp: OK size=60328
tests/unit/validation_api_tests.cpp: OK size=16391
tests/unit/coverage_audit_matrix_docs_tests.cpp: OK size=4877
tests/fixtures/README.md: OK size=9963
tests/fixtures/generated/validate_fixture_manifests.py: OK size=13027
tests/fixtures/generated/compatibility_matrix.json: OK size=6717
tests/fixtures/generated/archives/tes3_basic.bsa.manifest.json: MISSING
tests/fixtures/generated/archives/tes4_basic.bsa.manifest.json: MISSING
tests/fixtures/generated/archives/ba2_gnrl_fallout4.ba2.manifest.json: MISSING
tests/fixtures/generated/archives/ba2_dx10_fallout4.ba2.manifest.json: MISSING

Writer/dispatch test case hints:
-- tests/unit/archive_reader_dispatch_tests.cpp (1 cases)
   TEST_CASE("reader_backend_dispatch preserves reader operations across representative backends",
-- tests/unit/tes3_bsa_writer_tests.cpp (20 cases)
   TEST_CASE("tes3_bsa_writer committed fixture manifest records canonical writer evidence",
   TEST_CASE("tes3_bsa_writer emits byte-accurate raw TES3 tables in hash order", "[unit][tes3_bsa_writer]")
   TEST_CASE("tes3_bsa_writer output reopens through reader lookup and extraction APIs", "[unit][tes3_bsa_writer]")
   TEST_CASE("tes3_bsa_writer copies memory entries into writer-owned state", "[unit][tes3_bsa_writer]")
   TEST_CASE("tes3_bsa_writer reports missing disk sources from write_to", "[unit][tes3_bsa_writer]")
   TEST_CASE("tes3_bsa_writer rejects invalid archive paths", "[unit][tes3_bsa_writer]")
   TEST_CASE("tes3_bsa_writer rejects archive paths containing NUL bytes", "[unit][tes3_bsa_writer]")
   TEST_CASE("tes3_bsa_writer rejects source host paths containing NUL bytes", "[unit][tes3_bsa_writer]")
   TEST_CASE("tes3_bsa_writer rejects output host paths containing NUL bytes", "[unit][tes3_bsa_writer]")
   TEST_CASE("tes3_bsa_writer rejects duplicate canonical archive paths at write time", "[unit][tes3_bsa_writer]")
   TEST_CASE("tes3_bsa_writer rejects empty archives", "[unit][tes3_bsa_writer]")
   TEST_CASE("tes3_bsa_writer refuses overwrite by default and preserves existing bytes", "[unit][tes3_bsa_writer]")
-- tests/unit/tes4_bsa_writer_tests.cpp (25 cases)
   TEST_CASE("TES4 BSA writer raw output reopens for every target profile", "[unit][tes4_bsa_writer]")
   TEST_CASE("TES4 BSA writer resolves non-ASCII UTF-8 output host paths", "[unit][tes4_bsa_writer]")
   TEST_CASE("TES4 BSA writer serializes derived file flags and hash-sorted tables", "[unit][tes4_bsa_writer]")
   TEST_CASE("TES4 BSA writer copies memory entries into writer-owned state", "[unit][tes4_bsa_writer]")
   TEST_CASE("TES4 BSA writer rejects duplicate canonical archive paths at write time", "[unit][tes4_bsa_writer]")
   TEST_CASE("TES4 BSA writer groups mixed-case folder spellings by canonical path", "[unit][tes4_bsa_writer]")
   TEST_CASE("TES4 BSA writer reports invalid archive paths as invalid arguments", "[unit][tes4_bsa_writer]")
   TEST_CASE("TES4 BSA writer refuses to overwrite existing output when overwrite_existing is false",
   TEST_CASE("TES4 BSA writer reports missing disk sources as I/O errors", "[unit][tes4_bsa_writer]")
   TEST_CASE("TES4 BSA writer requires explicit archive paths for disk entries", "[unit][tes4_bsa_writer]")
   TEST_CASE("TES4 BSA writer gates parseable DDS texture formats by target profile",
   TEST_CASE("TES4 BSA writer compresses inherited entries and preserves raw overrides under all-compressed policy",
-- tests/unit/ba2_gnrl_writer_tests.cpp (23 cases)
     TEST_CASE("BA2 GNRL disk payload streaming rejects source size changes",
     TEST_CASE("BA2 GNRL dedupe disk comparisons reject source size changes",
   TEST_CASE("BA2 GNRL writer rejects empty disk source host paths", "[unit][ba2_gnrl_writer]")
   TEST_CASE("BA2 GNRL writer reports invalid archive paths as invalid arguments", "[unit][ba2_gnrl_writer]")
   TEST_CASE("BA2 GNRL writer rejects duplicate canonical archive paths at write time", "[unit][ba2_gnrl_writer]")
   TEST_CASE("BA2 GNRL writer refuses to overwrite existing output when overwrite_existing is false",
   TEST_CASE("BA2 GNRL writer overwrites existing archives when overwrite_existing is true",
   TEST_CASE("BA2 GNRL writer preserves pre-existing deterministic temp-name siblings",
   TEST_CASE("BA2 GNRL writer rejects overwrite targets that are existing directories",
   TEST_CASE("BA2 GNRL writer reports missing disk sources as I/O errors", "[unit][ba2_gnrl_writer]")
   TEST_CASE("BA2 GNRL writer accepts explicit Fallout 4 disk archive paths", "[unit][ba2_gnrl_writer]")
   TEST_CASE("BA2 GNRL writer raw Fallout 4 output reopens with end filename table", "[unit][ba2_gnrl_writer]")
-- tests/unit/ba2_dx10_writer_tests.cpp (32 cases)
   TEST_CASE("BA2 DX10 writer DDS source manifest covers locked formats", "[unit][fixture][ba2_dx10_writer][dds]")
   TEST_CASE("BA2 DX10 writer DDS source manifest exposes dedicated structural cases", "[unit][fixture][ba2_dx10_writer][dds]")
   TEST_CASE("BA2 DX10 writer DDS source manifest rejects malformed and unsupported DDS sources", "[unit][fixture][ba2_dx10_writer][dds]")
   TEST_CASE("BA2 DX10 writer rejects valid non-2D DDS sources", "[unit][ba2_dx10_writer][add]")
   TEST_CASE("BA2 DX10 writer rejects Starfield-only DDS formats for Fallout 4 archives", "[unit][ba2_dx10_writer][add]")
   TEST_CASE("ba2_dx10_writer::add_file accepts a valid DDS source", "[unit][ba2_dx10_writer][add]")
   TEST_CASE("BA2 DX10 writer resolves non-ASCII UTF-8 output host paths", "[unit][ba2_dx10_writer]")
   TEST_CASE("BA2 DX10 writer records use canonical stem hash and extension metadata",
   TEST_CASE("ba2_dx10_writer::add_file rejects an empty DDS host path", "[unit][ba2_dx10_writer][add]")
   TEST_CASE("ba2_dx10_writer::add_file rejects a missing DDS host path with structured error", "[unit][ba2_dx10_writer][add]")
   TEST_CASE("ba2_dx10_writer::add_file rejects malformed DDS bytes", "[unit][ba2_dx10_writer][add]")
   TEST_CASE("ba2_dx10_writer::add_file rejects unsupported DDS formats", "[unit][ba2_dx10_writer][add]")
-- tests/unit/validation_api_tests.cpp (6 cases)
   TEST_CASE("validation_api reports result-level setup errors", "[unit][validation_api]")
   TEST_CASE("validation_api caps extractability before reading sparse payload bytes",
   TEST_CASE("validation_api accepts generated fixture archives", "[unit][fixture][validation_api]")
   TEST_CASE("validation_api accepts writer-produced archives", "[unit][roundtrip][validation_api]")
   TEST_CASE("validation_api reports malformed archives without lenient readers", "[unit][fixture][malformed][validation_api]")
   TEST_CASE("validation_api reports compatibility_matrix malformed rows as validation errors",
-- tests/unit/coverage_audit_matrix_docs_tests.cpp (7 cases)
   TEST_CASE("coverage_audit_matrix lists every current archive family", "[unit][coverage_audit_matrix][docs_policy]")
   TEST_CASE("coverage_audit_matrix preserves every required support axis", "[unit][coverage_audit_matrix][docs_policy]")
   TEST_CASE("coverage_audit_matrix preserves status vocabulary and ranked gaps", "[unit][coverage_audit_matrix][docs_policy]")
   TEST_CASE("coverage_audit_matrix separates advisory local evidence from default proof",
   TEST_CASE("coverage_audit_matrix names compatibility matrix as malformed submatrix only",
   TEST_CASE("coverage_audit_matrix stays free of internal planning identifiers",
   TEST_CASE("coverage_audit_matrix is discoverable from compatibility evidence catalog",
