MSBuild version 18.6.3+84d3e95b4 for .NET Framework

C:\Program Files (x86)\Microsoft Visual Studio\18\BuildTools\MSBuild\Microsoft\VC\v180\Microsoft.CppBuild.targets(561,5): warning MSB8029: The Intermediate directory or Output directory cannot reside under the Temporary directory as it could lead to issues with incremental build. [J:\libbsa\build\windows-msvc-debug-static\ZERO_CHECK.vcxproj]
  1>Checking Build System
C:\Program Files (x86)\Microsoft Visual Studio\18\BuildTools\MSBuild\Microsoft\VC\v180\Microsoft.CppBuild.targets(561,5): warning MSB8029: The Intermediate directory or Output directory cannot reside under the Temporary directory as it could lead to issues with incremental build. [J:\libbsa\build\windows-msvc-debug-static\libbsa.vcxproj]
  Building Custom Rule J:/libbsa/CMakeLists.txt
  Scanning sources for module dependencies...
  parallel_work.cpp
  host_file.cpp
  payload_stream.cpp
  ba2_format_detector.cpp
  compression_router.cpp
  archive_path.cpp
  deflate_codec.cpp
  binary_io.cpp
  lz4_block_codec.cpp
  writer_publish.cpp
  parser_primitives.cpp
  validation.cpp
  lz4_frame_codec.cpp
  archive.cpp
  host_file_path.cpp
  bethesda_hash.cpp
  ba2_dx10_names.cpp
  ba2_dx10_parser.cpp
  ba2_dx10_records.cpp
  ba2_dx10_chunk_assembler.cpp
  ba2_dx10_prepare.cpp
  ba2_dx10_reader.cpp
  ba2_dx10_snapshot_builder.cpp
  ba2_dx10_serialize.cpp
  ba2_dx10_layout.cpp
  ba2_dx10_writer.cpp
  ba2_gnrl_layout.cpp
  ba2_gnrl_serialize.cpp
  ba2_gnrl_writer.cpp
  ba2_gnrl_parser.cpp
  ba2_gnrl_reader.cpp
  ba2_gnrl_prepare.cpp
  bsa_format_detector.cpp
  tes3_bsa_layout.cpp
  tes3_bsa_parser.cpp
  tes3_bsa_reader.cpp
  tes3_bsa_prepare.cpp
  tes3_bsa_serialize.cpp
  tes4_bsa_payload_descriptor.cpp
  tes3_bsa_writer.cpp
  tes4_bsa_parser.cpp
  tes4_bsa_table.cpp
  tes4_bsa_prepare.cpp
  tes4_bsa_writer.cpp
  tes4_bsa_serialize.cpp
  tes4_bsa_reader.cpp
  tes4_bsa_layout.cpp
  dds_layout.cpp
  directxtex_analyzer.cpp
  libbsa.cpp
  Compiling...
  lz4_block_codec.cpp
  validation.cpp
  host_file_path.cpp
  archive_path.cpp
  archive.cpp
  binary_io.cpp
  compression_router.cpp
  bethesda_hash.cpp
  writer_publish.cpp
  deflate_codec.cpp
  payload_stream.cpp
  lz4_frame_codec.cpp
  ba2_format_detector.cpp
  host_file.cpp
  parallel_work.cpp
  parser_primitives.cpp
  ba2_dx10_records.cpp
  ba2_dx10_names.cpp
  ba2_dx10_parser.cpp
  ba2_dx10_reader.cpp
  ba2_dx10_chunk_assembler.cpp
  ba2_gnrl_prepare.cpp
  bsa_format_detector.cpp
  ba2_dx10_snapshot_builder.cpp
  ba2_dx10_serialize.cpp
  ba2_gnrl_reader.cpp
  ba2_dx10_writer.cpp
  ba2_gnrl_parser.cpp
  ba2_gnrl_layout.cpp
  ba2_dx10_prepare.cpp
  ba2_gnrl_serialize.cpp
  ba2_gnrl_writer.cpp
  ba2_dx10_layout.cpp
  tes3_bsa_parser.cpp
  tes3_bsa_reader.cpp
  tes3_bsa_prepare.cpp
  tes3_bsa_serialize.cpp
  tes3_bsa_layout.cpp
  tes3_bsa_writer.cpp
  tes4_bsa_parser.cpp
  tes4_bsa_payload_descriptor.cpp
  tes4_bsa_reader.cpp
  tes4_bsa_table.cpp
  tes4_bsa_prepare.cpp
  dds_layout.cpp
  tes4_bsa_layout.cpp
  tes4_bsa_writer.cpp
  directxtex_analyzer.cpp
  tes4_bsa_serialize.cpp
  libbsa.cpp
  libbsa.vcxproj -> J:\libbsa\build\windows-msvc-debug-static\Debug\libbsa.lib
C:\Program Files (x86)\Microsoft Visual Studio\18\BuildTools\MSBuild\Microsoft\VC\v180\Microsoft.CppBuild.targets(561,5): warning MSB8029: The Intermediate directory or Output directory cannot reside under the Temporary directory as it could lead to issues with incremental build. [J:\libbsa\build\windows-msvc-debug-static\tests\libbsa_tests.vcxproj]
  Scanning sources for module dependencies...
  bsa_writer_execution_tests.cpp
  writer_stage_tests.cpp
  archive_reader_dispatch_tests.cpp
  archive_reader_tests.cpp
  result_tests.cpp
  bulk_extraction_tests.cpp
  writer_ownership_tests.cpp
  docs_policy_tests.cpp
  bounded_memory_policy_tests.cpp
  archive_reader_dispatch_policy_tests.cpp
  thread_safety_docs_policy_tests.cpp
  coverage_audit_matrix_docs_tests.cpp
  target_format_policy_tests.cpp
  benchmark_policy_tests.cpp
  writer_execution_options_tests.cpp
  ba2_writer_execution_tests.cpp
  ba2_gnrl_writer_tests.cpp
  ba2_dx10_preparer_seam_tests.cpp
  parser_preparer_seam_policy_tests.cpp
  tes4_bsa_writer_tests.cpp
  tes4_bsa_parser_seam_tests.cpp
  tes3_bsa_writer_tests.cpp
  writer_publish_tests.cpp
  writer_hotspot_policy_tests.cpp
  tes4_bsa_reader_tests.cpp
  ba2_dx10_metadata_tests.cpp
  ba2_dx10_extraction_tests.cpp
  tes3_bsa_reader_tests.cpp
  ba2_dx10_parser_tests.cpp
  dds_layout_tests.cpp
  ba2_gnrl_reader_tests.cpp
  ba2_dx10_writer_tests.cpp
  ba2_dx10_malformed_tests.cpp
  local_game_fixture_tests.cpp
  public_include_boundary_tests.cpp
  validation_policy_tests.cpp
  compatibility_matrix_tests.cpp
  host_file_tests.cpp
  archive_path_tests.cpp
  compatibility_warning_tests.cpp
  parser_primitives_tests.cpp
  lz4_codec_tests.cpp
  export_surface_policy_tests.cpp
  deflate_codec_tests.cpp
  compression_router_tests.cpp
  binary_io_tests.cpp
  payload_stream_tests.cpp
  validation_api_tests.cpp
  host_file_path_tests.cpp
  host_path_correctness_boundary_tests.cpp
  host_file_writer_name_tests.cpp
  bethesda_hash_tests.cpp
  Compiling...
  ba2_writer_execution_tests.cpp
  archive_reader_tests.cpp
  result_tests.cpp
  writer_stage_tests.cpp
  archive_reader_dispatch_tests.cpp
  coverage_audit_matrix_docs_tests.cpp
  archive_reader_dispatch_policy_tests.cpp
  bulk_extraction_tests.cpp
  bounded_memory_policy_tests.cpp
  writer_execution_options_tests.cpp
  bsa_writer_execution_tests.cpp
  writer_ownership_tests.cpp
  benchmark_policy_tests.cpp
  docs_policy_tests.cpp
  target_format_policy_tests.cpp
  thread_safety_docs_policy_tests.cpp
  ba2_gnrl_writer_tests.cpp
  writer_publish_tests.cpp
  tes3_bsa_writer_tests.cpp
  ba2_dx10_preparer_seam_tests.cpp
  tes3_bsa_reader_tests.cpp
  ba2_dx10_metadata_tests.cpp
  writer_hotspot_policy_tests.cpp
  tes4_bsa_reader_tests.cpp
  parser_preparer_seam_policy_tests.cpp
  tes4_bsa_writer_tests.cpp
  ba2_dx10_writer_tests.cpp
  dds_layout_tests.cpp
  ba2_dx10_parser_tests.cpp
  tes4_bsa_parser_seam_tests.cpp
  ba2_gnrl_reader_tests.cpp
  ba2_dx10_extraction_tests.cpp
  ba2_dx10_malformed_tests.cpp
  public_include_boundary_tests.cpp
  local_game_fixture_tests.cpp
  validation_policy_tests.cpp
  validation_api_tests.cpp
  binary_io_tests.cpp
  compatibility_warning_tests.cpp
  export_surface_policy_tests.cpp
  parser_primitives_tests.cpp
  compatibility_matrix_tests.cpp
  lz4_codec_tests.cpp
  payload_stream_tests.cpp
  compression_router_tests.cpp
  archive_path_tests.cpp
  host_file_tests.cpp
  deflate_codec_tests.cpp
  host_file_writer_name_tests.cpp
  host_file_path_tests.cpp
  host_path_correctness_boundary_tests.cpp
  bethesda_hash_tests.cpp
  libbsa_tests.vcxproj -> J:\libbsa\build\windows-msvc-debug-static\tests\Debug\libbsa_tests.exe
