tests/unit\ba2_writer_execution_tests.cpp:243:TEST_CASE("ba2_writer_execution GNRL worker_count preserves Fallout 4 deflate output",
tests/unit\ba2_writer_execution_tests.cpp:279:TEST_CASE("ba2_writer_execution GNRL worker_count preserves starfield v3 raw LZ4 output",
tests/unit\ba2_writer_execution_tests.cpp:314:TEST_CASE("ba2_writer_execution DX10 worker_count preserves Fallout 4 deflate texture output",
tests/unit\ba2_writer_execution_tests.cpp:347:TEST_CASE("ba2_writer_execution DX10 worker_count preserves starfield v3 raw LZ4 texture output",
tests/unit\ba2_writer_execution_tests.cpp:380:TEST_CASE("ba2_writer_execution missing GNRL disk source with worker_count preserves existing sentinel",
tests/unit\ba2_writer_execution_tests.cpp:405:TEST_CASE("ba2_writer_execution missing GNRL disk source with worker_count leaves no partial output",
tests/unit\ba2_writer_execution_tests.cpp:428:TEST_CASE("ba2_writer_execution duplicate DX10 canonical paths return format_error without partial output",
tests/unit\ba2_gnrl_writer_tests.cpp:116:  TEST_CASE("BA2 GNRL disk payload streaming rejects source size changes",
tests/unit\ba2_gnrl_writer_tests.cpp:167:  TEST_CASE("BA2 GNRL dedupe disk comparisons reject source size changes",
tests/unit\ba2_gnrl_writer_tests.cpp:457:TEST_CASE("BA2 GNRL writer rejects empty disk source host paths", "[unit][ba2_gnrl_writer]")
tests/unit\ba2_gnrl_writer_tests.cpp:467:TEST_CASE("BA2 GNRL writer reports invalid archive paths as invalid arguments", "[unit][ba2_gnrl_writer]")
tests/unit\ba2_gnrl_writer_tests.cpp:480:TEST_CASE("BA2 GNRL writer rejects duplicate canonical archive paths at write time", "[unit][ba2_gnrl_writer]")
tests/unit\ba2_gnrl_writer_tests.cpp:493:TEST_CASE("BA2 GNRL writer refuses to overwrite existing output when overwrite_existing is false",
tests/unit\ba2_gnrl_writer_tests.cpp:511:TEST_CASE("BA2 GNRL writer overwrites existing archives when overwrite_existing is true",
tests/unit\ba2_gnrl_writer_tests.cpp:534:TEST_CASE("BA2 GNRL writer preserves pre-existing deterministic temp-name siblings",
tests/unit\ba2_gnrl_writer_tests.cpp:552:TEST_CASE("BA2 GNRL writer rejects overwrite targets that are existing directories",
tests/unit\ba2_gnrl_writer_tests.cpp:570:TEST_CASE("BA2 GNRL writer reports missing disk sources as I/O errors", "[unit][ba2_gnrl_writer]")
tests/unit\ba2_gnrl_writer_tests.cpp:585:TEST_CASE("BA2 GNRL writer accepts explicit Fallout 4 disk archive paths", "[unit][ba2_gnrl_writer]")
tests/unit\ba2_gnrl_writer_tests.cpp:597:TEST_CASE("BA2 GNRL writer raw Fallout 4 output reopens with end filename table", "[unit][ba2_gnrl_writer]")
tests/unit\ba2_gnrl_writer_tests.cpp:627:TEST_CASE("BA2 GNRL writer resolves non-ASCII UTF-8 output host paths", "[unit][ba2_gnrl_writer]")
tests/unit\ba2_gnrl_writer_tests.cpp:643:TEST_CASE("BA2 GNRL writer keeps raw disk hashing byte-stable with memory entries",
tests/unit\ba2_gnrl_writer_tests.cpp:664:TEST_CASE("BA2 GNRL writer raw Starfield v2 and v3 defaults reopen through public metadata",
tests/unit\ba2_gnrl_writer_tests.cpp:692:TEST_CASE("BA2 GNRL writer preserves Starfield unknown overrides and BA2 record flags",
tests/unit\ba2_gnrl_writer_tests.cpp:727:TEST_CASE("BA2 GNRL writer all-compressed policy routes through target compression methods",
tests/unit\ba2_gnrl_writer_tests.cpp:775:TEST_CASE("BA2 GNRL writer keeps compressed disk entries byte-stable with memory entries",
tests/unit\ba2_gnrl_writer_tests.cpp:809:TEST_CASE("BA2 GNRL writer per-entry raw and compressed overrides affect only raw versus packed state",
tests/unit\ba2_gnrl_writer_tests.cpp:861:TEST_CASE("BA2 GNRL writer keeps duplicate payload offsets distinct by default", "[unit][ba2_gnrl_writer]")
tests/unit\ba2_gnrl_writer_tests.cpp:888:TEST_CASE("BA2 GNRL writer shares offsets for byte-identical stored payloads when dedupe is enabled",
tests/unit\ba2_gnrl_writer_tests.cpp:919:TEST_CASE("BA2 GNRL writer dedupes raw disk sources under non-ASCII host paths",
tests/unit\ba2_gnrl_writer_tests.cpp:950:TEST_CASE("BA2 GNRL writer dedupes compressed stored bytes but not raw and compressed source twins",
tests/unit\ba2_gnrl_reader_tests.cpp:307:TEST_CASE("ba2_gnrl_detector opens Fallout 4 GNRL metadata without Starfield fields",
tests/unit\ba2_gnrl_reader_tests.cpp:323:TEST_CASE("ba2_gnrl_detector opens Starfield v2 GNRL metadata with version-gated unknowns",
tests/unit\ba2_gnrl_reader_tests.cpp:339:TEST_CASE("ba2_gnrl_detector opens Starfield v3 GNRL metadata with compression method",
tests/unit\ba2_gnrl_reader_tests.cpp:355:TEST_CASE("ba2_gnrl_detector rejects Phase 5 unsupported BA2 profiles with stable errors",
tests/unit\ba2_gnrl_reader_tests.cpp:375:TEST_CASE("ba2_gnrl_bounded_open opens sparse large-payload archives without reading payload bytes",
tests/unit\ba2_gnrl_reader_tests.cpp:436:TEST_CASE("ba2_gnrl_end_table opens archives with payloads before the filename table",
tests/unit\ba2_gnrl_reader_tests.cpp:505:TEST_CASE("ba2_gnrl_detector rejects unrepresentable high filename table ranges before materialization",
tests/unit\ba2_gnrl_reader_tests.cpp:557:TEST_CASE("ba2_gnrl_detector rejects non-empty payload spans in fixed metadata",
tests/unit\ba2_gnrl_reader_tests.cpp:607:TEST_CASE("ba2_gnrl_detector rejects partially overlapping payload spans",
tests/unit\ba2_gnrl_reader_tests.cpp:638:TEST_CASE("ba2_gnrl_detector accepts exact duplicate non-empty payload spans",
tests/unit\ba2_gnrl_reader_tests.cpp:677:TEST_CASE("ba2_gnrl_detector rejects record hash mismatches",
tests/unit\ba2_gnrl_reader_tests.cpp:748:TEST_CASE("ba2_gnrl_detector returns format_error for oversized declared record tables",
tests/unit\ba2_gnrl_reader_tests.cpp:776:TEST_CASE("ba2_gnrl_detector rejects declared file counts above the metadata limit",
tests/unit\ba2_gnrl_reader_tests.cpp:811:TEST_CASE("ba2_gnrl_metadata lists manifest-backed records from filename tables",
tests/unit\ba2_gnrl_reader_tests.cpp:864:TEST_CASE("ba2_gnrl_lookup normalizes variants and reports stable missing-path behavior",
tests/unit\ba2_gnrl_reader_tests.cpp:912:TEST_CASE("ba2_gnrl_extract streams manifest bytes and extract_bytes matches", "[unit][fixture][ba2_gnrl_extract]")
tests/unit\ba2_gnrl_reader_tests.cpp:953:TEST_CASE("ba2_gnrl_compressed_fallbacks preserve fixture bytes",
tests/unit\ba2_gnrl_reader_tests.cpp:987:TEST_CASE("ba2_gnrl_extract helper routes by metadata and detects partial_sink writes",
tests/unit\ba2_gnrl_reader_tests.cpp:1028:TEST_CASE("ba2_gnrl_malformed manifest cases fail with stable error codes",
tests/unit\ba2_dx10_writer_tests.cpp:595:TEST_CASE("BA2 DX10 writer DDS source manifest covers locked formats", "[unit][fixture][ba2_dx10_writer][dds]")
tests/unit\ba2_dx10_writer_tests.cpp:615:TEST_CASE("BA2 DX10 writer DDS source manifest exposes dedicated structural cases", "[unit][fixture][ba2_dx10_writer][dds]")
tests/unit\ba2_dx10_writer_tests.cpp:673:TEST_CASE("BA2 DX10 writer DDS source manifest rejects malformed and unsupported DDS sources", "[unit][fixture][ba2_dx10_writer][dds]")
tests/unit\ba2_dx10_writer_tests.cpp:687:TEST_CASE("BA2 DX10 writer rejects valid non-2D DDS sources", "[unit][ba2_dx10_writer][add]")
tests/unit\ba2_dx10_writer_tests.cpp:712:TEST_CASE("BA2 DX10 writer rejects Starfield-only DDS formats for Fallout 4 archives", "[unit][ba2_dx10_writer][add]")
tests/unit\ba2_dx10_writer_tests.cpp:738:TEST_CASE("ba2_dx10_writer::add_file accepts a valid DDS source", "[unit][ba2_dx10_writer][add]")
tests/unit\ba2_dx10_writer_tests.cpp:750:TEST_CASE("BA2 DX10 writer resolves non-ASCII UTF-8 output host paths", "[unit][ba2_dx10_writer]")
tests/unit\ba2_dx10_writer_tests.cpp:767:TEST_CASE("BA2 DX10 writer records use canonical stem hash and extension metadata",
tests/unit\ba2_dx10_writer_tests.cpp:790:TEST_CASE("ba2_dx10_writer::add_file rejects an empty DDS host path", "[unit][ba2_dx10_writer][add]")
tests/unit\ba2_dx10_writer_tests.cpp:800:TEST_CASE("ba2_dx10_writer::add_file rejects a missing DDS host path with structured error", "[unit][ba2_dx10_writer][add]")
tests/unit\ba2_dx10_writer_tests.cpp:812:TEST_CASE("ba2_dx10_writer::add_file rejects malformed DDS bytes", "[unit][ba2_dx10_writer][add]")
tests/unit\ba2_dx10_writer_tests.cpp:824:TEST_CASE("ba2_dx10_writer::add_file rejects unsupported DDS formats", "[unit][ba2_dx10_writer][add]")
tests/unit\ba2_dx10_writer_tests.cpp:836:TEST_CASE("ba2_dx10_writer::add_file snapshots DDS bytes before later source file changes",
tests/unit\ba2_dx10_writer_tests.cpp:866:TEST_CASE("BA2 DX10 writer state removes snapshot temp directory on teardown",
tests/unit\ba2_dx10_writer_tests.cpp:908:TEST_CASE("BA2 DX10 writer removes snapshot temp directories after successful write while alive",
tests/unit\ba2_dx10_writer_tests.cpp:929:TEST_CASE("BA2 DX10 writer cleans snapshot directories on validation failure and consumes writer",
tests/unit\ba2_dx10_writer_tests.cpp:956:TEST_CASE("BA2 DX10 writer cleans snapshot directories on missing snapshot failure",
tests/unit\ba2_dx10_writer_tests.cpp:977:TEST_CASE("BA2 DX10 writer cleans snapshot directories on truncated snapshot failure and preserves destination bytes",
tests/unit\ba2_dx10_writer_tests.cpp:1003:TEST_CASE("BA2 DX10 writer cleans snapshot directories on output failure and preserves primary error",
tests/unit\ba2_dx10_writer_tests.cpp:1028:TEST_CASE("BA2 DX10 writer cleans newly reserved snapshot directory when add_file fails",
tests/unit\ba2_dx10_writer_tests.cpp:1044:TEST_CASE("BA2 DX10 writer is consumed after successful write attempts",
tests/unit\ba2_dx10_writer_tests.cpp:1063:TEST_CASE("ba2_dx10_writer::add_file accepts duplicate canonical archive paths for write-time validation",
tests/unit\ba2_dx10_writer_tests.cpp:1078:TEST_CASE("ba2_dx10_writer reopens fo4 deflate compression archives through archive_reader",
tests/unit\ba2_dx10_writer_tests.cpp:1085:TEST_CASE("ba2_dx10_writer reopens starfield method 3 raw LZ4 compression archives through archive_reader",
tests/unit\ba2_dx10_writer_tests.cpp:1095:TEST_CASE("ba2_dx10_writer reopens starfield method 0 deflate compression archives through archive_reader",
tests/unit\ba2_dx10_writer_tests.cpp:1105:TEST_CASE("ba2_dx10_writer preserves multi mip array and cubemap image payload bytes through extraction",
tests/unit\ba2_dx10_writer_tests.cpp:1111:TEST_CASE("BA2 DX10 writer keeps duplicate DDS chunk offsets distinct when deduplicate_payloads = false",
tests/unit\ba2_dx10_writer_tests.cpp:1145:TEST_CASE("BA2 DX10 writer shares duplicate DDS chunk offsets when deduplicate_payloads = true",
tests/unit\ba2_dx10_writer_tests.cpp:1180:TEST_CASE("BA2 DX10 writer refuses to overwrite existing output by default and preserves bytes",
tests/unit\ba2_dx10_writer_tests.cpp:1201:TEST_CASE("BA2 DX10 writer preserves caller-owned temp-name sibling files during unique temp publish",
tests/unit\ba2_dx10_writer_tests.cpp:1224:TEST_CASE("BA2 DX10 writer rejects non-regular overwrite targets without replacing them",
tests/unit\ba2_dx10_writer_tests.cpp:1247:TEST_CASE("BA2 DX10 writer overwrites existing archives when overwrite_existing is true",
tests/unit\ba2_dx10_preparer_seam_tests.cpp:156:TEST_CASE("BA2 DX10 snapshot builder preserves add-time snapshot immutability and target validation",
tests/unit\ba2_dx10_preparer_seam_tests.cpp:197:TEST_CASE("BA2 DX10 chunk assembler streams snapshot-backed chunk assembly in texture order",
tests/unit\ba2_dx10_preparer_seam_tests.cpp:239:TEST_CASE("BA2 DX10 chunk assembler fails on missing or truncated snapshot bytes before publish-visible output changes",
tests/unit\ba2_dx10_preparer_seam_tests.cpp:277:TEST_CASE("BA2 DX10 chunk assembler preserves Fallout 4 and Starfield v3 compression routing",
tests/unit\ba2_dx10_parser_tests.cpp:447:TEST_CASE("ba2_dx10_detector opens generated FO4 texture archive", "[unit][fixture][ba2_dx10_detector]")
tests/unit\ba2_dx10_parser_tests.cpp:462:TEST_CASE("ba2_dx10_detector opens generated Starfield v3 texture archive", "[unit][fixture][ba2_dx10_detector]")
tests/unit\ba2_dx10_parser_tests.cpp:476:TEST_CASE("ba2_dx10_metadata exposes texture chunks from manifest records", "[unit][fixture][ba2_dx10_metadata]")
tests/unit\ba2_dx10_parser_tests.cpp:519:TEST_CASE("ba2_dx10_lookup preserves canonical lowercase paths and original spelling", "[unit][fixture][ba2_dx10_detector]")
tests/unit\ba2_dx10_parser_tests.cpp:545:TEST_CASE("ba2_dx10_detector opens sparse archive without reading the payload gap",
tests/unit\ba2_dx10_parser_tests.cpp:569:TEST_CASE("ba2_dx10_detector rejects partially overlapping chunk payload spans",
tests/unit\ba2_dx10_parser_tests.cpp:599:TEST_CASE("ba2_dx10_detector accepts exact duplicate non-empty chunk payload spans",
tests/unit\ba2_dx10_parser_tests.cpp:648:TEST_CASE("ba2_dx10_detector returns format_error for oversized declared filename table offsets",
tests/unit\ba2_dx10_parser_tests.cpp:674:TEST_CASE("ba2_dx10_detector rejects declared file counts above the metadata limit",
tests/unit\ba2_dx10_parser_tests.cpp:710:TEST_CASE("ba2_dx10_detector rejects aggregate texture chunk counts above the metadata limit",
tests/unit\ba2_dx10_parser_tests.cpp:754:TEST_CASE("ba2_dx10 aggregate overflow fixtures are unreachable under record field bounds",
tests/unit\ba2_dx10_parser_tests.cpp:769:TEST_CASE("ba2_dx10_detector rejects record hash mismatches",
tests/unit\ba2_dx10_parser_tests.cpp:846:TEST_CASE("ba2_dx10_layout exposes validated order and rejects contradictory format-defined order",
tests/unit\ba2_dx10_metadata_tests.cpp:9:TEST_CASE("ba2_dx10_metadata exposes dependency-light texture metadata fields",
tests/unit\ba2_dx10_metadata_tests.cpp:52:TEST_CASE("ba2_dx10_metadata keeps non-texture entries opt-in", "[unit][fixture][ba2_dx10_metadata]")
tests/unit\ba2_dx10_malformed_tests.cpp:65:TEST_CASE("ba2_dx10_malformed manifest cases fail with stable errors",
tests/unit\writer_stage_tests.cpp:197:TEST_CASE("tes3 writer preparation stage prepares and sorts minimal memory entries",
tests/unit\writer_stage_tests.cpp:215:TEST_CASE("tes3 writer preparation stage reports malformed disk entries",
tests/unit\writer_stage_tests.cpp:230:TEST_CASE("tes3 writer layout stage assigns raw offsets and rejects oversized spans",
tests/unit\writer_stage_tests.cpp:251:TEST_CASE("ba2 gnrl writer preparation stage prepares minimal memory entries",
tests/unit\writer_stage_tests.cpp:275:TEST_CASE("ba2 gnrl writer layout stage toggles duplicate payload reuse",
tests/unit\writer_stage_tests.cpp:305:TEST_CASE("ba2 gnrl writer layout stage compares prepared payload bytes",
tests/unit\writer_stage_tests.cpp:331:TEST_CASE("tes4 writer preparation stage prepares minimal memory folders",
tests/unit\writer_stage_tests.cpp:367:TEST_CASE("tes4 writer layout stage toggles duplicate payload reuse",
tests/unit\writer_stage_tests.cpp:402:TEST_CASE("tes4 writer layout stage compares raw disk and memory payloads",
tests/unit\writer_stage_tests.cpp:424:TEST_CASE("tes4 writer serialization stage rejects raw disk source size changes",
tests/unit\writer_stage_tests.cpp:480:TEST_CASE("ba2 dx10 writer preparation stage prepares a single-mip chunk",
tests/unit\writer_stage_tests.cpp:501:TEST_CASE("ba2 dx10 writer preparation stage preserves multi-mip snapshot chunk order",
tests/unit\writer_stage_tests.cpp:538:TEST_CASE("ba2 dx10 writer preparation stage rejects truncated snapshots before publishing output",
tests/unit\writer_stage_tests.cpp:563:TEST_CASE("ba2 dx10 writer preparation stage prepares multi-mip and cubemap entries",
tests/unit\writer_stage_tests.cpp:591:TEST_CASE("ba2 dx10 writer layout stage toggles duplicate chunk reuse",
tests/unit\ba2_dx10_extraction_tests.cpp:159:TEST_CASE("ba2_dx10_extract reconstructs DDS bytes through sink and extract_bytes", "[unit][fixture][ba2_dx10_extract]")
tests/unit\ba2_dx10_extraction_tests.cpp:184:TEST_CASE("ba2_dx10_compression routes raw deflate and LZ4 block chunks", "[unit][fixture][ba2_dx10_compression]")
tests/unit\ba2_dx10_extraction_tests.cpp:217:TEST_CASE("ba2_dx10_compressed_chunk_fallbacks preserve reconstructed fixture bytes",
tests/unit\ba2_dx10_extraction_tests.cpp:256:TEST_CASE("ba2_dx10_directxtex validates reconstructed DDS metadata", "[unit][fixture][ba2_dx10_directxtex]")
tests/unit\ba2_dx10_extraction_tests.cpp:273:TEST_CASE("ba2_dx10_extract detects partial_sink writes after header output", "[unit][fixture][ba2_dx10_extract]")
tests/unit\writer_publish_tests.cpp:137:TEST_CASE("writer_publish reserves isolated temp directories and cleans them after success",
tests/unit\writer_publish_tests.cpp:161:TEST_CASE("writer_publish refuses an existing destination before writing when overwrite is disabled",
tests/unit\writer_publish_tests.cpp:182:TEST_CASE("writer_publish no-overwrite publication preserves a raced destination and cleans temp output",
tests/unit\writer_publish_tests.cpp:206:TEST_CASE("writer_publish overwrites existing regular archives through the atomic replacement path",
tests/unit\writer_publish_tests.cpp:224:TEST_CASE("writer_publish preserves read-only overwrite targets when replacement is denied",
tests/unit\writer_publish_tests.cpp:254:TEST_CASE("writer_publish rejects existing reparse-point overwrite targets before writing",
tests/unit\writer_publish_tests.cpp:287:TEST_CASE("writer_publish rejects reparse-point overwrite targets introduced before final publication",
tests/unit\writer_publish_tests.cpp:326:TEST_CASE("writer_publish rejects non-regular overwrite targets before writing",
tests/unit\writer_publish_tests.cpp:349:TEST_CASE("writer_publish reports publish failures with the writer diagnostic prefix and cleans temp output",
tests/unit\writer_publish_tests.cpp:371:TEST_CASE("writer_publish cleans temporary output after callback errors",
tests/unit\writer_publish_tests.cpp:390:TEST_CASE("writer_publish delegation boundary keeps all writer families on the shared helper",
tests/unit\archive_reader_tests.cpp:48:TEST_CASE("archive_reader open reports I/O errors for missing host files", "[unit][public-api]")
tests/unit\archive_reader_tests.cpp:56:TEST_CASE("archive_reader open rejects empty host paths", "[unit][public-api]")
tests/unit\archive_reader_tests.cpp:64:TEST_CASE("archive_reader exposes compile-only Phase 3 reader contracts", "[unit][public-api]")
tests/unit\writer_ownership_tests.cpp:80:TEST_CASE("TES3 writer move construction transfers staged entries", "[unit][writer_ownership]")
tests/unit\writer_ownership_tests.cpp:97:TEST_CASE("TES4 writer move assignment transfers staged entries", "[unit][writer_ownership]")
tests/unit\writer_ownership_tests.cpp:116:TEST_CASE("BA2 GNRL writer move construction transfers staged entries", "[unit][writer_ownership]")
tests/unit\writer_ownership_tests.cpp:134:TEST_CASE("BA2 DX10 writer move assignment transfers snapshot-backed entries", "[unit][writer_ownership]")
tests/unit\archive_reader_dispatch_tests.cpp:218:TEST_CASE("reader_backend_dispatch preserves reader operations across representative backends",
tests/unit\archive_reader_dispatch_policy_tests.cpp:81:TEST_CASE("archive_reader_dispatch_policy forbids repeated family dispatch in public reader methods",
tests/unit\archive_reader_dispatch_policy_tests.cpp:135:TEST_CASE("archive_reader_dispatch_policy forbids stored backend identity in reader state",
tests/unit\writer_hotspot_policy_tests.cpp:111:TEST_CASE("writer_hotspot_policy requires TES4 dedupe candidate narrowing before exact equality",
tests/unit\writer_hotspot_policy_tests.cpp:154:TEST_CASE("writer_hotspot_policy requires BA2 GNRL staged dedupe identity before exact equality",
tests/unit\writer_hotspot_policy_tests.cpp:198:TEST_CASE("writer_hotspot_policy requires BA2 GNRL disk-source change diagnostics",
tests/unit\writer_hotspot_policy_tests.cpp:213:TEST_CASE("writer_hotspot_policy requires truthful BA2 DX10 lifecycle docs",
tests/unit\writer_hotspot_policy_tests.cpp:272:TEST_CASE("writer_hotspot_policy keeps public BA2 DX10 writer declaration shape stable",
tests/unit\archive_path_tests.cpp:9:TEST_CASE("archive_path normalizes separators and ASCII case", "[unit][archive-path]")
tests/unit\archive_path_tests.cpp:17:TEST_CASE("archive_path rejects obvious invalid virtual paths", "[unit][archive-path][malformed]")
tests/unit\archive_path_tests.cpp:36:TEST_CASE("archive_path rejects embedded-NUL virtual paths", "[unit][archive-path][malformed]")
tests/unit\writer_execution_options_tests.cpp:99:TEST_CASE("writer_execution_options defaults to serial worker count", "[unit][writer_execution_options]")
tests/unit\writer_execution_options_tests.cpp:106:TEST_CASE("writer_execution_options rejects zero worker count before creating output",
tests/unit\writer_execution_options_tests.cpp:164:TEST_CASE("writer_execution_options rejects unsupported large worker counts before creating output",
tests/unit\writer_execution_options_tests.cpp:201:TEST_CASE("writer_execution_options worker count one preserves serial writer behavior",
tests/unit\host_path_correctness_boundary_tests.cpp:320:TEST_CASE("host_path_correctness_boundary suite registration is wired into libbsa_tests",
tests/unit\host_path_correctness_boundary_tests.cpp:328:TEST_CASE("host_path_correctness_boundary suite source carries the locked non-ASCII token and smoke selector",
tests/unit\host_path_correctness_boundary_tests.cpp:334:TEST_CASE("host_path_correctness_boundary smoke setup uses the locked non-ASCII directory and filename without copying manifests",
tests/unit\host_path_correctness_boundary_tests.cpp:354:TEST_CASE("host_path_correctness_boundary representative archives open validate and extract from non-ASCII paths",
tests/unit\host_path_correctness_boundary_tests.cpp:366:TEST_CASE("host_path_correctness_boundary non-ASCII host path exercises reader dispatch surface",
tests/unit\host_path_correctness_boundary_tests.cpp:419:TEST_CASE("host_path_correctness_boundary stays public-API-only and phase-scoped",
tests/unit\validation_policy_tests.cpp:264:TEST_CASE("validation_policy CTest label taxonomy is documented and backed by selectable tests",
tests/unit\validation_policy_tests.cpp:286:TEST_CASE("validation_policy requires-game-fixture label is selectable without local archives",
tests/unit\validation_policy_tests.cpp:296:TEST_CASE("validation_policy compatibility evidence catalog documents public warning-code structure",
tests/unit\validation_policy_tests.cpp:320:TEST_CASE("validation_policy local fixture boundary keeps game archives ignored and provenance documented",
tests/unit\validation_policy_tests.cpp:351:TEST_CASE("validation_policy CI and presets preserve static shared and TES5Edit build boundaries",
tests/unit\validation_policy_tests.cpp:376:TEST_CASE("validation_policy configured build profiles are Windows-only and documented",
tests/unit\validation_policy_tests.cpp:410:TEST_CASE("validation_policy verification matrix contract keeps README truthful",
tests/unit\validation_policy_tests.cpp:427:TEST_CASE("validation_policy verification matrix contract keeps fixture policy truthful",
tests/unit\validation_policy_tests.cpp:445:TEST_CASE("validation_policy verification matrix contract keeps planning summaries truthful",
tests/unit\validation_policy_tests.cpp:473:TEST_CASE("validation_policy verification matrix contract requires supported preset triads",
tests/unit\validation_policy_tests.cpp:484:TEST_CASE("validation_policy verification matrix contract requires checked-in MSVC ASan wiring",
tests/unit\validation_policy_tests.cpp:493:TEST_CASE("validation_policy verification matrix contract keeps release package proof inside CTest",
tests/unit\validation_policy_tests.cpp:521:TEST_CASE("validation_policy verification matrix contract keeps the main workflow matrix truthful",
tests/unit\validation_policy_tests.cpp:545:TEST_CASE("validation_policy verification matrix contract keeps ASan as a separate hardening job",
tests/unit\host_file_writer_name_tests.cpp:84:TEST_CASE("writer call sites use the neutral host_file helper seam", "[unit][host_file]")
tests/unit\host_file_writer_name_tests.cpp:113:TEST_CASE("host_file helper surface exposes the shared host_file_path contract", "[unit][host_file]")
tests/unit\host_file_writer_name_tests.cpp:133:TEST_CASE("migrated writer call sites build host_file_path contracts before shared helper reads", "[unit][host_file]")
tests/unit\host_file_writer_name_tests.cpp:153:TEST_CASE("raw writer serializers reopen disk sources through the shared host_file seam", "[unit][host_file]")
tests/unit\host_file_writer_name_tests.cpp:169:TEST_CASE("public writer output paths resolve UTF-8 text before native publish", "[unit][host_file]")
tests/unit\host_file_writer_name_tests.cpp:186:TEST_CASE("host_file writer host-path inventory covers source output finalization and dedupe dispositions",
tests/unit\host_file_writer_name_tests.cpp:229:TEST_CASE("host_file removed host-path diagnostic state stays absent from live source and test contracts",
tests/unit\host_file_writer_name_tests.cpp:253:TEST_CASE("archive_reader open stores the shared host_file_path contract", "[unit][host_file]")
tests/unit\host_file_writer_name_tests.cpp:261:TEST_CASE("archive_reader open routes detection and size probes through host_file helpers", "[unit][host_file]")
tests/unit\host_file_writer_name_tests.cpp:272:TEST_CASE("parser entry declarations consume the shared host-file path contract", "[unit][host_file]")
tests/unit\host_file_writer_name_tests.cpp:289:TEST_CASE("parser archive-file opens use the shared host_file seam", "[unit][host_file]")
tests/unit\host_file_writer_name_tests.cpp:306:TEST_CASE("reader reopen declarations consume the shared host_file_path contract", "[unit][host_file]")
tests/unit\host_file_writer_name_tests.cpp:323:TEST_CASE("reader reopen implementations use open_host_file instead of raw caller text", "[unit][host_file]")
tests/unit\host_file_writer_name_tests.cpp:340:TEST_CASE("archive_reader extraction dispatch reuses the stored resolved host path", "[unit][host_file]")
tests/unit\host_file_writer_name_tests.cpp:350:TEST_CASE("validation setup relies on archive_reader open instead of a duplicate readability preflight", "[unit][host_file]")
tests/unit\host_file_writer_name_tests.cpp:359:TEST_CASE("host_file writer host-path inventory policy is represented by an explicit matrix", "[unit][host_file]")
tests/unit\validation_api_tests.cpp:282:TEST_CASE("validation_api reports result-level setup errors", "[unit][validation_api]")
tests/unit\validation_api_tests.cpp:290:TEST_CASE("validation_api caps extractability before reading sparse payload bytes",
tests/unit\validation_api_tests.cpp:352:TEST_CASE("validation_api accepts generated fixture archives", "[unit][fixture][validation_api]")
tests/unit\validation_api_tests.cpp:374:TEST_CASE("validation_api accepts writer-produced archives", "[unit][roundtrip][validation_api]")
tests/unit\validation_api_tests.cpp:391:TEST_CASE("validation_api reports malformed archives without lenient readers", "[unit][fixture][malformed][validation_api]")
tests/unit\validation_api_tests.cpp:399:TEST_CASE("validation_api reports compatibility_matrix malformed rows as validation errors",
tests/unit\host_file_tests.cpp:57:TEST_CASE("host_file reads exact whole-file payloads", "[unit][host_file]")
tests/unit\host_file_tests.cpp:75:TEST_CASE("host_file reads bounded short prefixes", "[unit][host_file]")
tests/unit\host_file_tests.cpp:94:TEST_CASE("host_file iterates bounded chunks", "[unit][host_file]")
tests/unit\host_file_tests.cpp:124:TEST_CASE("host_file reports missing sources with caller diagnostics", "[unit][host_file]")
tests/unit\host_file_tests.cpp:140:TEST_CASE("host_file rejects sources that shrink or grow", "[unit][host_file]")
tests/unit\host_file_tests.cpp:176:TEST_CASE("host_file reports allocation limits through results", "[unit][host_file]")
tests/unit\thread_safety_docs_policy_tests.cpp:40:TEST_CASE("thread_safety_policy public types have canonical documentation sections",
tests/unit\thread_safety_docs_policy_tests.cpp:91:TEST_CASE("thread_safety_policy documents callback sink writer validation and benchmark rules",
tests/unit\thread_safety_docs_policy_tests.cpp:134:TEST_CASE("thread_safety_policy public headers point to canonical guidance",
tests/unit\host_file_path_tests.cpp:63:TEST_CASE("host_file_path decodes UTF-8 public host text into the native path", "[unit][host_file_path]")
tests/unit\host_file_path_tests.cpp:74:TEST_CASE("host_file_path source uses strict UTF-8 conversion instead of narrow path construction",
tests/unit\host_file_path_tests.cpp:84:TEST_CASE("host_file_path contract does not preserve caller UTF-8 text as dead diagnostics state",
tests/unit\host_file_path_tests.cpp:95:TEST_CASE("host_file_path rejects malformed UTF-8 before filesystem I/O", "[unit][host_file_path]")
tests/unit\host_file_path_tests.cpp:103:TEST_CASE("host_file_path rejects embedded NUL bytes before filesystem I/O", "[unit][host_file_path]")
tests/unit\tes4_bsa_writer_tests.cpp:221:TEST_CASE("TES4 BSA writer raw output reopens for every target profile", "[unit][tes4_bsa_writer]")
tests/unit\tes4_bsa_writer_tests.cpp:323:TEST_CASE("TES4 BSA writer resolves non-ASCII UTF-8 output host paths", "[unit][tes4_bsa_writer]")
tests/unit\tes4_bsa_writer_tests.cpp:340:TEST_CASE("TES4 BSA writer serializes derived file flags and hash-sorted tables", "[unit][tes4_bsa_writer]")
tests/unit\tes4_bsa_writer_tests.cpp:417:TEST_CASE("TES4 BSA writer copies memory entries into writer-owned state", "[unit][tes4_bsa_writer]")
tests/unit\tes4_bsa_writer_tests.cpp:437:TEST_CASE("TES4 BSA writer rejects duplicate canonical archive paths at write time", "[unit][tes4_bsa_writer]")
tests/unit\tes4_bsa_writer_tests.cpp:450:TEST_CASE("TES4 BSA writer groups mixed-case folder spellings by canonical path", "[unit][tes4_bsa_writer]")
tests/unit\tes4_bsa_writer_tests.cpp:476:TEST_CASE("TES4 BSA writer reports invalid archive paths as invalid arguments", "[unit][tes4_bsa_writer]")
tests/unit\tes4_bsa_writer_tests.cpp:489:TEST_CASE("TES4 BSA writer refuses to overwrite existing output when overwrite_existing is false",
tests/unit\tes4_bsa_writer_tests.cpp:507:TEST_CASE("TES4 BSA writer reports missing disk sources as I/O errors", "[unit][tes4_bsa_writer]")
tests/unit\tes4_bsa_writer_tests.cpp:522:TEST_CASE("TES4 BSA writer requires explicit archive paths for disk entries", "[unit][tes4_bsa_writer]")
tests/unit\tes4_bsa_writer_tests.cpp:534:TEST_CASE("TES4 BSA writer gates parseable DDS texture formats by target profile",
tests/unit\tes4_bsa_writer_tests.cpp:614:TEST_CASE("TES4 BSA writer compresses inherited entries and preserves raw overrides under all-compressed policy",
tests/unit\tes4_bsa_writer_tests.cpp:658:TEST_CASE("TES4 BSA writer records compressed override metadata while archive default remains raw",
tests/unit\tes4_bsa_writer_tests.cpp:701:TEST_CASE("TES4 BSA writer keeps compressed disk entries byte-stable with memory entries",
tests/unit\tes4_bsa_writer_tests.cpp:733:TEST_CASE("TES4 BSA writer target-default compression round-trips inherited entries", "[unit][tes4_bsa_writer]")
tests/unit\tes4_bsa_writer_tests.cpp:774:TEST_CASE("TES4 BSA writer overwrites existing archives when overwrite_existing is true", "[unit][tes4_bsa_writer]")
tests/unit\tes4_bsa_writer_tests.cpp:795:TEST_CASE("TES4 BSA writer rejects overwrite targets that are existing directories",
tests/unit\tes4_bsa_writer_tests.cpp:816:TEST_CASE("TES4 BSA writer leaves embedded names absent by default and when explicitly disabled",
tests/unit\tes4_bsa_writer_tests.cpp:846:TEST_CASE("TES4 BSA writer emits opt-in embedded name prefixes for v104 and v105 targets",
tests/unit\tes4_bsa_writer_tests.cpp:891:TEST_CASE("TES4 BSA writer ignores embedded name option for v103 target compatibility",
tests/unit\tes4_bsa_writer_tests.cpp:916:TEST_CASE("TES4 BSA writer leaves duplicate stored bytes at distinct offsets by default",
tests/unit\tes4_bsa_writer_tests.cpp:944:TEST_CASE("TES4 BSA writer shares offsets for opt-in identical final stored bytes",
tests/unit\tes4_bsa_writer_tests.cpp:972:TEST_CASE("TES4 BSA writer dedupes matching disk-backed raw payloads",
tests/unit\tes4_bsa_writer_tests.cpp:1005:TEST_CASE("TES4 BSA writer does not dedupe matching source bytes with different compression encodings",
tests/unit\tes4_bsa_writer_tests.cpp:1036:TEST_CASE("TES4 BSA writer does not dedupe matching source bytes with different embedded-name prefixes",
tests/unit\export_surface_policy_tests.cpp:41:TEST_CASE("export_surface public export header documents macro modes", "[unit][public-api][export_surface]")
tests/unit\export_surface_policy_tests.cpp:53:TEST_CASE("export_surface root CMake installs export header and disables auto export",
tests/unit\export_surface_policy_tests.cpp:65:TEST_CASE("export_surface public emitted APIs are explicitly annotated", "[unit][public-api][export_surface]")
tests/unit\tes4_bsa_reader_tests.cpp:212:TEST_CASE("tes4_bsa_detection opens byte-driven TES4-family BSA variants", "[unit][fixture][tes4_bsa_detection]")
tests/unit\tes4_bsa_reader_tests.cpp:222:TEST_CASE("tes4_bsa_detection rejects non-BSA bytes regardless of host extension", "[unit][fixture][tes4_bsa_detection]")
