PATHS
tests/package-consumer/main.cpp: file 9571
tests/package-consumer/CMakeLists.txt: file 1072
tests/package-consumer/smoke.cmake: file 3967
tests/CMakeLists.txt: file 14705
docs/coverage-audit-matrix.md: file 22627
docs/public-api-reality-check.md: file 17921
docs/compatibility-evidence.md: file 8467
docs/integration-examples.md: file 6709
docs/api-mainpage.md: file 4358
tests/unit/docs_policy_tests.cpp: file 13378
tests/unit/coverage_audit_matrix_docs_tests.cpp: file 16418
tests/unit/target_format_policy_tests.cpp: file 10225
include/libbsa/libbsa.hpp: file 172
include/libbsa/archive_writer.hpp: missing 
include/libbsa/archive_reader.hpp: missing 
include/libbsa/validation.hpp: file 5053
CMakePresets.json: file 4450
.github/workflows/ci.yml: file 4262
TES5Edit: dir 

KEYWORD SUMMARY
tests/package-consumer/main.cpp: int main, example_create_tes3_bsa, example_create_tes4_bsa, example_create_ba2_gnrl, example_create_ba2_dx10
tests/package-consumer/CMakeLists.txt: package_consumer
tests/CMakeLists.txt: package_consumer
docs/coverage-audit-matrix.md: COV-GAP-003, COV-GAP-002, COV-GAP-004, package_consumer, Public/package-consumer, LIBBSA_GAME_FIXTURES, LIBBSA_BSARCHPRO_EXPECTED
docs/public-api-reality-check.md: COV-GAP-003, COV-GAP-004, LIBBSA_GAME_FIXTURES, LIBBSA_BSARCHPRO_EXPECTED
docs/compatibility-evidence.md: LIBBSA_GAME_FIXTURES, LIBBSA_BSARCHPRO_EXPECTED
docs/integration-examples.md: example_create_tes3_bsa, example_create_tes4_bsa, example_create_ba2_gnrl, example_create_ba2_dx10
tests/unit/docs_policy_tests.cpp: COV-GAP-003
tests/unit/coverage_audit_matrix_docs_tests.cpp: COV-GAP-003, COV-GAP-002, COV-GAP-004, Public/package-consumer, LIBBSA_GAME_FIXTURES, LIBBSA_BSARCHPRO_EXPECTED
tests/unit/target_format_policy_tests.cpp: package_consumer, example_create_tes3_bsa, example_create_tes4_bsa, example_create_ba2_gnrl, example_create_ba2_dx10, LIBBSA_GAME_FIXTURES, LIBBSA_BSARCHPRO_EXPECTED

SELECTED CONTEXT
--- tests/package-consumer/main.cpp (315 lines, 1 hits) ---
299: } // namespace
300: 
301: int main()
302: {
303:   if (example_link_representative_public_api() != 0)
...
--- docs/coverage-audit-matrix.md (138 lines, 8 hits) ---
21: - Public API surface: `include/libbsa/archive.hpp`, `include/libbsa/writer.hpp`, `include/libbsa/validation.hpp`.
22: - Public support docs: `docs/target-format-guide.md`, `docs/compatibility-evidence.md`, `docs/api-mainpage.md`, `docs/integration-examples.md`, `tests/fixtures/README.md`.
23: - Public/package-consumer proof: `tests/package-consumer/main.cpp`, `tests/package-consumer/smoke.cmake`, `tests/package-consumer/verify-runtime-dll-copy.cmake`, plus the `package_consumer_smoke` and `package_consumer_ru
24: - Fixture policy and provenance: `tests/fixtures/README.md` and the generated fixture manifests under `tests/fixtures/generated/archives/`.
25: - Malformed-hardening index: `tests/fixtures/generated/compatibility_matrix.json` plus the family malformed manifests it references.
...
42: | Validation API behavior | Proven | `include/libbsa/validation.hpp`; `tests/unit/validation_api_tests.cpp` | Generated TES3 success archives and writer-produced TES3 archives are accepted; malformed TES3 rows report str
43: | Compatibility warnings | N/A | `include/libbsa/validation.hpp`; `tests/unit/compatibility_warning_tests.cpp`; `docs/compatibility-evidence.md` | The current public warning catalog has no TES3-specific compatibility war
44: | Public/package-consumer API proof | Proven | `tests/package-consumer/main.cpp`; `docs/integration-examples.md`; `tests/unit/public_include_boundary_tests.cpp`; `tests/unit/export_surface_policy_tests.cpp` | The install
45: | Docs/support-claim proof | Proven | `docs/target-format-guide.md`; `docs/api-mainpage.md`; `tests/unit/target_format_policy_tests.cpp`; `tests/unit/docs_policy_tests.cpp` | Public docs describe TES3 support, raw writer
46: 
...
62: | Validation API behavior | Proven | `include/libbsa/validation.hpp`; `tests/unit/validation_api_tests.cpp`; `tests/unit/compatibility_warning_tests.cpp` | The validation API directly accepts generated success fixtures `
63: | Compatibility warnings | Proven | `include/libbsa/validation.hpp`; `tests/unit/compatibility_warning_tests.cpp`; `docs/compatibility-evidence.md` | Current public BSA warning codes are proven: compressed sound payloads
64: | Public/package-consumer API proof | Proven | `tests/package-consumer/main.cpp`; `docs/integration-examples.md`; `tests/unit/public_include_boundary_tests.cpp`; `tests/unit/export_surface_policy_tests.cpp` | Package-con
65: | Docs/support-claim proof | Proven | `docs/target-format-guide.md`; `docs/api-mainpage.md`; `tests/unit/target_format_policy_tests.cpp`; `tests/unit/docs_policy_tests.cpp` | Target-format policy tests require v103, v104
66: 
...
82: | Validation API behavior | Proven | `include/libbsa/validation.hpp`; `tests/unit/validation_api_tests.cpp`; `tests/unit/compatibility_warning_tests.cpp` | The validation API directly accepts generated success fixtures `
83: | Compatibility warnings | Proven | `include/libbsa/validation.hpp`; `tests/unit/compatibility_warning_tests.cpp`; `docs/compatibility-evidence.md` | Current BA2 warning proof covers caller-supplied target-family mismatc
84: | Public/package-consumer API proof | Proven | `tests/package-consumer/main.cpp`; `docs/integration-examples.md`; `tests/unit/public_include_boundary_tests.cpp`; `tests/unit/export_surface_policy_tests.cpp` | Package-con
85: | Docs/support-claim proof | Proven | `docs/target-format-guide.md`; `docs/api-mainpage.md`; `tests/unit/target_format_policy_tests.cpp`; `tests/unit/docs_policy_tests.cpp` | Target-format policy tests require Fallout 4 
86: 
...
102: | Validation API behavior | Proven | `include/libbsa/validation.hpp`; `tests/unit/validation_api_tests.cpp` | The validation API directly accepts generated success fixtures `ba2_dx10_fo4.ba2` and `ba2_dx10_sfv3.ba2` with
103: | Compatibility warnings | N/A | `include/libbsa/validation.hpp`; `tests/unit/compatibility_warning_tests.cpp`; `docs/compatibility-evidence.md` | The current public warning catalog has no BA2 DX10-specific warning. Text
104: | Public/package-consumer API proof | Proven | `tests/package-consumer/main.cpp`; `docs/integration-examples.md`; `tests/unit/public_include_boundary_tests.cpp`; `tests/unit/export_surface_policy_tests.cpp` | Package-con
105: | Docs/support-claim proof | Proven | `docs/target-format-guide.md`; `docs/api-mainpage.md`; `tests/unit/target_format_policy_tests.cpp`; `tests/unit/docs_policy_tests.cpp` | Target-format policy tests require Fallout 4 
106: 
...
115: Two environment variables enable optional local compatibility checks:
116: 
117: - `LIBBSA_GAME_FIXTURES` points tests at local game-derived archives or a local `bsarchpro_expected.json` manifest.
118: - `LIBBSA_BSARCHPRO_EXPECTED` points directly at a BSArchPro-derived comparison manifest.
119: 
...
120: The executable harness is `tests/unit/local_game_fixture_tests.cpp`. It is tagged `[requires-game-fixture]` and skips by default when local inputs are absent. When present, it opens each listed archive through libbsa and
...
131: |---:|---|---|---|---|---|
132: | 1 | `COV-GAP-002` | Low / Deferred | Full BSArchPro or real game-corpus compatibility comparisons for all families. | `tests/unit/local_game_fixture_tests.cpp`, `tests/fixtures/README.md`, and `docs/compatibility-evide
133: | 2 | `COV-GAP-003` | Low | Package-consumer runtime proof for creating/opening every archive family from an installed package. | `tests/package-consumer/main.cpp` compile/links representative public APIs and smoke-check
134: | 3 | `COV-GAP-004` | Low / Deferred | Family-specific compatibility warning taxonomy for TES3 BSA and BA2 DX10. | `include/libbsa/validation.hpp`, `tests/unit/compatibility_warning_tests.cpp`, and `docs/compatibility-ev
135: 
...
--- tests/unit/docs_policy_tests.cpp (320 lines, 3 hits) ---
243:                       "ba2_dx10_writer",
244:                       "No broad public facade is justified",
245:                       "`COV-GAP-003`",
246:                       "S05",
247:                       "installed-package runtime archive creation/opening for every family is intentionally not proven by default"});
...
248: 
249:   require_all_tokens(catalog,
...
254: 
255:   require_all_tokens(matrix,
256:                      {"`COV-GAP-003`",
257:                       "Package-consumer runtime proof for creating/opening every archive family from an installed package",
258:                       "actual archive behavior is covered by always-on unit fixture tests",
...
--- tests/unit/coverage_audit_matrix_docs_tests.cpp (356 lines, 5 hits) ---
92:                       "Validation API behavior",
93:                       "Compatibility warnings",
94:                       "Public/package-consumer API proof",
95:                       "Docs/support-claim proof"});
96: }
...
191:                       "`tests/unit/validation_api_tests.cpp`",
192:                       "`tests/fixtures/generated/validate_fixture_manifests.py`",
193:                       "`LIBBSA_GAME_FIXTURES` and `LIBBSA_BSARCHPRO_EXPECTED` are optional advisory inputs",
194:                       "unset variables must not block the default suite",
195:                       "Default acceptance must continue to pass from committed generated fixtures, writer-output archives, and policy tests alone"});
...
244:                      {"`COV-GAP-001` validation-success gap is no longer open",
245:                       "`COV-GAP-002`",
246:                       "`COV-GAP-003`",
247:                       "`COV-GAP-004`"});
248:   require_no_tokens(matrix,
...
319:                       "Optional local corpora are advisory evidence only",
320:                       "Advisory local evidence",
321:                       "LIBBSA_GAME_FIXTURES",
322:                       "LIBBSA_BSARCHPRO_EXPECTED",
323:                       "Absent local/copyrighted inputs do **not** block default green status",
...
324:                       "Present local-only checks also do **not** replace default proof"});
...
--- tests/unit/target_format_policy_tests.cpp (263 lines, 8 hits) ---
89: 
90: TEST_CASE("target_format_policy package consumer examples have docs and CTest smoke gates",
91:           "[unit][target_format_policy][package_consumer][doc_structure]")
92: {
93:   const auto root = source_root();
...
144: 
145:   REQUIRE(package_cmake.find("find_package(libbsa CONFIG REQUIRED)") != std::string::npos);
146:   REQUIRE(package_cmake.find("target_link_libraries(libbsa_package_consumer PRIVATE libbsa::libbsa)") !=
147:           std::string::npos);
148:   REQUIRE(package_cmake.find("add_test(NAME libbsa_package_consumer_run") != std::string::npos);
...
149:   REQUIRE(package_source.find("consumer-smoke.bsa") != std::string::npos);
150:   REQUIRE(package_source.find("libbsa::error_code::io_error") != std::string::npos);
...
155:       ".audits/",
156:       "TES5Edit/",
157:       "LIBBSA_GAME_FIXTURES",
158:       "LIBBSA_BSARCHPRO_EXPECTED",
159:   };
...
160:   for (const auto token : forbidden_fixture_dependencies)
...
167:   }
168: 
169:   REQUIRE(tests_cmake.find("NAME package_consumer_smoke") != std::string::npos);
170:   REQUIRE(tests_cmake.find("NAME package_consumer_runtime_dll_copy") != std::string::npos);
171:   REQUIRE(tests_cmake.find("LABELS \"package_consumer;target_format_policy\"") != std::string::npos);
...
172: }
...
173: 
...
--- docs/public-api-reality-check.md (86 lines, 6 hits) ---
20: | Consumer flow | Real public API involved | Default proof found | Current guidance status | Conclusion / follow-up |
21: |---|---|---|---|---|
22: | Umbrella include and installed target usage | `<libbsa/libbsa.hpp>`, `libbsa::libbsa`, `LIBBSA_API` | `libbsa.hpp` includes the reader, result, validation, version, and writer headers. `tests/package-consumer/main.cpp`
23: | Open and list metadata | `archive_reader::open`, `archive_reader::metadata`, `archive_reader::entries`, `archive_metadata`, `entry_metadata`, `archive_type`, `archive_variant`, `entry_compression` | `archive.hpp` docum
24: | `find` versus `contains` | `archive_reader::find`, `archive_reader::contains`, `result<std::optional<entry_metadata>>`, `result<bool>` | `archive.hpp` documents the semantic split: invalid path syntax is `invalid_argum
...
32: | TES4-family writer | `tes4_bsa_writer`, `tes4_bsa_target`, `tes4_bsa_writer_options`, `archive_compression_policy`, `entry_compression_policy`, `write_execution_options` | `writer.hpp` exposes target profiles and polic
33: | BA2 GNRL writer | `ba2_gnrl_writer`, `ba2_gnrl_target`, `ba2_gnrl_writer_options`, `ba2_gnrl_entry_options`, `archive_compression_policy`, `entry_compression_policy` | `writer.hpp` documents Fallout 4, Starfield v2, an
34: | BA2 DX10 writer lifecycle | `ba2_dx10_writer`, `ba2_dx10_target`, `ba2_dx10_writer_options`, `ba2_dx10_writer::add_file`, `ba2_dx10_writer::write_to` | `writer.hpp`, `target-format-guide.md`, and `integration-examples.
35: 
36: ## Sharp-edge guidance coverage
...
47: | Writer output publication and overwrite behavior. | `target-format-guide.md` documents same-directory temporary output, no-overwrite, reparse-point refusal, network filesystem caveats, and `io_error` publication failur
48: | BA2 DX10 snapshot and consuming write lifecycle. | `writer.hpp`, `target-format-guide.md`, and `integration-examples.md` document snapshot cleanup, one-shot `write_to`, and abnormal-termination residual risk. | Adequat
49: | Optional local compatibility evidence. | `coverage-audit-matrix.md` and `compatibility-evidence.md` separate default proof from `LIBBSA_GAME_FIXTURES` / `LIBBSA_BSARCHPRO_EXPECTED` advisory checks. | Adequate. Do not s
50: 
51: ## Helper and API gap conclusions
...
65: 2. `extract_bytes` needs consumer-facing guidance so callers understand when it is appropriate.
66: 3. BA2 DX10 lifecycle wording should remain prominent and policy-tested because it is intentionally different from the other writers.
67: 4. Package-consumer runtime proof is representative, not every-family archive runtime proof; that is the known `COV-GAP-003` route.
68: 
69: Potential future helpers should be evidence-gated. Examples that are not justified today include a catch-all archive facade, public codec selection objects, public DirectXTex/DXGI types, raw BSA/BA2 flag builders, or bro
...
74: |---|---|---|
75: | `COV-GAP-001` | Direct validation success rows now exist for TES4 v104/v105, BA2 GNRL Starfield v2/v3, BA2 DX10 Starfield v3, and writer-produced Starfield BA2 v3 method 0 deflate and method 3 raw LZ4 block routes. The
76: | `COV-GAP-003` | Package-consumer compile/link and minimal runtime error-path proof exist, but installed-package runtime archive creation/opening for every family is intentionally not proven by default. | Route to S05 i
77: | `COV-GAP-004` | Current compatibility warning codes are proven; TES3 and BA2 DX10 have no claimed family-specific warning taxonomy. | Defer until a concrete TES3 or BA2 DX10 interoperability risk is identified. Add war
78: 
...
83: 1. Update consumer docs to explicitly compare `find` and `contains`, explain `extract_bytes`, repeat stable `error_code`/diagnostic-message rules, and keep BA2 DX10 writer lifecycle guidance visible.
84: 2. Strengthen package-consumer or policy tests so the public story is enforced by compile/link smoke and docs-boundary checks rather than this prose alone.
85: 3. Keep executable per-variant validation proof in `tests/unit/validation_api_tests.cpp` and docs-policy checks, and leave installed-package every-family runtime proof to the `COV-GAP-003` route.
86: 4. Do not add a facade, public codec objects, public DirectXTex/DXGI types, or speculative compatibility warnings in S02 without new evidence that docs/tests cannot close the consumer flow safely.
...
--- docs/compatibility-evidence.md (88 lines, 3 hits) ---
15: ## Default fixture and round-trip proof sweep
16: 
17: The default proof sweep uses committed legal generated fixtures, writer-output archives produced by the public writer APIs, Catch2/CTest cases, and manifest validation only. It does not require local game archives, copie
18: 
19: The current default sweep covers four archive families:
...
57: These commands intentionally avoid optional local corpus inputs. They prove the public default fixture, round-trip, and direct validation success story from committed synthetic assets; `docs/coverage-audit-matrix.md` rem
58: 
59: The executable opt-in comparison harness is `tests/unit/local_game_fixture_tests.cpp`; it consumes `LIBBSA_BSARCHPRO_EXPECTED` or a local `bsarchpro_expected.json` manifest under `LIBBSA_GAME_FIXTURES` and compares libbs
60: 
61: ### `compressed_sound_payload`
...
81: Local game archives or BSArchPro-derived comparison output may supplement this catalog only as smoke/compare checks. The local comparison manifest is exercised by the `BSArchPro-derived expected fixture comparisons are o
82: 
83: - Use the `[requires-game-fixture]` tag and remain skipped when `LIBBSA_GAME_FIXTURES` is unset.
84: - Read from ignored local data locations, not committed fixture directories.
85: - Avoid committing copyrighted archive bytes, extracted game payloads, or BSArchPro-generated corpus output.
...

DONE
