Installed relevant skills from prompt: cmake, cpp-testing, api-design, design-an-interface, observability, write-docs, grill-me.

=== skills find: vcpkg ===

[38;5;250m███████╗██╗  ██╗██╗██╗     ██╗     ███████╗[0m
[38;5;248m██╔════╝██║ ██╔╝██║██║     ██║     ██╔════╝[0m
[38;5;245m███████╗█████╔╝ ██║██║     ██║     ███████╗[0m
[38;5;243m╚════██║██╔═██╗ ██║██║     ██║     ╚════██║[0m
[38;5;240m███████║██║  ██╗██║███████╗███████╗███████║[0m
[38;5;238m╚══════╝╚═╝  ╚═╝╚═╝╚══════╝╚══════╝╚══════╝[0m

[38;5;102mInstall with[0m npx skills add <owner/repo@skill>

[38;5;145mmohitmishra786/low-level-dev-skills@conan-vcpkg[0m [36m131 installs[0m
[38;5;102m└ https://skills.sh/mohitmishra786/low-level-dev-skills/conan-vcpkg[0m

=== skills find: Catch2 ===

[38;5;250m███████╗██╗  ██╗██╗██╗     ██╗     ███████╗[0m
[38;5;248m██╔════╝██║ ██╔╝██║██║     ██║     ██╔════╝[0m
[38;5;245m███████╗█████╔╝ ██║██║     ██║     ███████╗[0m
[38;5;243m╚════██║██╔═██╗ ██║██║     ██║     ╚════██║[0m
[38;5;240m███████║██║  ██╗██║███████╗███████╗███████║[0m
[38;5;238m╚══════╝╚═╝  ╚═╝╚═╝╚══════╝╚══════╝╚══════╝[0m

[38;5;102mNo skills found for "Catch2"[0m

=== skills find: DirectXTex ===

[38;5;250m███████╗██╗  ██╗██╗██╗     ██╗     ███████╗[0m
[38;5;248m██╔════╝██║ ██╔╝██║██║     ██║     ██╔════╝[0m
[38;5;245m███████╗█████╔╝ ██║██║     ██║     ███████╗[0m
[38;5;243m╚════██║██╔═██╗ ██║██║     ██║     ╚════██║[0m
[38;5;240m███████║██║  ██╗██║███████╗███████╗███████║[0m
[38;5;238m╚══════╝╚═╝  ╚═╝╚═╝╚══════╝╚══════╝╚══════╝[0m

[38;5;102mNo skills found for "DirectXTex"[0m

=== skills find: libdeflate ===

[38;5;250m███████╗██╗  ██╗██╗██╗     ██╗     ███████╗[0m
[38;5;248m██╔════╝██║ ██╔╝██║██║     ██║     ██╔════╝[0m
[38;5;245m███████╗█████╔╝ ██║██║     ██║     ███████╗[0m
[38;5;243m╚════██║██╔═██╗ ██║██║     ██║     ╚════██║[0m
[38;5;240m███████║██║  ██╗██║███████╗███████╗███████║[0m
[38;5;238m╚══════╝╚═╝  ╚═╝╚═╝╚══════╝╚══════╝╚══════╝[0m

[38;5;102mNo skills found for "libdeflate"[0m

=== skills find: LZ4 ===

[38;5;250m███████╗██╗  ██╗██╗██╗     ██╗     ███████╗[0m
[38;5;248m██╔════╝██║ ██╔╝██║██║     ██║     ██╔════╝[0m
[38;5;245m███████╗█████╔╝ ██║██║     ██║     ███████╗[0m
[38;5;243m╚════██║██╔═██╗ ██║██║     ██║     ╚════██║[0m
[38;5;240m███████║██║  ██╗██║███████╗███████╗███████║[0m
[38;5;238m╚══════╝╚═╝  ╚═╝╚═╝╚══════╝╚══════╝╚══════╝[0m

[38;5;102mNo skills found for "LZ4"[0m
