tests\CMakeLists.txt:290:    ${PROJECT_SOURCE_DIR}/tests/fixtures/generated/archives/ba2_dx10_mip_gap.ba2
docs\compatibility-evidence.md:19:- Rule: BSA entries under `sound/`, or with `.wav`, `.xwm`, or `.fuz` names, are valid but should warn when their payload is compressed because sound compression is a known Bethesda compatibility risk.
docs\compatibility-evidence.md:23:### `bsa_embedded_name_compatibility_risk`
docs\compatibility-evidence.md:25:- Rule: TES4-family BSA entries with embedded file-name prefixes are valid but risky enough to surface as compatibility warnings, because target support differs and SSE-style embedded-name behavior has known crash-risk history.
docs\compatibility-evidence.md:26:- Evidence: `tests/unit/compatibility_warning_tests.cpp` test `compatibility_warning reports BSA embedded name compatibility risk` creates a synthetic writer-output TES4-family BSA with `embed_file_names = true`, validates it through `validate_archive`, and asserts the risky warning with an archive path. `tests/unit/tes4_bsa_writer_tests.cpp` also proves writer-output embedded-name prefixes reopen and extract through `archive_reader` while v103 target compatibility keeps embedded names absent.
docs\compatibility-evidence.md:32:- Evidence: `tests/unit/compatibility_warning_tests.cpp` test `compatibility_warning reports BA2 target family mismatch` creates a synthetic writer-output BA2 GNRL archive, validates it with `validation_options::expected_type = archive_type::bsa`, and asserts the risky target-family mismatch warning. Validation tests also run `validate_archive` over generated BA2 fixtures and writer-output archives as the same parsed-metadata source of truth.
docs\PRD.md:286:| Large archive performance | Unusable for 50+ GB Starfield archives | Streaming I/O from milestone 1; defer full parallelism to milestone 9 |
docs\target-format-guide.md:84:Residual abnormal-termination risk remains: a process crash, forced termination, hard termination, OS shutdown, or external temp-directory interference can leave residual BA2 DX10 snapshot artifacts behind. libbsa makes no cleanup guarantee for those abnormal conditions.
docs\target-format-guide.md:92:Warns when a valid BSA entry under `sound/`, or with `.wav`, `.xwm`, or `.fuz` naming, is compressed and may carry a target compatibility risk.
docs\target-format-guide.md:94:### `bsa_embedded_name_compatibility_risk`
src\validation.cpp:111:                     compatibility_warning_severity::risky,
src\validation.cpp:125:                         compatibility_warning_code::bsa_embedded_name_compatibility_risk,
src\validation.cpp:126:                         compatibility_warning_severity::risky,
tests\unit\ba2_dx10_malformed_tests.cpp:107:                              "ba2_dx10_mip_gap",
include\libbsa\validation.hpp:24:    bsa_embedded_name_compatibility_risk,
include\libbsa\validation.hpp:31:  /// `risky` warnings describe archives that can be valid while still carrying a
include\libbsa\validation.hpp:32:  /// known interoperability risk.
include\libbsa\validation.hpp:36:    risky,
tests\unit\ba2_dx10_parser_tests.cpp:545:TEST_CASE("ba2_dx10_detector opens sparse archive without reading the payload gap",
tests\unit\ba2_dx10_parser_tests.cpp:548:  const auto sparse_path = std::filesystem::temp_directory_path() / "libbsa_ba2_dx10_sparse_gap.ba2";
src\texture\dds_layout.cpp:415:        return format_error("DDS layout chunk sequence has a mip gap, duplicate, or contradicts BA2 order");
tests\fixtures\generated\generate_ba2_dx10_fixtures.cpp:976:    {"id": "ba2_dx10_mip_gap", "archive": "ba2_dx10_mip_gap.ba2", "expected_error": "format_error", "phase": "open"},
tests\fixtures\generated\generate_ba2_dx10_fixtures.cpp:1026:    auto mip_gap = valid_fo4;
tests\fixtures\generated\generate_ba2_dx10_fixtures.cpp:1027:    overwrite_u16(mip_gap, static_cast<std::size_t>(second_second_chunk_offset + 16ULL), 3U);
tests\fixtures\generated\generate_ba2_dx10_fixtures.cpp:1028:    overwrite_u16(mip_gap, static_cast<std::size_t>(second_second_chunk_offset + 18ULL), 3U);
tests\fixtures\generated\generate_ba2_dx10_fixtures.cpp:1029:    write_file(output_dir / "ba2_dx10_mip_gap.ba2", mip_gap);
src\detail\atomic_file_ops.hpp:56:    // POSIX rename replaces the destination atomically without an externally visible missing-name gap.
tests\unit\compatibility_matrix_tests.cpp:64:TEST_CASE("compatibility_matrix schema spans malformed families and risk categories",
tests\unit\compatibility_warning_tests.cpp:132:    case libbsa::compatibility_warning_code::bsa_embedded_name_compatibility_risk:
tests\unit\compatibility_warning_tests.cpp:133:      return "bsa_embedded_name_compatibility_risk";
tests\unit\compatibility_warning_tests.cpp:183:    const auto output = unique_output_path("embedded-name-risk", ".bsa");
tests\unit\compatibility_warning_tests.cpp:197:    const auto output = unique_output_path("compressed-sound-risk", ".bsa");
tests\unit\compatibility_warning_tests.cpp:219:                  libbsa::compatibility_warning_severity::risky,
tests\unit\compatibility_warning_tests.cpp:223:TEST_CASE("compatibility_warning reports BSA embedded name compatibility risk",
tests\unit\compatibility_warning_tests.cpp:229:                  libbsa::compatibility_warning_code::bsa_embedded_name_compatibility_risk,
tests\unit\compatibility_warning_tests.cpp:230:                  libbsa::compatibility_warning_severity::risky,
tests\unit\dds_layout_tests.cpp:338:TEST_CASE("dds_layout rejects gaps, duplicate coverage, impossible sizes, and unsupported formats",
tests\unit\dds_layout_tests.cpp:366:  SECTION("mip gaps are rejected")
tests\fixtures\generated\archives\ba2_dx10_malformed_manifest.json:17:    {"id": "ba2_dx10_mip_gap", "archive": "ba2_dx10_mip_gap.ba2", "expected_error": "format_error", "phase": "open"},
src\formats\ba2\ba2_dx10_names.hpp:15:  /// Reads count-delimited BA2 DX10 filename-table bytes from a file-backed archive without materializing payload gaps.
tests\unit\public_include_boundary_tests.cpp:131:  { libbsa::compatibility_warning_severity::risky } -> std::same_as<libbsa::compatibility_warning_severity>;
tests\unit\writer_hotspot_policy_tests.cpp:236:      "Residual abnormal-termination risk remains",
