windows-msvc-debug-static binaryDir= ${sourceDir}/build/${presetName}
windows-msvc-debug-shared binaryDir= ${sourceDir}/build/${presetName}
windows-msvc-release-static binaryDir= ${sourceDir}/build/${presetName}
windows-msvc-release-shared binaryDir= ${sourceDir}/build/${presetName}
windows-msvc-asan-static binaryDir= ${sourceDir}/build/${presetName}
ctest_file=build/windows-msvc-asan-static
ctest_file=build/windows-msvc-asan-static/package-consumer-build
ctest_file=build/windows-msvc-asan-static/tests
ctest_file=build/windows-msvc-debug-shared
ctest_file=build/windows-msvc-debug-shared/package-consumer-build
ctest_file=build/windows-msvc-debug-shared/tests
ctest_file=build/windows-msvc-debug-static
ctest_file=build/windows-msvc-debug-static/package-consumer-build
ctest_file=build/windows-msvc-debug-static/tests
ctest_file=build/windows-msvc-release-shared
ctest_file=build/windows-msvc-release-shared/package-consumer-build
ctest_file=build/windows-msvc-release-shared/tests
ctest_file=build/windows-msvc-release-static
ctest_file=build/windows-msvc-release-static/package-consumer-build
ctest_file=build/windows-msvc-release-static/tests
