Test project J:/libbsa/build/windows-msvc-debug-static
      Start  24: docs_policy mainpage links audited API proof and consumer sharp edges
 1/21 Test  #24: docs_policy mainpage links audited API proof and consumer sharp edges ...................   Passed    0.12 sec
      Start  43: target_format_policy guide covers every supported target format and compression route
 2/21 Test  #43: target_format_policy guide covers every supported target format and compression route ...   Passed    0.02 sec
      Start  76: docs_policy compatibility evidence points to audit and preserves proof boundaries
 3/21 Test  #76: docs_policy compatibility evidence points to audit and preserves proof boundaries .......   Passed    0.01 sec
      Start  78: coverage_audit_matrix preserves every required support axis
 4/21 Test  #78: coverage_audit_matrix preserves every required support axis .............................   Passed    0.01 sec
      Start  99: coverage_audit_matrix separates advisory local evidence from default proof
 5/21 Test  #99: coverage_audit_matrix separates advisory local evidence from default proof ..............   Passed    0.13 sec
      Start 133: coverage_audit_matrix names compatibility matrix as malformed submatrix only
 6/21 Test #133: coverage_audit_matrix names compatibility matrix as malformed submatrix only ............   Passed    0.12 sec
      Start 136: coverage_audit_matrix lists every current archive family
 7/21 Test #136: coverage_audit_matrix lists every current archive family ................................   Passed    0.12 sec
      Start 144: coverage_audit_matrix stays free of internal planning identifiers
 8/21 Test #144: coverage_audit_matrix stays free of internal planning identifiers .......................   Passed    0.02 sec
      Start 150: target_format_policy guide documents public compatibility_warning_code values
 9/21 Test #150: target_format_policy guide documents public compatibility_warning_code values ...........   Passed    0.01 sec
      Start 183: target_format_policy package consumer examples have docs and CTest smoke gates
10/21 Test #183: target_format_policy package consumer examples have docs and CTest smoke gates ..........   Passed    0.01 sec
      Start 188: docs_policy API mainpage preserves public operation structure
11/21 Test #188: docs_policy API mainpage preserves public operation structure ...........................   Passed    0.01 sec
      Start 189: target_format_policy guide documents writer output publication safety
12/21 Test #189: target_format_policy guide documents writer output publication safety ...................   Passed    0.01 sec
      Start 207: docs_policy integration examples document the full consumer journey
13/21 Test #207: docs_policy integration examples document the full consumer journey .....................   Passed    0.13 sec
      Start 285: coverage_audit_matrix is discoverable from compatibility evidence catalog
14/21 Test #285: coverage_audit_matrix is discoverable from compatibility evidence catalog ...............   Passed    0.02 sec
      Start 335: docs_policy Doxyfile boundary documents public headers and excludes private inputs
15/21 Test #335: docs_policy Doxyfile boundary documents public headers and excludes private inputs ......   Passed    0.01 sec
      Start 360: coverage_audit_matrix preserves status vocabulary and ranked gaps
16/21 Test #360: coverage_audit_matrix preserves status vocabulary and ranked gaps .......................   Passed    0.01 sec
      Start 391: docs_policy static boundary keeps public API documentation optional
17/21 Test #391: docs_policy static boundary keeps public API documentation optional .....................   Passed    0.01 sec
      Start 396: target_format_policy guide preserves legal evidence and reference boundaries
18/21 Test #396: target_format_policy guide preserves legal evidence and reference boundaries ............   Passed    0.01 sec
      Start 414: docs_policy public documentation surfaces hide planning identifiers
19/21 Test #414: docs_policy public documentation surfaces hide planning identifiers .....................   Passed    0.02 sec
      Start 424: package_consumer_smoke
20/21 Test #424: package_consumer_smoke ..................................................................   Passed    4.90 sec
      Start 425: package_consumer_runtime_dll_copy
21/21 Test #425: package_consumer_runtime_dll_copy .......................................................   Passed    0.05 sec

100% tests passed, 0 tests failed out of 21

Label Time Summary:
coverage_audit_matrix    =   0.44 sec*proc (7 tests)
doc_structure            =   0.36 sec*proc (10 tests)
docs_policy              =   0.76 sec*proc (14 tests)
fixture                  =   0.01 sec*proc (1 test)
package_consumer         =   4.97 sec*proc (3 tests)
publish                  =   0.01 sec*proc (1 test)
static_boundary          =   0.04 sec*proc (3 tests)
target_format_policy     =   5.03 sec*proc (7 tests)
unit                     =   0.83 sec*proc (19 tests)
validation_policy        =   0.01 sec*proc (1 test)

Total Test time (real) =   6.50 sec
