## tests/unit/tes3_bsa_reader_tests.cpp
- tes3_bsa_detector classifies Morrowind magic bytes before parser dispatch [unit][fixture][tes3_bsa_detector]
- tes3_bsa_detector leaves unrelated bytes unsupported [unit][tes3_bsa_detector]
- tes3_bsa_metadata opens generated Morrowind archives [unit][fixture][tes3_bsa_metadata]
- tes3_bsa_entries exposes manifest-backed metadata and offsets [unit][fixture][tes3_bsa_entries]
- tes3_bsa_lookup normalizes variants and stable missing-path behavior [unit][fixture][tes3_bsa_lookup]
- tes3_bsa_lookup helper normalizes variants over parsed entries [unit][fixture][tes3_bsa_lookup]
- tes3_bsa_extract streams and returns bytes from data-section-relative offsets [unit][fixture][tes3_bsa_extract]
- tes3_bsa_extract helper is raw-only and enforces sink writes [unit][tes3_bsa_extract]
- tes3_bsa_malformed rejects generated malformed TES3 cases with stable error codes [unit][fixture][malformed][tes3_bsa_malformed]
- tes3_bsa_malformed rejects overlapping non-empty payload spans [unit][tes3_bsa_malformed]
- tes3_bsa_entries accepts adjacent spans and zero-byte boundary entries [unit][tes3_bsa_metadata]
- tes3_bsa_malformed reports unsorted hashes before payload overlap [unit][tes3_bsa_malformed]
- tes3_bsa_entries materializes large non-overlapping spans outside payload order [unit][tes3_bsa_metadata]
- tes3_bsa_malformed returns format_error for oversized declared metadata without exceptions [unit][fixture][malformed][tes3_bsa_malformed][allocation]
- tes3_bsa_malformed rejects declared file counts above the metadata limit [unit][fixture][malformed][tes3_bsa_malformed]
- tes3_bsa_malformed maps invalid archive names to format_error [unit][fixture][malformed][tes3_bsa_malformed]
## tests/unit/tes3_bsa_writer_tests.cpp
- tes3_bsa_writer committed fixture manifest records canonical writer evidence [unit][fixture][tes3_bsa_writer]
- tes3_bsa_writer emits byte-accurate raw TES3 tables in hash order [unit][tes3_bsa_writer]
- tes3_bsa_writer output reopens through reader lookup and extraction APIs [unit][tes3_bsa_writer]
- tes3_bsa_writer copies memory entries into writer-owned state [unit][tes3_bsa_writer]
- tes3_bsa_writer reports missing disk sources from write_to [unit][tes3_bsa_writer]
- tes3_bsa_writer rejects invalid archive paths [unit][tes3_bsa_writer]
- tes3_bsa_writer rejects archive paths containing NUL bytes [unit][tes3_bsa_writer]
- tes3_bsa_writer rejects source host paths containing NUL bytes [unit][tes3_bsa_writer]
- tes3_bsa_writer rejects output host paths containing NUL bytes [unit][tes3_bsa_writer]
- tes3_bsa_writer rejects duplicate canonical archive paths at write time [unit][tes3_bsa_writer]
- tes3_bsa_writer rejects empty archives [unit][tes3_bsa_writer]
- tes3_bsa_writer refuses overwrite by default and preserves existing bytes [unit][tes3_bsa_writer]
- tes3_bsa_writer resolves non-ASCII UTF-8 disk source and output host paths [unit][tes3_bsa_writer]
- tes3_bsa_writer publish helper never replaces an existing destination [unit][tes3_bsa_writer]
- tes3_bsa_writer publish helper moves output when destination is free [unit][tes3_bsa_writer]
- tes3_bsa_writer atomic replace helper swaps existing destinations [unit][tes3_bsa_writer]
- tes3_bsa_writer atomic replace helper preserves output when replacement fails [unit][tes3_bsa_writer]
- tes3_bsa_writer replaces existing output only when overwrite is enabled [unit][tes3_bsa_writer]
- tes3_bsa_writer rejects overwrite targets that are existing directories [unit][tes3_bsa_writer][publish][overwrite]
- tes3_bsa_writer preserves caller-owned temp-name sibling files [unit][tes3_bsa_writer]
## tests/unit/tes4_bsa_reader_tests.cpp
- tes4_bsa_detection opens byte-driven TES4-family BSA variants [unit][fixture][tes4_bsa_detection]
- tes4_bsa_detection rejects non-BSA bytes regardless of host extension [unit][fixture][tes4_bsa_detection]
- tes4_bsa_metadata exposes archive-level open state [unit][fixture][tes4_bsa_metadata]
- unsupported_future_bsa reports unsupported for recognized future BSA versions [unit][fixture][unsupported_future_bsa]
- tes4_bsa_malformed_open rejects malformed open-phase fixtures with stable error codes [unit][fixture][malformed][tes4_bsa_malformed_open]
- tes4_bsa_malformed_open rejects count-derived table spans before allocation [unit][fixture][malformed][tes4_bsa_malformed_open]
- tes4_bsa_malformed_open returns format_error for oversized declared file-name bytes [unit][fixture][malformed][tes4_bsa_malformed_open][allocation]
- tes4_bsa_malformed_open rejects folder record counts before allocation [unit][fixture][malformed][tes4_bsa_malformed_open]
- tes4_bsa_malformed_open rejects matched oversized file counts before allocation [unit][fixture][malformed][tes4_bsa_malformed_open]
- tes4_bsa_malformed_open rejects metadata counts above parser limits [unit][fixture][malformed][tes4_bsa_malformed_open]
- tes4_bsa_malformed_open rejects inconsistent table offsets [unit][fixture][malformed][tes4_bsa_malformed_open]
- tes4_bsa_malformed_open rejects payload spans inside metadata [unit][fixture][malformed][tes4_bsa_malformed_open]
- tes4_bsa_malformed_open rejects partially overlapping payload spans [unit][fixture][malformed][tes4_bsa_malformed_open]
- tes4_bsa_entry_metadata accepts exact duplicate payload spans for writer dedupe [unit][fixture][tes4_bsa_entry_metadata]
- tes4_bsa_malformed_open rejects file record hash mismatches [unit][fixture][malformed][tes4_bsa_malformed_open][tes4_bsa_hash_lookup]
- tes4_bsa_malformed_open rejects folder record hash mismatches [unit][fixture][malformed][tes4_bsa_malformed_open][tes4_bsa_hash_lookup]
- tes4_bsa_entry_metadata materializes table paths, hashes, sizes, and embedded names [unit][fixture][tes4_bsa_entry_metadata][tes4_bsa_listing][tes4_bsa_embedded_name]
- tes4_bsa_malformed_open rejects duplicate canonical paths during entry parsing [unit][fixture][malformed][tes4_bsa_malformed_open][tes4_bsa_listing]
- tes4_bsa_lookup normalizes variants and distinguishes missing from invalid paths [unit][fixture][tes4_bsa_lookup][tes4_bsa_hash_lookup]
- tes4_bsa_v103_extract streams raw and deflate entries by archive path [unit][fixture][tes4_bsa_v103_extract][tes4_bsa_compression_routing]
- tes4_bsa_v104_extract skips embedded names before raw and deflate payloads [unit][fixture][tes4_bsa_v104_extract][tes4_bsa_embedded_name][tes4_bsa_compression_routing]
- tes4_bsa_v105_extract routes compressed entries through LZ4 frame decoding [unit][fixture][tes4_bsa_v105_extract][tes4_bsa_embedded_name][tes4_bsa_compression_routing]
- tes4_bsa_v105_extract writes LZ4 frame payloads through bounded sink chunks [unit][fixture][tes4_bsa_v105_extract][tes4_bsa_compression_routing][bounded_memory_policy]
- tes4_bsa_sink_errors reports partial sink writes as io_error [unit][fixture][tes4_bsa_sink_errors]
- tes4_bsa_extract maps invalid and missing paths to stable errors [unit][fixture][tes4_bsa_v103_extract]
- tes4_bsa_extract reads selected payloads from the host archive on demand [unit][fixture][tes4_bsa_v103_extract]
- tes4_bsa_compression_routing rejects corrupt compressed payloads and size mismatches [unit][fixture][malformed][tes4_bsa_compression_routing]
- tes4_bsa_extract_bytes returns bounded consumer-visible bytes through extraction path [unit][fixture][tes4_bsa_embedded_name][tes4_bsa_entry_metadata][tes4_bsa_v104_extract][tes4_bsa_v105_extract]
- tes4_bsa_extract_bytes matches extract path errors for invalid and missing paths [unit][fixture][tes4_bsa_lookup]
- archive_reader_extract_bytes preflights materialization before payload extraction [unit][bounded_memory_policy][allocation]
## tests/unit/tes4_bsa_writer_tests.cpp
- TES4 BSA writer raw output reopens for every target profile [unit][tes4_bsa_writer]
- TES4 BSA writer resolves non-ASCII UTF-8 output host paths [unit][tes4_bsa_writer]
- TES4 BSA writer serializes derived file flags and hash-sorted tables [unit][tes4_bsa_writer]
- TES4 BSA writer copies memory entries into writer-owned state [unit][tes4_bsa_writer]
- TES4 BSA writer rejects duplicate canonical archive paths at write time [unit][tes4_bsa_writer]
- TES4 BSA writer groups mixed-case folder spellings by canonical path [unit][tes4_bsa_writer]
- TES4 BSA writer reports invalid archive paths as invalid arguments [unit][tes4_bsa_writer]
- TES4 BSA writer refuses to overwrite existing output when overwrite_existing is false [unit][tes4_bsa_writer]
- TES4 BSA writer reports missing disk sources as I/O errors [unit][tes4_bsa_writer]
- TES4 BSA writer requires explicit archive paths for disk entries [unit][tes4_bsa_writer]
- TES4 BSA writer gates parseable DDS texture formats by target profile [unit][tes4_bsa_writer][dds]
- TES4 BSA writer compresses inherited entries and preserves raw overrides under all-compressed policy [unit][tes4_bsa_writer]
- TES4 BSA writer records compressed override metadata while archive default remains raw [unit][tes4_bsa_writer]
- TES4 BSA writer keeps compressed disk entries byte-stable with memory entries [unit][tes4_bsa_writer][writer-source-io]
- TES4 BSA writer target-default compression round-trips inherited entries [unit][tes4_bsa_writer]
- TES4 BSA writer overwrites existing archives when overwrite_existing is true [unit][tes4_bsa_writer]
- TES4 BSA writer rejects overwrite targets that are existing directories [unit][tes4_bsa_writer][publish][overwrite]
- TES4 BSA writer leaves embedded names absent by default and when explicitly disabled [unit][tes4_bsa_writer]
- TES4 BSA writer emits opt-in embedded name prefixes for v104 and v105 targets [unit][tes4_bsa_writer]
- TES4 BSA writer ignores embedded name option for v103 target compatibility [unit][tes4_bsa_writer]
- TES4 BSA writer leaves duplicate stored bytes at distinct offsets by default [unit][tes4_bsa_writer]
- TES4 BSA writer shares offsets for opt-in identical final stored bytes [unit][tes4_bsa_writer]
- TES4 BSA writer dedupes matching disk-backed raw payloads [unit][tes4_bsa_writer][writer-source-io]
- TES4 BSA writer does not dedupe matching source bytes with different compression encodings [unit][tes4_bsa_writer]
- TES4 BSA writer does not dedupe matching source bytes with different embedded-name prefixes [unit][tes4_bsa_writer]
## tests/unit/ba2_gnrl_reader_tests.cpp
- ba2_gnrl_detector opens Fallout 4 GNRL metadata without Starfield fields [unit][fixture][ba2_gnrl_detector]
- ba2_gnrl_detector opens Starfield v2 GNRL metadata with version-gated unknowns [unit][fixture][ba2_gnrl_detector]
- ba2_gnrl_detector opens Starfield v3 GNRL metadata with compression method [unit][fixture][ba2_gnrl_detector]
- ba2_gnrl_detector rejects Phase 5 unsupported BA2 profiles with stable errors [unit][fixture][ba2_gnrl_detector]
- ba2_gnrl_bounded_open opens sparse large-payload archives without reading payload bytes [unit][fixture][bounded_memory_policy][ba2_gnrl_bounded_open]
- ba2_gnrl_end_table opens archives with payloads before the filename table [unit][fixture][ba2_gnrl_reader][ba2_gnrl_end_table]
- ba2_gnrl_detector rejects unrepresentable high filename table ranges before materialization [unit][malformed][ba2_gnrl_detector]
- ba2_gnrl_detector rejects non-empty payload spans in fixed metadata [unit][malformed][ba2_gnrl_detector]
- ba2_gnrl_detector rejects partially overlapping payload spans [unit][malformed][ba2_gnrl_detector][ba2_gnrl_overlap]
- ba2_gnrl_detector accepts exact duplicate non-empty payload spans [unit][ba2_gnrl_detector][ba2_gnrl_overlap]
- ba2_gnrl_detector rejects record hash mismatches [unit][fixture][malformed][ba2_gnrl_detector][ba2_gnrl_hash_lookup]
- ba2_gnrl_detector returns format_error for oversized declared record tables [unit][malformed][ba2_gnrl_detector][allocation]
- ba2_gnrl_detector rejects declared file counts above the metadata limit [unit][malformed][ba2_gnrl_detector]
- ba2_gnrl_metadata lists manifest-backed records from filename tables [unit][fixture][ba2_gnrl_metadata]
- ba2_gnrl_lookup normalizes variants and reports stable missing-path behavior [unit][fixture][ba2_gnrl_lookup]
- ba2_gnrl_extract streams manifest bytes and extract_bytes matches [unit][fixture][ba2_gnrl_extract]
- ba2_gnrl_compressed_fallbacks preserve fixture bytes [unit][fixture][ba2_gnrl_extract][bounded_memory_policy]
- ba2_gnrl_extract helper routes by metadata and detects partial_sink writes [unit][fixture][ba2_gnrl_extract]
- ba2_gnrl_malformed manifest cases fail with stable error codes [unit][fixture][malformed][ba2_gnrl_malformed]
## tests/unit/ba2_gnrl_writer_tests.cpp
- BA2 GNRL disk payload streaming rejects source size changes [unit][ba2_gnrl_writer][bounded_memory_policy][stream]
- BA2 GNRL dedupe disk comparisons reject source size changes [unit][ba2_gnrl_writer][bounded_memory_policy][dedupe]
- BA2 GNRL writer rejects empty disk source host paths [unit][ba2_gnrl_writer]
- BA2 GNRL writer reports invalid archive paths as invalid arguments [unit][ba2_gnrl_writer]
- BA2 GNRL writer rejects duplicate canonical archive paths at write time [unit][ba2_gnrl_writer]
- BA2 GNRL writer refuses to overwrite existing output when overwrite_existing is false [unit][ba2_gnrl_writer][publish]
- BA2 GNRL writer overwrites existing archives when overwrite_existing is true [unit][ba2_gnrl_writer][publish][overwrite]
- BA2 GNRL writer preserves pre-existing deterministic temp-name siblings [unit][ba2_gnrl_writer][publish][temp]
- BA2 GNRL writer rejects overwrite targets that are existing directories [unit][ba2_gnrl_writer][publish][overwrite]
- BA2 GNRL writer reports missing disk sources as I/O errors [unit][ba2_gnrl_writer]
- BA2 GNRL writer accepts explicit Fallout 4 disk archive paths [unit][ba2_gnrl_writer]
- BA2 GNRL writer raw Fallout 4 output reopens with end filename table [unit][ba2_gnrl_writer]
- BA2 GNRL writer resolves non-ASCII UTF-8 output host paths [unit][ba2_gnrl_writer]
- BA2 GNRL writer keeps raw disk hashing byte-stable with memory entries [unit][ba2_gnrl_writer][writer-source-io]
- BA2 GNRL writer raw Starfield v2 and v3 defaults reopen through public metadata [unit][ba2_gnrl_writer]
- BA2 GNRL writer preserves Starfield unknown overrides and BA2 record flags [unit][ba2_gnrl_writer]
- BA2 GNRL writer all-compressed policy routes through target compression methods [unit][ba2_gnrl_writer]
- BA2 GNRL writer keeps compressed disk entries byte-stable with memory entries [unit][ba2_gnrl_writer][writer-source-io]
- BA2 GNRL writer per-entry raw and compressed overrides affect only raw versus packed state [unit][ba2_gnrl_writer]
- BA2 GNRL writer keeps duplicate payload offsets distinct by default [unit][ba2_gnrl_writer]
- BA2 GNRL writer shares offsets for byte-identical stored payloads when dedupe is enabled [unit][ba2_gnrl_writer]
- BA2 GNRL writer dedupes raw disk sources under non-ASCII host paths [unit][ba2_gnrl_writer][dedupe][writer-source-io]
- BA2 GNRL writer dedupes compressed stored bytes but not raw and compressed source twins [unit][ba2_gnrl_writer]
## tests/unit/ba2_dx10_metadata_tests.cpp
- ba2_dx10_metadata exposes dependency-light texture metadata fields [unit][fixture][ba2_dx10_metadata]
- ba2_dx10_metadata keeps non-texture entries opt-in [unit][fixture][ba2_dx10_metadata]
## tests/unit/ba2_dx10_parser_tests.cpp
- ba2_dx10_detector opens generated FO4 texture archive [unit][fixture][ba2_dx10_detector]
- ba2_dx10_detector opens generated Starfield v3 texture archive [unit][fixture][ba2_dx10_detector]
- ba2_dx10_metadata exposes texture chunks from manifest records [unit][fixture][ba2_dx10_metadata]
- ba2_dx10_lookup preserves canonical lowercase paths and original spelling [unit][fixture][ba2_dx10_detector]
- ba2_dx10_detector opens sparse archive without reading the payload gap [unit][fixture][bounded_memory_policy][ba2_dx10_detector][sparse]
- ba2_dx10_detector rejects partially overlapping chunk payload spans [unit][malformed][ba2_dx10_detector][ba2_dx10_overlap]
- ba2_dx10_detector accepts exact duplicate non-empty chunk payload spans [unit][ba2_dx10_detector][ba2_dx10_overlap]
- ba2_dx10_detector returns format_error for oversized declared filename table offsets [unit][fixture][malformed][ba2_dx10_detector][allocation]
- ba2_dx10_detector rejects declared file counts above the metadata limit [unit][fixture][malformed][ba2_dx10_detector]
- ba2_dx10_detector rejects aggregate texture chunk counts above the metadata limit [unit][fixture][malformed][ba2_dx10_detector]
- ba2_dx10 aggregate overflow fixtures are unreachable under record field bounds [unit][fixture][ba2_dx10_detector][allocation]
- ba2_dx10_detector rejects record hash mismatches [unit][fixture][malformed][ba2_dx10_detector][ba2_dx10_hash_lookup]
- ba2_dx10_layout exposes validated order and rejects contradictory format-defined order [unit][fixture][ba2_dx10_layout]
## tests/unit/ba2_dx10_extraction_tests.cpp
- ba2_dx10_extract reconstructs DDS bytes through sink and extract_bytes [unit][fixture][ba2_dx10_extract]
- ba2_dx10_compression routes raw deflate and LZ4 block chunks [unit][fixture][ba2_dx10_compression]
- ba2_dx10_compressed_chunk_fallbacks preserve reconstructed fixture bytes [unit][fixture][ba2_dx10_compression][bounded_memory_policy]
- ba2_dx10_directxtex validates reconstructed DDS metadata [unit][fixture][ba2_dx10_directxtex]
- ba2_dx10_extract detects partial_sink writes after header output [unit][fixture][ba2_dx10_extract]
## tests/unit/ba2_dx10_writer_tests.cpp
- BA2 DX10 writer DDS source manifest covers locked formats [unit][fixture][ba2_dx10_writer][dds]
- BA2 DX10 writer DDS source manifest exposes dedicated structural cases [unit][fixture][ba2_dx10_writer][dds]
- BA2 DX10 writer DDS source manifest rejects malformed and unsupported DDS sources [unit][fixture][ba2_dx10_writer][dds]
- BA2 DX10 writer rejects valid non-2D DDS sources [unit][ba2_dx10_writer][add]
- BA2 DX10 writer rejects Starfield-only DDS formats for Fallout 4 archives [unit][ba2_dx10_writer][add]
- ba2_dx10_writer::add_file accepts a valid DDS source [unit][ba2_dx10_writer][add]
- BA2 DX10 writer resolves non-ASCII UTF-8 output host paths [unit][ba2_dx10_writer]
- BA2 DX10 writer records use canonical stem hash and extension metadata [unit][ba2_dx10_writer][metadata]
- ba2_dx10_writer::add_file rejects an empty DDS host path [unit][ba2_dx10_writer][add]
- ba2_dx10_writer::add_file rejects a missing DDS host path with structured error [unit][ba2_dx10_writer][add]
- ba2_dx10_writer::add_file rejects malformed DDS bytes [unit][ba2_dx10_writer][add]
- ba2_dx10_writer::add_file rejects unsupported DDS formats [unit][ba2_dx10_writer][add]
- ba2_dx10_writer::add_file snapshots DDS bytes before later source file changes [unit][ba2_dx10_writer][bounded_memory_policy][add]
- BA2 DX10 writer state removes snapshot temp directory on teardown [unit][ba2_dx10_writer][bounded_memory_policy][cleanup]
- BA2 DX10 writer removes snapshot temp directories after successful write while alive [unit][ba2_dx10_writer][bounded_memory_policy][cleanup]
- BA2 DX10 writer cleans snapshot directories on validation failure and consumes writer [unit][ba2_dx10_writer][bounded_memory_policy][cleanup]
- BA2 DX10 writer cleans snapshot directories on missing snapshot failure [unit][ba2_dx10_writer][bounded_memory_policy][cleanup]
- BA2 DX10 writer cleans snapshot directories on truncated snapshot failure and preserves destination bytes [unit][ba2_dx10_writer][bounded_memory_policy][cleanup][publish]
- BA2 DX10 writer cleans snapshot directories on output failure and preserves primary error [unit][ba2_dx10_writer][bounded_memory_policy][cleanup][publish]
- BA2 DX10 writer cleans newly reserved snapshot directory when add_file fails [unit][ba2_dx10_writer][bounded_memory_policy][cleanup][add]
- BA2 DX10 writer is consumed after successful write attempts [unit][ba2_dx10_writer][bounded_memory_policy][cleanup]
- ba2_dx10_writer::add_file accepts duplicate canonical archive paths for write-time validation [unit][ba2_dx10_writer][add]
- ba2_dx10_writer reopens fo4 deflate compression archives through archive_reader [unit][ba2_dx10_writer][fo4][compression]
- ba2_dx10_writer reopens starfield method 3 raw LZ4 compression archives through archive_reader [unit][ba2_dx10_writer][starfield][compression]
- ba2_dx10_writer reopens starfield method 0 deflate compression archives through archive_reader [unit][ba2_dx10_writer][starfield][compression]
- ba2_dx10_writer preserves multi mip array and cubemap image payload bytes through extraction [unit][ba2_dx10_writer][starfield][structural]
- BA2 DX10 writer keeps duplicate DDS chunk offsets distinct when deduplicate_payloads = false [unit][ba2_dx10_writer][dedupe]
- BA2 DX10 writer shares duplicate DDS chunk offsets when deduplicate_payloads = true [unit][ba2_dx10_writer][dedupe]
- BA2 DX10 writer refuses to overwrite existing output by default and preserves bytes [unit][ba2_dx10_writer][publish][overwrite]
- BA2 DX10 writer preserves caller-owned temp-name sibling files during unique temp publish [unit][ba2_dx10_writer][publish][temp]
- BA2 DX10 writer rejects non-regular overwrite targets without replacing them [unit][ba2_dx10_writer][publish][overwrite]
- BA2 DX10 writer overwrites existing archives when overwrite_existing is true [unit][ba2_dx10_writer][publish][overwrite]
## tests/unit/ba2_dx10_malformed_tests.cpp
- ba2_dx10_malformed manifest cases fail with stable errors [unit][fixture][malformed][ba2_dx10_malformed]
## tests/unit/archive_reader_dispatch_tests.cpp
- reader_backend_dispatch preserves reader operations across representative backends [unit][fixture][reader_backend_dispatch]
## tests/unit/bulk_extraction_tests.cpp
- bulk_extraction options default to serial extraction [unit][bulk_extraction]
- bulk_extraction rejects zero workers as an outer argument error [unit][bulk_extraction]
- bulk_extraction rejects unsupported large worker counts as an outer argument error [unit][bulk_extraction]
- bulk_extraction preserves request order and bytes in serial and parallel mode [unit][bulk_extraction]
- bulk_extraction coalesces duplicate successes in serial mode [unit][bulk_extraction]
- bulk_extraction coalesces duplicate successes in parallel mode [unit][bulk_extraction]
- bulk_extraction mirrors duplicate missing path failures without aborting siblings [unit][bulk_extraction]
- bulk_extraction mirrors duplicate sink factory failures without aborting siblings [unit][bulk_extraction]
- bulk_extraction does not pre-merge distinct request strings [unit][bulk_extraction]
- bulk_extraction records per-entry failures without aborting siblings [unit][bulk_extraction]
- bulk_extraction records partial sink writes as per-entry I/O errors [unit][bulk_extraction]
- bulk_extraction streams large raw archive families through bounded chunks [unit][bulk_extraction][payload_stream]
- bulk_extraction source policy documents raw chunking and compressed allocation boundaries [unit][bulk_extraction][payload_stream]
## tests/unit/compatibility_warning_tests.cpp
- compatibility_warning reports BA2 target family mismatch [unit][compat][compatibility_warning]
- compatibility_warning reports BSA embedded name compatibility risk [unit][compat][compatibility_warning]
- compatibility_warning reports compressed sound payloads [unit][compat][compatibility_warning]
- compatibility_warning behavior covers every public warning code [unit][compat][compatibility_warning][validation_policy]
## tests/unit/validation_api_tests.cpp
- validation_api reports result-level setup errors [unit][validation_api]
- validation_api caps extractability before reading sparse payload bytes [unit][fixture][malformed][validation_api]
- validation_api accepts generated fixture archives [unit][fixture][validation_api]
- validation_api accepts writer-produced archives [unit][roundtrip][validation_api]
- validation_api reports malformed archives without lenient readers [unit][fixture][malformed][validation_api]
- validation_api reports compatibility_matrix malformed rows as validation errors [unit][fixture][malformed][validation_api][compatibility_matrix]
## tests/unit/public_include_boundary_tests.cpp
- public_include_boundary umbrella header exposes public boundary types [unit][public-api]
- public_include_boundary DX10 writer contract exposes no raw override surface [unit][public-api]
- public_include_boundary excludes private Phase 2 implementation names [unit][public-api]
- public_include_boundary writer execution options stay dependency-light [unit][public-api]
## tests/unit/export_surface_policy_tests.cpp
- export_surface public export header documents macro modes [unit][public-api][export_surface]
- export_surface root CMake installs export header and disables auto export [unit][public-api][export_surface]
- export_surface public emitted APIs are explicitly annotated [unit][public-api][export_surface]
## tests/unit/docs_policy_tests.cpp
- docs_policy static boundary keeps public API documentation optional [unit][docs_policy][static_boundary]
- docs_policy Doxyfile boundary documents public headers and excludes private inputs [unit][docs_policy][static_boundary]
- docs_policy API mainpage preserves public operation structure [unit][docs_policy][doc_structure]
- docs_policy public documentation surfaces hide planning identifiers [unit][docs_policy][doc_structure]
## tests/unit/target_format_policy_tests.cpp
- target_format_policy package consumer examples have docs and CTest smoke gates [unit][target_format_policy][package_consumer][doc_structure]
- target_format_policy guide covers every supported target format and compression route [unit][target_format_policy][doc_structure]
- target_format_policy guide documents public compatibility_warning_code values [unit][target_format_policy][validation_policy][doc_structure]
- target_format_policy guide documents writer output publication safety [unit][target_format_policy][doc_structure][publish]
- target_format_policy guide preserves legal evidence and reference boundaries [unit][target_format_policy][fixture][static_boundary][doc_structure]
## tests/package-consumer/main.cpp
- signals: archive_reader, tes3_bsa_writer, tes4_bsa_writer, ba2_gnrl_writer, ba2_dx10_writer, validate_archive
## tests/package-consumer/smoke.cmake
- signals: 
## tests/package-consumer/verify-runtime-dll-copy.cmake
- signals: 
## generated manifests present
- tests/fixtures/generated/archives/ba2_dx10_fo4_manifest.json: entries=3 variant=fallout4 version=1 provenance=[object Object]
- tests/fixtures/generated/archives/ba2_dx10_malformed_manifest.json: cases=11 provenance=[object Object]
- tests/fixtures/generated/archives/ba2_dx10_sfv3_manifest.json: entries=2 variant=starfield_v3 version=3 provenance=[object Object]
- tests/fixtures/generated/archives/ba2_gnrl_fo4_manifest.json: entries=3 variant=fallout4 version=1 provenance=[object Object]
- tests/fixtures/generated/archives/ba2_gnrl_malformed_manifest.json: cases=9 provenance=[object Object]
- tests/fixtures/generated/archives/ba2_gnrl_sfv2_manifest.json: entries=2 variant=starfield_v2 version=2 provenance=[object Object]
- tests/fixtures/generated/archives/ba2_gnrl_sfv3_manifest.json: entries=2 variant=starfield_v3 version=3 provenance=[object Object]
- tests/fixtures/generated/archives/malformed_manifest.json: cases=7 provenance=[object Object]
- tests/fixtures/generated/archives/tes3_malformed_manifest.json: cases=10 provenance=[object Object]
- tests/fixtures/generated/archives/tes3_success_manifest.json: entries=4 variant=tes3 version=256 provenance=[object Object]
- tests/fixtures/generated/archives/tes3_writer_canonical_manifest.json: entries=2 variant=tes3 version=256 provenance=[object Object]
- tests/fixtures/generated/archives/tes4_v103_manifest.json: entries=2 variant=tes4_v103 version=103 provenance=[object Object]
- tests/fixtures/generated/archives/tes4_v104_manifest.json: entries=2 variant=tes4_v104 version=104 provenance=[object Object]
- tests/fixtures/generated/archives/tes4_v105_manifest.json: entries=2 variant=tes4_v105 version=105 provenance=[object Object]
- tests/fixtures/generated/compatibility_matrix.json: rows=17 families=ba2_dx10,ba2_gnrl,tes3_bsa,tes4_bsa kind=phase11_malformed_hardening
- tests/fixtures/generated/source/ba2_dx10_writer_sources_manifest.json: keys=manifest_kind,provenance,valid_cases,structural_cases,invalid_cases
