== tests/CMakeLists.txt ==
1:find_package(Catch2 CONFIG REQUIRED)
2:find_package(nlohmann_json CONFIG REQUIRED)
3:find_package(Python3 COMPONENTS Interpreter REQUIRED)
59:        -P "${CMAKE_CURRENT_SOURCE_DIR}/package-consumer/copy-runtime-dlls.cmake"
78:  unit/docs_policy_tests.cpp
80:  unit/thread_safety_docs_policy_tests.cpp
81:  unit/target_format_policy_tests.cpp
99:  unit/public_include_boundary_tests.cpp
102:  unit/validation_api_tests.cpp
103:  unit/export_surface_policy_tests.cpp
304:  ADD_TAGS_AS_LABELS
309:add_test(
310:  NAME package_consumer_smoke
313:    -DLIBBSA_INSTALL_PREFIX=${CMAKE_BINARY_DIR}/package-consumer-prefix
314:    -DCONSUMER_SOURCE_DIR=${CMAKE_CURRENT_SOURCE_DIR}/package-consumer
315:    -DCONSUMER_BUILD_DIR=${CMAKE_BINARY_DIR}/package-consumer-build
317:    -P ${CMAKE_CURRENT_SOURCE_DIR}/package-consumer/smoke.cmake
321:# Windows-only package proof inside the normal CTest graph. Keep opt-in requires-game-fixture
324:add_test(
325:  NAME package_consumer_runtime_dll_copy
327:    -P ${CMAKE_CURRENT_SOURCE_DIR}/package-consumer/verify-runtime-dll-copy.cmake
330:set_tests_properties(package_consumer_smoke package_consumer_runtime_dll_copy PROPERTIES
331:  LABELS "package_consumer;target_format_policy"
335:  add_test(
336:    NAME shared_export_surface
343:  set_tests_properties(shared_export_surface PROPERTIES
344:    LABELS "export_surface;public-api"
348:add_test(
356:  LABELS "unit;fixture;malformed;compatibility_matrix"
== tests/package-consumer/smoke.cmake ==
12:  message(FATAL_ERROR "Unsupported package-consumer smoke CONFIG: ${CONFIG}")
23:      message(FATAL_ERROR "package consumer smoke CONFIG ${CONFIG} does not match producer build type ${producer_build_type}")
48:  # default build type when this smoke path validates the supported package-proof lanes.
53:  message(FATAL_ERROR "package consumer configure failed: ${configure_result}")
61:  message(FATAL_ERROR "package consumer build failed: ${build_result}")
71:# Static package installs can still depend on transitive vcpkg runtime DLLs, but the Release
72:# package-proof lanes must not pick up Debug copies from `debug/bin` by directory-copy order.
94:  message(FATAL_ERROR "package consumer test failed: ${test_result}")
