unit/test cpp files=52
total TEST_CASE macros=435
labels/tags with files:
  
    {"id": "ba2_dx10_truncated_header", "archive": "ba2_dx10_truncated_header.ba2", "expected_error": "format_error", "phase": "open"},
    {"id": "ba2_dx10_truncated_records", "archive": "ba2_dx10_truncated_records.ba2", "expected_error": "format_error", "phase": "open"},
    {"id": "ba2_dx10_truncated_chunks", "archive": "ba2_dx10_truncated_chunks.ba2", "expected_error": "format_error", "phase": "open"},
    {"id": "ba2_dx10_invalid_payload_span", "archive": "ba2_dx10_invalid_payload_span.ba2", "expected_error": "format_error", "phase": "open"},
    {"id": "ba2_dx10_inconsistent_chunk_sizes", "archive": "ba2_dx10_inconsistent_chunk_sizes.ba2", "expected_error": "format_error", "phase": "open"},
    {"id": "ba2_dx10_bad_compressed_chunk", "archive": "ba2_dx10_bad_compressed_chunk.ba2", "expected_error": "format_error", "phase": "extraction", "target_path": "textures/generated/fo4deflate.dds"},
    {"id": "ba2_dx10_decoded_size_mismatch", "archive": "ba2_dx10_decoded_size_mismatch.ba2", "expected_error": "format_error", "phase": "extraction", "target_path": "textures/generated/fo4deflate.dds"},
    {"id": "ba2_dx10_mip_gap", "archive": "ba2_dx10_mip_gap.ba2", "expected_error": "format_error", "phase": "open"},
    {"id": "ba2_dx10_duplicate_mip_face", "archive": "ba2_dx10_duplicate_mip_face.ba2", "expected_error": "format_error", "phase": "open"},
    {"id": "ba2_dx10_duplicate_canonical_path", "archive": "ba2_dx10_duplicate_canonical_path.ba2", "expected_error": "format_error", "phase": "open"},
    {"id": "ba2_dx10_unsupported_compression", "archive": "ba2_dx10_unsupported_compression.ba2", "expected_error": "unsupported", "phase": "open"}
  : 1 files
  
    {"id": "ba2_dx10_unsupported", "archive": "ba2_dx10_unsupported.ba2", "expected_error": "unsupported", "phase": "open"},
    {"id": "ba2_truncated_header", "archive": "ba2_truncated_header.ba2", "expected_error": "format_error", "phase": "open"},
    {"id": "ba2_truncated_records", "archive": "ba2_truncated_records.ba2", "expected_error": "format_error", "phase": "open"},
    {"id": "ba2_truncated_name_table", "archive": "ba2_truncated_name_table.ba2", "expected_error": "format_error", "phase": "open"},
    {"id": "ba2_invalid_payload_span", "archive": "ba2_invalid_payload_span.ba2", "expected_error": "format_error", "phase": "open"},
    {"id": "ba2_duplicate_canonical_path", "archive": "ba2_duplicate_canonical_path.ba2", "expected_error": "format_error", "phase": "open"},
    {"id": "ba2_corrupt_compressed_payload", "archive": "ba2_corrupt_compressed_payload.ba2", "expected_error": "format_error", "phase": "extraction", "target_path": "textures/nested/packed.dds"},
    {"id": "ba2_exact_size_mismatch", "archive": "ba2_exact_size_mismatch.ba2", "expected_error": "format_error", "phase": "extraction", "target_path": "textures/nested/packed.dds"},
    {"id": "ba2_unsupported_v3_compression_method", "archive": "ba2_unsupported_v3_compression_method.ba2", "expected_error": "unsupported", "phase": "open"}
  : 1 files
  
    {"id": "tes3_truncated_header", "archive": "tes3_truncated_header.bsa", "expected_error": "format_error", "phase": "open"},
    {"id": "tes3_truncated_records", "archive": "tes3_truncated_records.bsa", "expected_error": "format_error", "phase": "open"},
    {"id": "tes3_invalid_name_span", "archive": "tes3_invalid_name_span.bsa", "expected_error": "format_error", "phase": "open"},
    {"id": "tes3_invalid_payload_span", "archive": "tes3_invalid_payload_span.bsa", "expected_error": "format_error", "phase": "open"},
    {"id": "tes3_duplicate_canonical_path", "archive": "tes3_duplicate_canonical_path.bsa", "expected_error": "format_error", "phase": "open"},
    {"id": "tes3_inconsistent_counts_offsets", "archive": "tes3_inconsistent_counts_offsets.bsa", "expected_error": "format_error", "phase": "open"},
    {"id": "tes3_stored_hash_mismatch", "archive": "tes3_stored_hash_mismatch.bsa", "expected_error": "format_error", "phase": "open", "structural_issue": "stored_hash_mismatch"},
    {"id": "tes3_hash_collision", "archive": "tes3_hash_collision.bsa", "expected_error": "format_error", "phase": "open", "structural_issue": "duplicate_stored_hash"},
    {"id": "tes3_unsorted_hash_records", "archive": "tes3_unsorted_hash_records.bsa", "expected_error": "format_error", "phase": "open"},
    {"id": "tes3_raw_offset_absolute_regression", "archive": "tes3_raw_offset_absolute_regression.bsa", "expected_error": "format_error", "phase": "open"}
  : 1 files
  ",
      "ba2_gnrl_payloads_equal",
  });
  require_all_tokens(assign_offsets_body, layout_evidence);

  constexpr auto exact_equality_share_gate = std::to_array<std::string_view>({
      "auto equal = ba2_gnrl_payloads_equal(entry, entries[candidate.entry_index: 1 files
  ",
      "tes4_stored_payloads_equal",
  });
  require_all_tokens(source, narrowing_evidence);

  constexpr auto assignment_path_evidence = std::to_array<std::string_view>({
      "deduplicated_payloads.find",
      "deduplicated_payloads[",
      "tes4_stored_payloads_equal",
  });
  require_all_tokens(assign_offsets_body, assignment_path_evidence);

  constexpr auto exact_equality_share_gate = std::to_array<std::string_view>({
      "auto duplicate = tes4_stored_payloads_equal(entry, *candidate.entry);",
      "if (!duplicate)",
      "if (duplicate.value())",
      "entry.payload_offset = candidate.assignment.offset;",
      "entry.stored_size = candidate.assignment.stored_size;",
      "entry.owns_payload_bytes = false;",
  });
  require_all_tokens(assign_offsets_body, exact_equality_share_gate);

  constexpr auto all_prior_scan_tokens = std::to_array<std::string_view>({
      "std::vector<assigned_payload> deduplicated_payloads;",
      "for (const auto& candidate : deduplicated_payloads)",
      "deduplicated_payloads.push_back(assigned_payload",
  });
  require_absent_tokens(assign_offsets_body, all_prior_scan_tokens);
}

TEST_CASE("writer_hotspot_policy requires BA2 GNRL staged dedupe identity before exact equality",
          "[unit: 1 files
  \n";
    out << "    {\"id\": \"malformed_truncated_dds\", \"file\": \"ba2_dx10_malformed_truncated.dds\", \"expected_error\": \"format_error\"},\n";
    out << "    {\"id\": \"unsupported_r32g32b32a32_float\", \"file\": \"ba2_dx10_unsupported_r32g32b32a32_float.dds\", \"expected_error\": \"format_error\"},\n";
    out << "    {\"id\": \"unsupported_r8_unorm_1d\", \"file\": \"ba2_dx10_unsupported_r8_unorm_1d.dds\", \"expected_error\": \"format_error\"},\n";
    out << "    {\"id\": \"unsupported_r8g8b8a8_unorm_3d\", \"file\": \"ba2_dx10_unsupported_r8g8b8a8_unorm_3d.dds\", \"expected_error\": \"format_error\"}\n";
    out << "  : 1 files
  archive_reader_dispatch_policy: 1 files
  ba2_dx10: 1 files
  ba2_dx10_compression: 1 files
  ba2_dx10_detector: 1 files
  ba2_dx10_directxtex: 1 files
  ba2_dx10_extract: 1 files
  ba2_dx10_hash_lookup: 1 files
  ba2_dx10_layout: 1 files
  ba2_dx10_malformed: 1 files
  ba2_dx10_metadata: 2 files
  ba2_dx10_overlap: 1 files
  ba2_dx10_writer: 5 files
  ba2_gnrl_bounded_open: 1 files
  ba2_gnrl_detector: 1 files
  ba2_gnrl_end_table: 1 files
  ba2_gnrl_extract: 1 files
  ba2_gnrl_hash_lookup: 1 files
  ba2_gnrl_lookup: 1 files
  ba2_gnrl_malformed: 1 files
  ba2_gnrl_metadata: 1 files
  ba2_gnrl_overlap: 1 files
  ba2_gnrl_reader: 1 files
  ba2_gnrl_writer: 3 files
  ba2_writer_execution: 2 files
  bsa_writer_execution: 1 files
  compat: 5 files
  compatibility_matrix: 2 files
  compatibility_warning: 1 files
  docs_policy: 2 files
  fixture: 16 files
  package_consumer: 2 files
  reader_backend_dispatch: 2 files
  requires-game-fixture: 2 files
  roundtrip: 2 files
  target, archive_path: 1 files
  target, version, file_name, compression_method: 1 files
  target_format_policy: 1 files
  tes3_bsa_detector: 1 files
  tes3_bsa_entries: 1 files
  tes3_bsa_extract: 1 files
  tes3_bsa_lookup: 1 files
  tes3_bsa_malformed: 1 files
  tes3_bsa_metadata: 1 files
  tes3_bsa_writer: 3 files
  tes4_bsa: 1 files
  tes4_bsa_compression_routing: 1 files
  tes4_bsa_detection: 1 files
  tes4_bsa_embedded_name: 1 files
  tes4_bsa_entry_metadata: 1 files
  tes4_bsa_hash_lookup: 1 files
  tes4_bsa_listing: 1 files
  tes4_bsa_lookup: 1 files
  tes4_bsa_malformed_open: 1 files
  tes4_bsa_metadata: 1 files
  tes4_bsa_sink_errors: 1 files
  tes4_bsa_v103_extract: 1 files
  tes4_bsa_v104_extract: 1 files
  tes4_bsa_v105_extract: 1 files
  tes4_bsa_writer: 3 files
  validation_api: 1 files
  validation_policy: 3 files
  writer-source-io: 4 files
  writer-stage: 2 files
  writer_execution_options: 1 files
  writer_hotspot_policy: 1 files
  writer_ownership: 1 files
  writer_publish: 1 files

Representative tests by family/proof:
[tes3] 43 matches
  tests/unit/bethesda_hash_tests.cpp: bethesda_hash returns TES3 TES4 and FO4 constants [unit][hash][compat]
  tests/unit/bethesda_hash_tests.cpp: bethesda_hash exposes TES3 sort halves [unit][hash][bethesda_hash]
  tests/unit/bsa_writer_execution_tests.cpp: bsa_writer_execution TES3 worker_count streams large disk-backed source and reopens output [unit][bsa_writer_execution][bounded_memory_policy][tes3_bsa_writer]
  tests/unit/tes3_bsa_reader_tests.cpp: tes3_bsa_detector classifies Morrowind magic bytes before parser dispatch [unit][fixture][tes3_bsa_detector]
  tests/unit/tes3_bsa_reader_tests.cpp: tes3_bsa_detector leaves unrelated bytes unsupported [unit][tes3_bsa_detector]
  tests/unit/tes3_bsa_reader_tests.cpp: tes3_bsa_metadata opens generated Morrowind archives [unit][fixture][tes3_bsa_metadata]
  tests/unit/tes3_bsa_reader_tests.cpp: tes3_bsa_entries exposes manifest-backed metadata and offsets [unit][fixture][tes3_bsa_entries]
  tests/unit/tes3_bsa_reader_tests.cpp: tes3_bsa_lookup normalizes variants and stable missing-path behavior [unit][fixture][tes3_bsa_lookup]
  tests/unit/tes3_bsa_reader_tests.cpp: tes3_bsa_lookup helper normalizes variants over parsed entries [unit][fixture][tes3_bsa_lookup]
  tests/unit/tes3_bsa_reader_tests.cpp: tes3_bsa_extract streams and returns bytes from data-section-relative offsets [unit][fixture][tes3_bsa_extract]
  tests/unit/tes3_bsa_reader_tests.cpp: tes3_bsa_extract helper is raw-only and enforces sink writes [unit][tes3_bsa_extract]
  tests/unit/tes3_bsa_reader_tests.cpp: tes3_bsa_malformed rejects generated malformed TES3 cases with stable error codes [unit][fixture][malformed][tes3_bsa_malformed]
  ... +31 more
[tes4] 69 matches
  tests/unit/bethesda_hash_tests.cpp: bethesda_hash returns TES3 TES4 and FO4 constants [unit][hash][compat]
  tests/unit/bethesda_hash_tests.cpp: bethesda_hash supports split TES4 overload constants [unit][hash][compat]
  tests/unit/bsa_writer_execution_tests.cpp: bsa_writer_execution TES4 worker_count preserves deflate and LZ4-frame output compatibility [unit][bsa_writer_execution][bounded_memory_policy][tes4_bsa_writer]
  tests/unit/bsa_writer_execution_tests.cpp: bsa_writer_execution missing disk source with worker_count preserves existing output [unit][bsa_writer_execution][bounded_memory_policy][tes4_bsa_writer][publish]
  tests/unit/bsa_writer_execution_tests.cpp: bsa_writer_execution overwrite failure with worker_count preserves readable previous archive [unit][bsa_writer_execution][bounded_memory_policy][tes4_bsa_writer][publish]
  tests/unit/parser_preparer_seam_policy_tests.cpp: parser_preparer_seam_policy requires dedicated TES4 parser seams [unit][parser_preparer_seam_policy]
  tests/unit/tes4_bsa_parser_seam_tests.cpp: tes4 raw table seam reports table sizing and folder file-name offset handling [unit][fixture][tes4_bsa][parser_preparer_seam]
  tests/unit/tes4_bsa_parser_seam_tests.cpp: tes4 payload descriptor seam derives embedded-name prefix raw size compression and rejects metadata overlap [unit][fixture][tes4_bsa][parser_preparer_seam]
  tests/unit/tes4_bsa_reader_tests.cpp: tes4_bsa_detection opens byte-driven TES4-family BSA variants [unit][fixture][tes4_bsa_detection]
  tests/unit/tes4_bsa_reader_tests.cpp: tes4_bsa_detection rejects non-BSA bytes regardless of host extension [unit][fixture][tes4_bsa_detection]
  tests/unit/tes4_bsa_reader_tests.cpp: tes4_bsa_metadata exposes archive-level open state [unit][fixture][tes4_bsa_metadata]
  tests/unit/tes4_bsa_reader_tests.cpp: unsupported_future_bsa reports unsupported for recognized future BSA versions [unit][fixture][unsupported_future_bsa]
  ... +57 more
[ba2_gnrl] 49 matches
  tests/unit/ba2_gnrl_reader_tests.cpp: ba2_gnrl_detector opens Fallout 4 GNRL metadata without Starfield fields [unit][fixture][ba2_gnrl_detector]
  tests/unit/ba2_gnrl_reader_tests.cpp: ba2_gnrl_detector opens Starfield v2 GNRL metadata with version-gated unknowns [unit][fixture][ba2_gnrl_detector]
  tests/unit/ba2_gnrl_reader_tests.cpp: ba2_gnrl_detector opens Starfield v3 GNRL metadata with compression method [unit][fixture][ba2_gnrl_detector]
  tests/unit/ba2_gnrl_reader_tests.cpp: ba2_gnrl_detector rejects Phase 5 unsupported BA2 profiles with stable errors [unit][fixture][ba2_gnrl_detector]
  tests/unit/ba2_gnrl_reader_tests.cpp: ba2_gnrl_bounded_open opens sparse large-payload archives without reading payload bytes [unit][fixture][bounded_memory_policy][ba2_gnrl_bounded_open]
  tests/unit/ba2_gnrl_reader_tests.cpp: ba2_gnrl_end_table opens archives with payloads before the filename table [unit][fixture][ba2_gnrl_reader][ba2_gnrl_end_table]
  tests/unit/ba2_gnrl_reader_tests.cpp: ba2_gnrl_detector rejects unrepresentable high filename table ranges before materialization [unit][malformed][ba2_gnrl_detector]
  tests/unit/ba2_gnrl_reader_tests.cpp: ba2_gnrl_detector rejects non-empty payload spans in fixed metadata [unit][malformed][ba2_gnrl_detector]
  tests/unit/ba2_gnrl_reader_tests.cpp: ba2_gnrl_detector rejects partially overlapping payload spans [unit][malformed][ba2_gnrl_detector][ba2_gnrl_overlap]
  tests/unit/ba2_gnrl_reader_tests.cpp: ba2_gnrl_detector accepts exact duplicate non-empty payload spans [unit][ba2_gnrl_detector][ba2_gnrl_overlap]
  tests/unit/ba2_gnrl_reader_tests.cpp: ba2_gnrl_detector rejects record hash mismatches [unit][fixture][malformed][ba2_gnrl_detector][ba2_gnrl_hash_lookup]
  tests/unit/ba2_gnrl_reader_tests.cpp: ba2_gnrl_detector returns format_error for oversized declared record tables [unit][malformed][ba2_gnrl_detector][allocation]
  ... +37 more
[ba2_dx10] 67 matches
  tests/unit/ba2_dx10_extraction_tests.cpp: ba2_dx10_extract reconstructs DDS bytes through sink and extract_bytes [unit][fixture][ba2_dx10_extract]
  tests/unit/ba2_dx10_extraction_tests.cpp: ba2_dx10_compression routes raw deflate and LZ4 block chunks [unit][fixture][ba2_dx10_compression]
  tests/unit/ba2_dx10_extraction_tests.cpp: ba2_dx10_compressed_chunk_fallbacks preserve reconstructed fixture bytes [unit][fixture][ba2_dx10_compression][bounded_memory_policy]
  tests/unit/ba2_dx10_extraction_tests.cpp: ba2_dx10_directxtex validates reconstructed DDS metadata [unit][fixture][ba2_dx10_directxtex]
  tests/unit/ba2_dx10_extraction_tests.cpp: ba2_dx10_extract detects partial_sink writes after header output [unit][fixture][ba2_dx10_extract]
  tests/unit/ba2_dx10_malformed_tests.cpp: ba2_dx10_malformed manifest cases fail with stable errors [unit][fixture][malformed][ba2_dx10_malformed]
  tests/unit/ba2_dx10_metadata_tests.cpp: ba2_dx10_metadata exposes dependency-light texture metadata fields [unit][fixture][ba2_dx10_metadata]
  tests/unit/ba2_dx10_metadata_tests.cpp: ba2_dx10_metadata keeps non-texture entries opt-in [unit][fixture][ba2_dx10_metadata]
  tests/unit/ba2_dx10_parser_tests.cpp: ba2_dx10_detector opens generated FO4 texture archive [unit][fixture][ba2_dx10_detector]
  tests/unit/ba2_dx10_parser_tests.cpp: ba2_dx10_detector opens generated Starfield v3 texture archive [unit][fixture][ba2_dx10_detector]
  tests/unit/ba2_dx10_parser_tests.cpp: ba2_dx10_metadata exposes texture chunks from manifest records [unit][fixture][ba2_dx10_metadata]
  tests/unit/ba2_dx10_parser_tests.cpp: ba2_dx10_lookup preserves canonical lowercase paths and original spelling [unit][fixture][ba2_dx10_detector]
  ... +55 more
[validation] 32 matches
  tests/unit/ba2_dx10_preparer_seam_tests.cpp: BA2 DX10 snapshot builder preserves add-time snapshot immutability and target validation [unit][writer-stage][ba2_dx10_writer][parser_preparer_seam]
  tests/unit/ba2_dx10_writer_tests.cpp: BA2 DX10 writer cleans snapshot directories on validation failure and consumes writer [unit][ba2_dx10_writer][bounded_memory_policy][cleanup]
  tests/unit/ba2_dx10_writer_tests.cpp: ba2_dx10_writer::add_file accepts duplicate canonical archive paths for write-time validation [unit][ba2_dx10_writer][add]
  tests/unit/compatibility_warning_tests.cpp: compatibility_warning behavior covers every public warning code [unit][compat][compatibility_warning][validation_policy]
  tests/unit/coverage_audit_matrix_docs_tests.cpp: coverage_audit_matrix preserves direct validation success evidence [unit][coverage_audit_matrix][docs_policy]
  tests/unit/coverage_audit_matrix_docs_tests.cpp: compatibility_evidence names direct validation matrix and Starfield compression routes [unit][coverage_audit_matrix][docs_policy]
  tests/unit/coverage_audit_matrix_docs_tests.cpp: public_api_reality_check routes closed validation and package-consumer proof without API redesign [unit][coverage_audit_matrix][docs_policy]
  tests/unit/host_file_writer_name_tests.cpp: validation setup relies on archive_reader open instead of a duplicate readability preflight [unit][host_file]
  tests/unit/target_format_policy_tests.cpp: target_format_policy guide documents public compatibility_warning_code values [unit][target_format_policy][validation_policy][doc_structure]
  tests/unit/thread_safety_docs_policy_tests.cpp: thread_safety_policy documents callback sink writer validation and benchmark rules [unit][thread_safety_policy][doc_structure]
  tests/unit/validation_api_tests.cpp: validation_api reports result-level setup errors [unit][validation_api]
  tests/unit/validation_api_tests.cpp: validation_api caps extractability before reading sparse payload bytes [unit][fixture][malformed][validation_api]
  ... +20 more
[compatibility_warning] 5 matches
  tests/unit/compatibility_warning_tests.cpp: compatibility_warning reports BA2 target family mismatch [unit][compat][compatibility_warning]
  tests/unit/compatibility_warning_tests.cpp: compatibility_warning reports BSA embedded name compatibility risk [unit][compat][compatibility_warning]
  tests/unit/compatibility_warning_tests.cpp: compatibility_warning reports compressed sound payloads [unit][compat][compatibility_warning]
  tests/unit/compatibility_warning_tests.cpp: compatibility_warning behavior covers every public warning code [unit][compat][compatibility_warning][validation_policy]
  tests/unit/target_format_policy_tests.cpp: target_format_policy guide documents public compatibility_warning_code values [unit][target_format_policy][validation_policy][doc_structure]
[coverage_audit_matrix] 16 matches
  tests/unit/coverage_audit_matrix_docs_tests.cpp: coverage_audit_matrix lists every current archive family [unit][coverage_audit_matrix][docs_policy]
  tests/unit/coverage_audit_matrix_docs_tests.cpp: coverage_audit_matrix preserves every required support axis [unit][coverage_audit_matrix][docs_policy]
  tests/unit/coverage_audit_matrix_docs_tests.cpp: coverage_audit_matrix preserves default round-trip evidence for every family [unit][coverage_audit_matrix][docs_policy]
  tests/unit/coverage_audit_matrix_docs_tests.cpp: coverage_audit_matrix preserves default fixture and manifest evidence policy [unit][coverage_audit_matrix][docs_policy]
  tests/unit/coverage_audit_matrix_docs_tests.cpp: compatibility_evidence exposes default fixture round-trip proof sweep [unit][coverage_audit_matrix][docs_policy]
  tests/unit/coverage_audit_matrix_docs_tests.cpp: coverage_audit_matrix proves installed package-consumer runtime for every family [unit][coverage_audit_matrix][docs_policy][package_consumer]
  tests/unit/coverage_audit_matrix_docs_tests.cpp: coverage_audit_matrix preserves direct validation success evidence [unit][coverage_audit_matrix][docs_policy]
  tests/unit/coverage_audit_matrix_docs_tests.cpp: coverage_audit_matrix keeps COV-GAP-001 and COV-GAP-003 closed while preserving deferred gaps [unit][coverage_audit_matrix][docs_policy]
  tests/unit/coverage_audit_matrix_docs_tests.cpp: compatibility_evidence names direct validation matrix and Starfield compression routes [unit][coverage_audit_matrix][docs_policy]
  tests/unit/coverage_audit_matrix_docs_tests.cpp: public_api_reality_check routes closed validation and package-consumer proof without API redesign [unit][coverage_audit_matrix][docs_policy]
  tests/unit/coverage_audit_matrix_docs_tests.cpp: coverage_audit_matrix preserves status vocabulary and ranked gaps [unit][coverage_audit_matrix][docs_policy]
  tests/unit/coverage_audit_matrix_docs_tests.cpp: coverage_audit_matrix separates advisory local evidence from default proof [unit][coverage_audit_matrix][docs_policy]
  ... +4 more
[package_consumer] 2 matches
  tests/unit/coverage_audit_matrix_docs_tests.cpp: coverage_audit_matrix proves installed package-consumer runtime for every family [unit][coverage_audit_matrix][docs_policy][package_consumer]
  tests/unit/target_format_policy_tests.cpp: target_format_policy package consumer examples have docs and CTest smoke gates [unit][target_format_policy][package_consumer][doc_structure]
[public_include] 4 matches
  tests/unit/public_include_boundary_tests.cpp: public_include_boundary umbrella header exposes public boundary types [unit][public-api]
  tests/unit/public_include_boundary_tests.cpp: public_include_boundary DX10 writer contract exposes no raw override surface [unit][public-api]
  tests/unit/public_include_boundary_tests.cpp: public_include_boundary excludes private Phase 2 implementation names [unit][public-api]
  tests/unit/public_include_boundary_tests.cpp: public_include_boundary writer execution options stay dependency-light [unit][public-api]
[export_surface] 3 matches
  tests/unit/export_surface_policy_tests.cpp: export_surface public export header documents macro modes [unit][public-api][export_surface]
  tests/unit/export_surface_policy_tests.cpp: export_surface root CMake installs export header and disables auto export [unit][public-api][export_surface]
  tests/unit/export_surface_policy_tests.cpp: export_surface public emitted APIs are explicitly annotated [unit][public-api][export_surface]
[docs_policy] 27 matches
  tests/unit/coverage_audit_matrix_docs_tests.cpp: coverage_audit_matrix lists every current archive family [unit][coverage_audit_matrix][docs_policy]
  tests/unit/coverage_audit_matrix_docs_tests.cpp: coverage_audit_matrix preserves every required support axis [unit][coverage_audit_matrix][docs_policy]
  tests/unit/coverage_audit_matrix_docs_tests.cpp: coverage_audit_matrix preserves default round-trip evidence for every family [unit][coverage_audit_matrix][docs_policy]
  tests/unit/coverage_audit_matrix_docs_tests.cpp: coverage_audit_matrix preserves default fixture and manifest evidence policy [unit][coverage_audit_matrix][docs_policy]
  tests/unit/coverage_audit_matrix_docs_tests.cpp: compatibility_evidence exposes default fixture round-trip proof sweep [unit][coverage_audit_matrix][docs_policy]
  tests/unit/coverage_audit_matrix_docs_tests.cpp: coverage_audit_matrix proves installed package-consumer runtime for every family [unit][coverage_audit_matrix][docs_policy][package_consumer]
  tests/unit/coverage_audit_matrix_docs_tests.cpp: coverage_audit_matrix preserves direct validation success evidence [unit][coverage_audit_matrix][docs_policy]
  tests/unit/coverage_audit_matrix_docs_tests.cpp: coverage_audit_matrix keeps COV-GAP-001 and COV-GAP-003 closed while preserving deferred gaps [unit][coverage_audit_matrix][docs_policy]
  tests/unit/coverage_audit_matrix_docs_tests.cpp: compatibility_evidence names direct validation matrix and Starfield compression routes [unit][coverage_audit_matrix][docs_policy]
  tests/unit/coverage_audit_matrix_docs_tests.cpp: public_api_reality_check routes closed validation and package-consumer proof without API redesign [unit][coverage_audit_matrix][docs_policy]
  tests/unit/coverage_audit_matrix_docs_tests.cpp: coverage_audit_matrix preserves status vocabulary and ranked gaps [unit][coverage_audit_matrix][docs_policy]
  tests/unit/coverage_audit_matrix_docs_tests.cpp: coverage_audit_matrix separates advisory local evidence from default proof [unit][coverage_audit_matrix][docs_policy]
  ... +15 more
[target_format] 5 matches
  tests/unit/target_format_policy_tests.cpp: target_format_policy package consumer examples have docs and CTest smoke gates [unit][target_format_policy][package_consumer][doc_structure]
  tests/unit/target_format_policy_tests.cpp: target_format_policy guide covers every supported target format and compression route [unit][target_format_policy][doc_structure]
  tests/unit/target_format_policy_tests.cpp: target_format_policy guide documents public compatibility_warning_code values [unit][target_format_policy][validation_policy][doc_structure]
  tests/unit/target_format_policy_tests.cpp: target_format_policy guide documents writer output publication safety [unit][target_format_policy][doc_structure][publish]
  tests/unit/target_format_policy_tests.cpp: target_format_policy guide preserves legal evidence and reference boundaries [unit][target_format_policy][fixture][static_boundary][doc_structure]
