tests/CMakeLists.txt:12:    target_sources(${target_name}
tests/CMakeLists.txt:43:        libbsa::libbsa
tests/CMakeLists.txt:310:  NAME package_consumer_smoke
tests/CMakeLists.txt:325:  NAME package_consumer_runtime_dll_copy
tests/CMakeLists.txt:330:set_tests_properties(package_consumer_smoke package_consumer_runtime_dll_copy PROPERTIES
tests/CMakeLists.txt:331:  LABELS "package_consumer;target_format_policy"
CMakeLists.txt:63:add_library(libbsa::libbsa ALIAS libbsa)
CMakeLists.txt:88:    $<INSTALL_INTERFACE:${CMAKE_INSTALL_INCLUDEDIR}>
CMakeLists.txt:165:target_sources(libbsa
CMakeLists.txt:167:    FILE_SET HEADERS
CMakeLists.txt:188:      libbsa::libbsa
CMakeLists.txt:204:install(TARGETS libbsa
CMakeLists.txt:206:  FILE_SET HEADERS
CMakeLists.txt:209:install(EXPORT libbsaTargets
CMakeLists.txt:211:  DESTINATION ${CMAKE_INSTALL_LIBDIR}/cmake/libbsa
CMakeLists.txt:214:configure_package_config_file(
CMakeLists.txt:217:  INSTALL_DESTINATION ${CMAKE_INSTALL_LIBDIR}/cmake/libbsa
CMakeLists.txt:220:write_basic_package_version_file(
CMakeLists.txt:226:install(FILES
CMakeLists.txt:229:  DESTINATION ${CMAKE_INSTALL_LIBDIR}/cmake/libbsa
tests/package-consumer\CMakeLists.txt:3:project(libbsa_package_consumer LANGUAGES CXX)
tests/package-consumer\CMakeLists.txt:7:add_executable(libbsa_package_consumer main.cpp)
tests/package-consumer\CMakeLists.txt:8:target_compile_features(libbsa_package_consumer PRIVATE cxx_std_20)
tests/package-consumer\CMakeLists.txt:9:target_link_libraries(libbsa_package_consumer PRIVATE libbsa::libbsa)
tests/package-consumer\CMakeLists.txt:12:cmake_path(GET CMAKE_CXX_COMPILER PARENT_PATH libbsa_package_consumer_compiler_dir)
tests/package-consumer\CMakeLists.txt:14:add_custom_command(TARGET libbsa_package_consumer POST_BUILD
tests/package-consumer\CMakeLists.txt:16:    "-DRUNTIME_DLLS=$<TARGET_RUNTIME_DLLS:libbsa_package_consumer>"
tests/package-consumer\CMakeLists.txt:17:    "-DEXTRA_RUNTIME_DLLS=${libbsa_package_consumer_compiler_dir}/clang_rt.asan_dynamic-x86_64.dll;${libbsa_package_consumer_compiler_dir}/clang_rt.asan_dbg_dynamic-x86_64.dll"
tests/package-consumer\CMakeLists.txt:18:    "-DTARGET_DIR=$<TARGET_FILE_DIR:libbsa_package_consumer>"
tests/package-consumer\CMakeLists.txt:24:add_test(NAME libbsa_package_consumer_run COMMAND libbsa_package_consumer)
