## main...origin/main [ahead 8, behind 1]
 M .gsd.migrating/CODEBASE.md
 M .gsd.migrating/DECISIONS.md
 M .gsd.migrating/REQUIREMENTS.md
 M .gsd.migrating/STATE.md
 M .gsd.migrating/audit/events.jsonl
 M .gsd.migrating/auto.lock
 M .gsd.migrating/doctor-history.jsonl
 M .gsd.migrating/event-log.jsonl
 M .gsd.migrating/graphs/graph.json
 M .gsd.migrating/gsd.db
 M .gsd.migrating/gsd.db-shm
 M .gsd.migrating/gsd.db-wal
 M .gsd.migrating/journal/2026-05-20.jsonl
 M .gsd.migrating/metrics.json
 M .gsd.migrating/milestones/M001-k9wo8b/M001-k9wo8b-ROADMAP.md
 M .gsd.migrating/milestones/M001-k9wo8b/anchors/plan-slice.json
 M .gsd.migrating/milestones/M001-k9wo8b/anchors/research-slice.json
 M .gsd.migrating/milestones/M001-k9wo8b/slices/S02/S02-PLAN.md
 M .gsd.migrating/notifications.jsonl
 M .gsd.migrating/runtime/uok-parity.jsonl
 M .gsd.migrating/runtime/uok-plan-v2-graph.json
 M .gsd.migrating/runtime/uok-writer-sequence.json
 M .gsd.migrating/state-manifest.json
 M tests/fixtures/generated/archives/ba2_dx10_fo4_manifest.json
 M tests/fixtures/generated/archives/ba2_dx10_malformed_manifest.json
 M tests/fixtures/generated/archives/ba2_dx10_sfv3_manifest.json
 M tests/fixtures/generated/archives/ba2_gnrl_fo4_manifest.json
 M tests/fixtures/generated/archives/ba2_gnrl_malformed_manifest.json
 M tests/fixtures/generated/archives/ba2_gnrl_sfv2_manifest.json
 M tests/fixtures/generated/archives/ba2_gnrl_sfv3_manifest.json
 M tests/fixtures/generated/archives/tes3_malformed_manifest.json
 M tests/fixtures/generated/archives/tes3_success_manifest.json
 M tests/fixtures/generated/archives/tes3_writer_canonical_manifest.json
 M tests/fixtures/generated/archives/tes4_v103_manifest.json
 M tests/fixtures/generated/archives/tes4_v104_manifest.json
 M tests/fixtures/generated/archives/tes4_v105_manifest.json
 M tests/fixtures/generated/source/ba2_dx10_writer_sources_manifest.json
?? .gsd.migrating/activity/003-execute-task-M001-k9wo8b-S02-T03.jsonl
?? .gsd.migrating/activity/004-complete-slice-M001-k9wo8b-S02.jsonl
?? .gsd.migrating/activity/005-reassess-roadmap-M001-k9wo8b-S02.jsonl
?? .gsd.migrating/activity/006-plan-slice-M001-k9wo8b-S03.jsonl
?? .gsd.migrating/activity/007-execute-task-M001-k9wo8b-S03-T01.jsonl
?? .gsd.migrating/activity/008-execute-task-M001-k9wo8b-S03-T02.jsonl
?? .gsd.migrating/activity/009-complete-slice-M001-k9wo8b-S03.jsonl
?? .gsd.migrating/activity/010-reassess-roadmap-M001-k9wo8b-S03.jsonl
?? .gsd.migrating/activity/011-research-slice-M001-k9wo8b-S04.jsonl
?? .gsd.migrating/activity/012-plan-slice-M001-k9wo8b-S04.jsonl
?? .gsd.migrating/activity/013-execute-task-M001-k9wo8b-S04-T01.jsonl
?? .gsd.migrating/activity/014-execute-task-M001-k9wo8b-S04-T02.jsonl
?? .gsd.migrating/exec/00146bb2-5ea8-4a39-82a8-e650a38259b8.meta.json
?? .gsd.migrating/exec/00146bb2-5ea8-4a39-82a8-e650a38259b8.stderr
?? .gsd.migrating/exec/00146bb2-5ea8-4a39-82a8-e650a38259b8.stdout
?? .gsd.migrating/exec/0776a223-e1a1-4c8f-af74-f64af120ea5f.meta.json
?? .gsd.migrating/exec/0776a223-e1a1-4c8f-af74-f64af120ea5f.stderr
?? .gsd.migrating/exec/0776a223-e1a1-4c8f-af74-f64af120ea5f.stdout
?? .gsd.migrating/exec/081833ce-0d35-4e09-be78-615d3a7044f9.meta.json
?? .gsd.migrating/exec/081833ce-0d35-4e09-be78-615d3a7044f9.stderr
?? .gsd.migrating/exec/081833ce-0d35-4e09-be78-615d3a7044f9.stdout
?? .gsd.migrating/exec/08d47ca2-6d9a-4f50-902e-bcd97b8c6e0d.meta.json
?? .gsd.migrating/exec/08d47ca2-6d9a-4f50-902e-bcd97b8c6e0d.stderr
?? .gsd.migrating/exec/08d47ca2-6d9a-4f50-902e-bcd97b8c6e0d.stdout
?? .gsd.migrating/exec/0f2e4cac-db37-4141-b00c-866e941efc9a.meta.json
?? .gsd.migrating/exec/0f2e4cac-db37-4141-b00c-866e941efc9a.stderr
?? .gsd.migrating/exec/0f2e4cac-db37-4141-b00c-866e941efc9a.stdout
?? .gsd.migrating/exec/1b778ebf-2f1e-462d-9175-e4ca3356e499.meta.json
?? .gsd.migrating/exec/1b778ebf-2f1e-462d-9175-e4ca3356e499.stderr
?? .gsd.migrating/exec/1b778ebf-2f1e-462d-9175-e4ca3356e499.stdout
?? .gsd.migrating/exec/2089b100-5fbe-42ab-94d4-c7852647bab9.meta.json
?? .gsd.migrating/exec/2089b100-5fbe-42ab-94d4-c7852647bab9.stderr
?? .gsd.migrating/exec/2089b100-5fbe-42ab-94d4-c7852647bab9.stdout
?? .gsd.migrating/exec/22248ac6-5272-4ccd-8f7f-780c2f82e621.meta.json
?? .gsd.migrating/exec/22248ac6-5272-4ccd-8f7f-780c2f82e621.stderr
?? .gsd.migrating/exec/22248ac6-5272-4ccd-8f7f-780c2f82e621.stdout
?? .gsd.migrating/exec/2442ea6a-0085-44eb-ac55-8412f2444500.meta.json
?? .gsd.migrating/exec/2442ea6a-0085-44eb-ac55-8412f2444500.stderr
?? .gsd.migrating/exec/2442ea6a-0085-44eb-ac55-8412f2444500.stdout
?? .gsd.migrating/exec/2764ae84-4795-41bd-b258-df2e0112a368.meta.json
?? .gsd.migrating/exec/2764ae84-4795-41bd-b258-df2e0112a368.stderr
?? .gsd.migrating/exec/2764ae84-4795-41bd-b258-df2e0112a368.stdout
?? .gsd.migrating/exec/28e1a3b9-574b-45b2-94e1-f7d0468fd011.meta.json
?? .gsd.migrating/exec/28e1a3b9-574b-45b2-94e1-f7d0468fd011.stderr
?? .gsd.migrating/exec/28e1a3b9-574b-45b2-94e1-f7d0468fd011.stdout
?? .gsd.migrating/exec/2fcfb065-8803-4beb-8945-1b0142bc37b0.meta.json
?? .gsd.migrating/exec/2fcfb065-8803-4beb-8945-1b0142bc37b0.stderr
?? .gsd.migrating/exec/2fcfb065-8803-4beb-8945-1b0142bc37b0.stdout
?? .gsd.migrating/exec/32ead1c3-4c7a-46d1-a9b4-f710429f00aa.meta.json
?? .gsd.migrating/exec/32ead1c3-4c7a-46d1-a9b4-f710429f00aa.stderr
?? .gsd.migrating/exec/32ead1c3-4c7a-46d1-a9b4-f710429f00aa.stdout
?? .gsd.migrating/exec/334ecf36-ade2-4219-ad3a-12fbc1da2910.meta.json
?? .gsd.migrating/exec/334ecf36-ade2-4219-ad3a-12fbc1da2910.stderr
?? .gsd.migrating/exec/334ecf36-ade2-4219-ad3a-12fbc1da2910.stdout
?? .gsd.migrating/exec/35c8c51b-4fa3-445f-9a99-7dea896af595.meta.json
?? .gsd.migrating/exec/35c8c51b-4fa3-445f-9a99-7dea896af595.stderr
?? .gsd.migrating/exec/35c8c51b-4fa3-445f-9a99-7dea896af595.stdout
?? .gsd.migrating/exec/388f5808-cb29-40ad-91b7-7412a304c703.meta.json
?? .gsd.migrating/exec/388f5808-cb29-40ad-91b7-7412a304c703.stderr
?? .gsd.migrating/exec/388f5808-cb29-40ad-91b7-7412a304c703.stdout
?? .gsd.migrating/exec/390fb34d-f277-4ff6-a9ea-576f38e8d66a.meta.json
?? .gsd.migrating/exec/390fb34d-f277-4ff6-a9ea-576f38e8d66a.stderr
?? .gsd.migrating/exec/390fb34d-f277-4ff6-a9ea-576f38e8d66a.stdout
?? .gsd.migrating/exec/407093b5-402b-46fe-9d11-7c7c58df40f1.meta.json
?? .gsd.migrating/exec/407093b5-402b-46fe-9d11-7c7c58df40f1.stderr
?? .gsd.migrating/exec/407093b5-402b-46fe-9d11-7c7c58df40f1.stdout
?? .gsd.migrating/exec/420a09b5-92ee-4d02-b45a-0e2acd8348ef.meta.json
?? .gsd.migrating/exec/420a09b5-92ee-4d02-b45a-0e2acd8348ef.stderr
?? .gsd.migrating/exec/420a09b5-92ee-4d02-b45a-0e2acd8348ef.stdout
?? .gsd.migrating/exec/43a94e4b-08ff-470b-95e0-691e8fdb8e17.meta.json
?? .gsd.migrating/exec/43a94e4b-08ff-470b-95e0-691e8fdb8e17.stderr
?? .gsd.migrating/exec/43a94e4b-08ff-470b-95e0-691e8fdb8e17.stdout
?? .gsd.migrating/exec/4643c786-34c9-4801-bfb4-54b179af741d.meta.json
?? .gsd.migrating/exec/4643c786-34c9-4801-bfb4-54b179af741d.stderr
?? .gsd.migrating/exec/4643c786-34c9-4801-bfb4-54b179af741d.stdout
?? .gsd.migrating/exec/59acf441-be63-4a23-b262-643aad807f1e.meta.json
?? .gsd.migrating/exec/59acf441-be63-4a23-b262-643aad807f1e.stderr
?? .gsd.migrating/exec/59acf441-be63-4a23-b262-643aad807f1e.stdout
?? .gsd.migrating/exec/61adf371-5c03-46b6-9ce3-3e0e9f5fd9d2.meta.json
?? .gsd.migrating/exec/61adf371-5c03-46b6-9ce3-3e0e9f5fd9d2.stderr
?? .gsd.migrating/exec/61adf371-5c03-46b6-9ce3-3e0e9f5fd9d2.stdout
?? .gsd.migrating/exec/61c9d9fb-f2f4-482c-8404-9fa1266b22f6.meta.json
?? .gsd.migrating/exec/61c9d9fb-f2f4-482c-8404-9fa1266b22f6.stderr
?? .gsd.migrating/exec/61c9d9fb-f2f4-482c-8404-9fa1266b22f6.stdout
?? .gsd.migrating/exec/63469154-fbe6-4e28-9e99-219fd3d8499c.meta.json
?? .gsd.migrating/exec/63469154-fbe6-4e28-9e99-219fd3d8499c.stderr
?? .gsd.migrating/exec/63469154-fbe6-4e28-9e99-219fd3d8499c.stdout
?? .gsd.migrating/exec/66233205-9696-40c3-9de3-82b62f7cfead.meta.json
?? .gsd.migrating/exec/66233205-9696-40c3-9de3-82b62f7cfead.stderr
?? .gsd.migrating/exec/66233205-9696-40c3-9de3-82b62f7cfead.stdout
?? .gsd.migrating/exec/6785187b-87b5-471d-920b-5d3c1ede1f4c.meta.json
?? .gsd.migrating/exec/6785187b-87b5-471d-920b-5d3c1ede1f4c.stderr
?? .gsd.migrating/exec/6785187b-87b5-471d-920b-5d3c1ede1f4c.stdout
?? .gsd.migrating/exec/70306636-5643-47dd-b30a-8a6299d09bf9.meta.json
?? .gsd.migrating/exec/70306636-5643-47dd-b30a-8a6299d09bf9.stderr
?? .gsd.migrating/exec/70306636-5643-47dd-b30a-8a6299d09bf9.stdout
?? .gsd.migrating/exec/7205ab90-c6ce-461c-a6c0-460ae5d15b50.meta.json
?? .gsd.migrating/exec/7205ab90-c6ce-461c-a6c0-460ae5d15b50.stderr
?? .gsd.migrating/exec/7205ab90-c6ce-461c-a6c0-460ae5d15b50.stdout
?? .gsd.migrating/exec/73b30e09-7bdc-4316-89f7-58002860e503.meta.json
?? .gsd.migrating/exec/73b30e09-7bdc-4316-89f7-58002860e503.stderr
?? .gsd.migrating/exec/73b30e09-7bdc-4316-89f7-58002860e503.stdout
?? .gsd.migrating/exec/75712116-bafb-434d-9e86-9fd4088589eb.meta.json
?? .gsd.migrating/exec/75712116-bafb-434d-9e86-9fd4088589eb.stderr
?? .gsd.migrating/exec/75712116-bafb-434d-9e86-9fd4088589eb.stdout
?? .gsd.migrating/exec/78e59627-d7c3-4d7b-9464-28da8371d096.meta.json
?? .gsd.migrating/exec/78e59627-d7c3-4d7b-9464-28da8371d096.stderr
?? .gsd.migrating/exec/78e59627-d7c3-4d7b-9464-28da8371d096.stdout
?? .gsd.migrating/exec/8ce31543-29ff-4d89-b06a-108931110cef.meta.json
?? .gsd.migrating/exec/8ce31543-29ff-4d89-b06a-108931110cef.stderr
?? .gsd.migrating/exec/8ce31543-29ff-4d89-b06a-108931110cef.stdout
?? .gsd.migrating/exec/8d21460f-2219-47cd-9daf-fd5da4290443.meta.json
?? .gsd.migrating/exec/8d21460f-2219-47cd-9daf-fd5da4290443.stderr
?? .gsd.migrating/exec/8d21460f-2219-47cd-9daf-fd5da4290443.stdout
?? .gsd.migrating/exec/a1e97b17-8c14-4f81-ad20-ba05f498d140.meta.json
?? .gsd.migrating/exec/a1e97b17-8c14-4f81-ad20-ba05f498d140.stderr
?? .gsd.migrating/exec/a1e97b17-8c14-4f81-ad20-ba05f498d140.stdout
?? .gsd.migrating/exec/a69dc85e-21a0-4e13-95e6-d484c153c8ac.meta.json
?? .gsd.migrating/exec/a69dc85e-21a0-4e13-95e6-d484c153c8ac.stderr
?? .gsd.migrating/exec/a69dc85e-21a0-4e13-95e6-d484c153c8ac.stdout
?? .gsd.migrating/exec/a7b31030-bf47-4c97-ab78-36289cbd7cb1.meta.json
?? .gsd.migrating/exec/a7b31030-bf47-4c97-ab78-36289cbd7cb1.stderr
?? .gsd.migrating/exec/a7b31030-bf47-4c97-ab78-36289cbd7cb1.stdout
?? .gsd.migrating/exec/b3880a3c-2340-4cbd-babf-b0112ead3785.meta.json
?? .gsd.migrating/exec/b3880a3c-2340-4cbd-babf-b0112ead3785.stderr
?? .gsd.migrating/exec/b3880a3c-2340-4cbd-babf-b0112ead3785.stdout
?? .gsd.migrating/exec/b4fd174a-b738-48cc-bfb4-5448afcf9041.meta.json
?? .gsd.migrating/exec/b4fd174a-b738-48cc-bfb4-5448afcf9041.stderr
?? .gsd.migrating/exec/b4fd174a-b738-48cc-bfb4-5448afcf9041.stdout
?? .gsd.migrating/exec/b597f325-ec51-4098-9003-9bb08a8aba18.meta.json
?? .gsd.migrating/exec/b597f325-ec51-4098-9003-9bb08a8aba18.stderr
?? .gsd.migrating/exec/b597f325-ec51-4098-9003-9bb08a8aba18.stdout
?? .gsd.migrating/exec/b5a689cb-c716-46a4-b5f5-b2d05cd49cfb.meta.json
?? .gsd.migrating/exec/b5a689cb-c716-46a4-b5f5-b2d05cd49cfb.stderr
?? .gsd.migrating/exec/b5a689cb-c716-46a4-b5f5-b2d05cd49cfb.stdout
?? .gsd.migrating/exec/beeb9183-4d6b-454d-9d55-1890646d5c7b.meta.json
?? .gsd.migrating/exec/beeb9183-4d6b-454d-9d55-1890646d5c7b.stderr
?? .gsd.migrating/exec/beeb9183-4d6b-454d-9d55-1890646d5c7b.stdout
?? .gsd.migrating/exec/c5677ac1-f893-4654-bd39-6e431fd0ad00.meta.json
?? .gsd.migrating/exec/c5677ac1-f893-4654-bd39-6e431fd0ad00.stderr
?? .gsd.migrating/exec/c5677ac1-f893-4654-bd39-6e431fd0ad00.stdout
?? .gsd.migrating/exec/ca22ae62-e1b2-485d-a1c3-c87c4aa08ab0.meta.json
?? .gsd.migrating/exec/ca22ae62-e1b2-485d-a1c3-c87c4aa08ab0.stderr
?? .gsd.migrating/exec/ca22ae62-e1b2-485d-a1c3-c87c4aa08ab0.stdout
?? .gsd.migrating/exec/ce8061b1-abb4-481d-a904-49bead052aa6.meta.json
?? .gsd.migrating/exec/ce8061b1-abb4-481d-a904-49bead052aa6.stderr
?? .gsd.migrating/exec/ce8061b1-abb4-481d-a904-49bead052aa6.stdout
?? .gsd.migrating/exec/d5f28d45-306e-4d28-bfdf-cc8d0e24f1e1.meta.json
?? .gsd.migrating/exec/d5f28d45-306e-4d28-bfdf-cc8d0e24f1e1.stderr
?? .gsd.migrating/exec/d5f28d45-306e-4d28-bfdf-cc8d0e24f1e1.stdout
?? .gsd.migrating/exec/d9964d2a-36ea-4852-896e-24581c923d41.meta.json
?? .gsd.migrating/exec/d9964d2a-36ea-4852-896e-24581c923d41.stderr
?? .gsd.migrating/exec/d9964d2a-36ea-4852-896e-24581c923d41.stdout
?? .gsd.migrating/exec/d9d00a66-c19d-44a0-b849-7e9adc2ceef2.meta.json
?? .gsd.migrating/exec/d9d00a66-c19d-44a0-b849-7e9adc2ceef2.stderr
?? .gsd.migrating/exec/d9d00a66-c19d-44a0-b849-7e9adc2ceef2.stdout
?? .gsd.migrating/exec/daa47b5b-f262-43fb-98ae-0c72b28877d3.meta.json
?? .gsd.migrating/exec/daa47b5b-f262-43fb-98ae-0c72b28877d3.stderr
?? .gsd.migrating/exec/daa47b5b-f262-43fb-98ae-0c72b28877d3.stdout
?? .gsd.migrating/exec/dc0db56f-7bc2-4cec-b70c-09722a667b60.meta.json
?? .gsd.migrating/exec/dc0db56f-7bc2-4cec-b70c-09722a667b60.stderr
?? .gsd.migrating/exec/dc0db56f-7bc2-4cec-b70c-09722a667b60.stdout
?? .gsd.migrating/exec/de447852-bb3c-49c4-9832-b1950bd2094c.meta.json
?? .gsd.migrating/exec/de447852-bb3c-49c4-9832-b1950bd2094c.stderr
?? .gsd.migrating/exec/de447852-bb3c-49c4-9832-b1950bd2094c.stdout
?? .gsd.migrating/exec/df85ad2f-ac38-41b0-9bf7-ce0082dc4231.meta.json
?? .gsd.migrating/exec/df85ad2f-ac38-41b0-9bf7-ce0082dc4231.stderr
?? .gsd.migrating/exec/df85ad2f-ac38-41b0-9bf7-ce0082dc4231.stdout
?? .gsd.migrating/exec/e0f18d57-cc65-47d6-9fff-0e5310389bbb.meta.json
?? .gsd.migrating/exec/e0f18d57-cc65-47d6-9fff-0e5310389bbb.stderr
?? .gsd.migrating/exec/e0f18d57-cc65-47d6-9fff-0e5310389bbb.stdout
?? .gsd.migrating/exec/e118190c-2945-4b1b-9803-ee8f20e726d9.meta.json
?? .gsd.migrating/exec/e118190c-2945-4b1b-9803-ee8f20e726d9.stderr
?? .gsd.migrating/exec/e118190c-2945-4b1b-9803-ee8f20e726d9.stdout
?? .gsd.migrating/exec/e5d50b14-ddf4-45bd-bf00-ef2a2326578e.meta.json
?? .gsd.migrating/exec/e5d50b14-ddf4-45bd-bf00-ef2a2326578e.stderr
?? .gsd.migrating/exec/e5d50b14-ddf4-45bd-bf00-ef2a2326578e.stdout
?? .gsd.migrating/exec/f41f1044-b133-487a-ac21-76a2554d44a6.meta.json
?? .gsd.migrating/exec/f41f1044-b133-487a-ac21-76a2554d44a6.stderr
?? .gsd.migrating/exec/f41f1044-b133-487a-ac21-76a2554d44a6.stdout
?? .gsd.migrating/exec/fbefebae-1d8a-4288-8e68-bbba21e71208.meta.json
?? .gsd.migrating/exec/fbefebae-1d8a-4288-8e68-bbba21e71208.stderr
?? .gsd.migrating/exec/fbefebae-1d8a-4288-8e68-bbba21e71208.stdout
?? .gsd.migrating/milestones/M001-k9wo8b/slices/S02/S02-ASSESSMENT.md
?? .gsd.migrating/milestones/M001-k9wo8b/slices/S02/S02-SUMMARY.md
?? .gsd.migrating/milestones/M001-k9wo8b/slices/S02/S02-UAT.md
?? .gsd.migrating/milestones/M001-k9wo8b/slices/S02/tasks/T03-SUMMARY.md
?? .gsd.migrating/milestones/M001-k9wo8b/slices/S02/tasks/T03-VERIFY.json
?? .gsd.migrating/milestones/M001-k9wo8b/slices/S03/S03-ASSESSMENT.md
?? .gsd.migrating/milestones/M001-k9wo8b/slices/S03/S03-PLAN.md
?? .gsd.migrating/milestones/M001-k9wo8b/slices/S03/S03-PRE-EXEC-VERIFY.json
?? .gsd.migrating/milestones/M001-k9wo8b/slices/S03/S03-SUMMARY.md
?? .gsd.migrating/milestones/M001-k9wo8b/slices/S03/S03-UAT.md
?? .gsd.migrating/milestones/M001-k9wo8b/slices/S03/tasks/
?? .gsd.migrating/milestones/M001-k9wo8b/slices/S04/S04-PLAN.md
?? .gsd.migrating/milestones/M001-k9wo8b/slices/S04/S04-PRE-EXEC-VERIFY.json
?? .gsd.migrating/milestones/M001-k9wo8b/slices/S04/S04-RESEARCH.md
?? .gsd.migrating/milestones/M001-k9wo8b/slices/S04/tasks/
?? .gsd.migrating/runtime/units/complete-slice-M001-k9wo8b-S02.json
?? .gsd.migrating/runtime/units/complete-slice-M001-k9wo8b-S03.json
?? .gsd.migrating/runtime/units/execute-task-M001-k9wo8b-S02-T03.json
?? .gsd.migrating/runtime/units/execute-task-M001-k9wo8b-S03-T01.json
?? .gsd.migrating/runtime/units/execute-task-M001-k9wo8b-S03-T02.json
?? .gsd.migrating/runtime/units/execute-task-M001-k9wo8b-S04-T01.json
?? .gsd.migrating/runtime/units/execute-task-M001-k9wo8b-S04-T02.json
?? .gsd.migrating/runtime/units/plan-slice-M001-k9wo8b-S03.json
?? .gsd.migrating/runtime/units/plan-slice-M001-k9wo8b-S04.json
?? .gsd.migrating/runtime/units/reassess-roadmap-M001-k9wo8b-S02.json
?? .gsd.migrating/runtime/units/reassess-roadmap-M001-k9wo8b-S03.json
?? .gsd.migrating/runtime/units/research-slice-M001-k9wo8b-S04.json
?? .gsd.migrating/safety/
