COV-GAP lines:
62:| Validation API behavior | Partial | `include/libbsa/validation.hpp`; `tests/unit/validation_api_tests.cpp`; `tests/unit/compatibility_warning_tests.cpp` | The validation API has direct generated-fixture success proof for `tes4_v103.bsa`, direct writer-produced TES4 proof, malformed BSA proof, and compatibility-warning proof. Direct success validation rows for every v104/v105 generated fixture are not currently enumerated; see `COV-GAP-001`. |
82:| Validation API behavior | Partial | `include/libbsa/validation.hpp`; `tests/unit/validation_api_tests.cpp`; `tests/unit/compatibility_warning_tests.cpp` | The validation API directly accepts generated Fallout 4 BA2 GNRL and representative writer-produced BA2 GNRL archives, and malformed matrix rows cover BA2 GNRL failures. Direct validation success rows for Starfield v2/v3 generated fixtures are not enumerated; see `COV-GAP-001`. |
102:| Validation API behavior | Partial | `include/libbsa/validation.hpp`; `tests/unit/validation_api_tests.cpp` | The validation API directly accepts generated Fallout 4 BA2 DX10 and representative writer-produced BA2 DX10 archives, and malformed matrix rows cover BA2 DX10 failures. Direct validation success rows for Starfield v3 DX10 generated fixtures and both Starfield compression methods are not enumerated; see `COV-GAP-001`. |
104:| Public/package-consumer API proof | Proven | `tests/package-consumer/main.cpp`; `docs/integration-examples.md`; `tests/unit/public_include_boundary_tests.cpp`; `tests/unit/export_surface_policy_tests.cpp` | Package-consumer source compiles representative `ba2_dx10_writer` target/options usage and the documented example compiles through `<libbsa/libbsa.hpp>`. Runtime texture archive behavior is proven by unit fixture tests rather than package-consumer runtime fixtures; see `COV-GAP-003`. |
130:| 1 | `COV-GAP-001` | Medium | Validation API behavior for variant-specific success rows: TES4 v104/v105, BA2 GNRL Starfield v2/v3, and BA2 DX10 Starfield v3 compression-method routes. | `tests/unit/validation_api_tests.cpp` directly covers TES3, TES4 v103, Fallout 4 BA2 GNRL, Fallout 4 BA2 DX10, representative writer-produced archives, and malformed matrix rows; family reader/writer tests prove the remaining variants indirectly. | Add a compact validation-success parameter matrix if the validation/error-behavior audit needs direct per-variant validation proof. |
131:| 2 | `COV-GAP-002` | Low / Deferred | Full BSArchPro or real game-corpus compatibility comparisons for all families. | `tests/unit/local_game_fixture_tests.cpp`, `tests/fixtures/README.md`, and `docs/compatibility-evidence.md` document opt-in local checks, but default evidence intentionally avoids copyrighted archive bytes. | Future compatibility-hardening campaign using local manifests; keep default CI independent of local/copyrighted inputs. |
132:| 3 | `COV-GAP-003` | Low | Package-consumer runtime proof for creating/opening every archive family from an installed package. | `tests/package-consumer/main.cpp` compile/links representative public APIs and smoke-checks error behavior; actual archive behavior is covered by always-on unit fixture tests. | S05 integrated confidence/package-release polish can add installed-package fixture runtime tests if package-level behavior, not library behavior, becomes the risk. |
133:| 4 | `COV-GAP-004` | Low / Deferred | Family-specific compatibility warning taxonomy for TES3 BSA and BA2 DX10. | `include/libbsa/validation.hpp`, `tests/unit/compatibility_warning_tests.cpp`, and `docs/compatibility-evidence.md` prove every current public warning code; no TES3 or BA2 DX10-specific warning is currently claimed. | Add warning codes only when a known target interoperability risk is identified and can be proven with default generated or writer-output evidence. |

Round-trip axis lines:
40:| Round-trip/reopen | Proven | `tests/unit/tes3_bsa_writer_tests.cpp`; `tests/unit/validation_api_tests.cpp` | Writer-output archives reopen through `archive_reader` lookup/extraction; validation API accepts writer-produced TES3 archives with extractability enabled. |
60:| Round-trip/reopen | Proven | `tests/unit/tes4_bsa_writer_tests.cpp`; `tests/unit/archive_reader_dispatch_tests.cpp`; `tests/unit/validation_api_tests.cpp` | Writer raw output reopens for every target profile; target-default compression round-trips inherited entries; representative writer-produced TES4 archives validate with extractability enabled. |
80:| Round-trip/reopen | Proven | `tests/unit/ba2_gnrl_writer_tests.cpp`; `tests/unit/archive_reader_dispatch_tests.cpp`; `tests/unit/validation_api_tests.cpp` | Writer-output BA2 GNRL archives reopen through public metadata and extraction; representative Fallout 4 writer output validates with extractability enabled. |
100:| Round-trip/reopen | Proven | `tests/unit/ba2_dx10_writer_tests.cpp`; `tests/unit/archive_reader_dispatch_tests.cpp`; `tests/unit/validation_api_tests.cpp` | Writer-output archives reopen through `archive_reader`; Starfield routes preserve texture payload bytes through extraction; representative Fallout 4 writer output validates with extractability enabled. |

Family row status snippets:
31:### TES3 BSA
47:### TES4-family BSA
51:- **TES4-family BSA v103** — Oblivion-style target; raw and deflate extraction/writing are proven.
52:- **TES4-family BSA v104** — Fallout 3/Fallout New Vegas/Skyrim Legendary Edition style target; embedded-name stripping and raw/deflate routes are proven.
67:### BA2 GNRL
71:- **Fallout 4 BA2 GNRL v1** — Deflate-capable general BA2 route is proven.
72:- **Starfield BA2 GNRL v2** — Starfield unknown header fields plus deflate routing are proven.
73:- **Starfield BA2 GNRL v3** — `CompressionMethod == 0` deflate and `CompressionMethod == 3` raw-LZ4 block routes are proven by reader/writer tests.
78:| Extraction | Proven | `tests/unit/ba2_gnrl_reader_tests.cpp`; BA2 GNRL generated manifests under `tests/fixtures/generated/archives/` | Tests stream manifest-backed bytes, exercise compressed fallback routes, enforce partial-sink errors, and keep sparse/large-payload behavior bounded. |
80:| Round-trip/reopen | Proven | `tests/unit/ba2_gnrl_writer_tests.cpp`; `tests/unit/archive_reader_dispatch_tests.cpp`; `tests/unit/validation_api_tests.cpp` | Writer-output BA2 GNRL archives reopen through public metadata and extraction; representative Fallout 4 writer output validates with extractability enabled. |
82:| Validation API behavior | Partial | `include/libbsa/validation.hpp`; `tests/unit/validation_api_tests.cpp`; `tests/unit/compatibility_warning_tests.cpp` | The validation API directly accepts generated Fallout 4 BA2 GNRL and representative writer-produced BA2 GNRL archives, and malformed matrix rows cover BA2 GNRL failures. Direct validation success rows for Starfield v2/v3 generated fixtures are not enumerated; see `COV-GAP-001`. |
87:### BA2 DX10
91:- **Fallout 4 BA2 DX10 v1** — Texture metadata, DDS reconstruction, writer DDS validation, and deflate chunk route are proven.
92:- **Starfield BA2 DX10 v3, `CompressionMethod == 3`** — Raw-LZ4 block texture chunks are proven.
93:- **Starfield BA2 DX10 v3, `CompressionMethod == 0`** — Deflate compatibility route is proven.
98:| Extraction | Proven | `tests/unit/ba2_dx10_extraction_tests.cpp`; BA2 DX10 generated manifests under `tests/fixtures/generated/archives/` | Tests reconstruct DDS bytes through sinks and `extract_bytes`, validate reconstructed DDS metadata through DirectXTex-backed test paths, and exercise raw, deflate, and LZ4-block chunk routes. |
102:| Validation API behavior | Partial | `include/libbsa/validation.hpp`; `tests/unit/validation_api_tests.cpp` | The validation API directly accepts generated Fallout 4 BA2 DX10 and representative writer-produced BA2 DX10 archives, and malformed matrix rows cover BA2 DX10 failures. Direct validation success rows for Starfield v3 DX10 generated fixtures and both Starfield compression methods are not enumerated; see `COV-GAP-001`. |
103:| Compatibility warnings | N/A | `include/libbsa/validation.hpp`; `tests/unit/compatibility_warning_tests.cpp`; `docs/compatibility-evidence.md` | The current public warning catalog has no BA2 DX10-specific warning. Texture format restrictions are enforced as writer/parser validation behavior rather than compatibility warnings. |
109:`tests/fixtures/generated/compatibility_matrix.json` is a malformed-hardening submatrix. It currently indexes generated invalid or edge-case rows across TES3 BSA, TES4-family BSA, BA2 GNRL, and BA2 DX10 so validation and reader tests can prove stable errors for truncated structures, invalid spans, unsupported routes, decompression failures, duplicate records, and texture layout contradictions.
130:| 1 | `COV-GAP-001` | Medium | Validation API behavior for variant-specific success rows: TES4 v104/v105, BA2 GNRL Starfield v2/v3, and BA2 DX10 Starfield v3 compression-method routes. | `tests/unit/validation_api_tests.cpp` directly covers TES3, TES4 v103, Fallout 4 BA2 GNRL, Fallout 4 BA2 DX10, representative writer-produced archives, and malformed matrix rows; family reader/writer tests prove the remaining variants indirectly. | Add a compact validation-success parameter matrix if the validation/error-behavior audit needs direct per-variant validation proof. |
133:| 4 | `COV-GAP-004` | Low / Deferred | Family-specific compatibility warning taxonomy for TES3 BSA and BA2 DX10. | `include/libbsa/validation.hpp`, `tests/unit/compatibility_warning_tests.cpp`, and `docs/compatibility-evidence.md` prove every current public warning code; no TES3 or BA2 DX10-specific warning is currently claimed. | Add warning codes only when a known target interoperability risk is identified and can be proven with default generated or writer-output evidence. |
