Test project J:/libbsa/build/windows-msvc-debug-static
      Start   8: BA2 DX10 chunk assembler fails on missing or truncated snapshot bytes before publish-visible output changes
 1/45 Test   #8: BA2 DX10 chunk assembler fails on missing or truncated snapshot bytes before publish-visible output changes ...   Passed    0.03 sec
      Start  13: ba2 dx10 writer preparation stage prepares multi-mip and cubemap entries
 2/45 Test  #13: ba2 dx10 writer preparation stage prepares multi-mip and cubemap entries ......................................   Passed    0.03 sec
      Start  33: BA2 DX10 writer preserves caller-owned temp-name sibling files during unique temp publish
 3/45 Test  #33: BA2 DX10 writer preserves caller-owned temp-name sibling files during unique temp publish .....................   Passed    0.14 sec
      Start  59: BA2 DX10 writer cleans snapshot directories on truncated snapshot failure and preserves destination bytes
 4/45 Test  #59: BA2 DX10 writer cleans snapshot directories on truncated snapshot failure and preserves destination bytes .....   Passed    0.28 sec
      Start  70: BA2 DX10 writer DDS source manifest exposes dedicated structural cases
 5/45 Test  #70: BA2 DX10 writer DDS source manifest exposes dedicated structural cases ........................................   Passed    0.02 sec
      Start  73: ba2_dx10_writer::add_file rejects an empty DDS host path
 6/45 Test  #73: ba2_dx10_writer::add_file rejects an empty DDS host path ......................................................   Passed    0.01 sec
      Start  77: BA2 DX10 chunk assembler preserves Fallout 4 and Starfield v3 compression routing
 7/45 Test  #77: BA2 DX10 chunk assembler preserves Fallout 4 and Starfield v3 compression routing .............................   Passed    0.02 sec
      Start  78: BA2 DX10 writer cleans snapshot directories on missing snapshot failure
 8/45 Test  #78: BA2 DX10 writer cleans snapshot directories on missing snapshot failure .......................................   Passed    0.27 sec
      Start  89: ba2_dx10_writer::add_file rejects unsupported DDS formats
 9/45 Test  #89: ba2_dx10_writer::add_file rejects unsupported DDS formats .....................................................   Passed    0.02 sec
      Start 117: BA2 DX10 snapshot builder preserves add-time snapshot immutability and target validation
10/45 Test #117: BA2 DX10 snapshot builder preserves add-time snapshot immutability and target validation ......................   Passed    0.02 sec
      Start 119: ba2_dx10_writer reopens starfield method 0 deflate compression archives through archive_reader
11/45 Test #119: ba2_dx10_writer reopens starfield method 0 deflate compression archives through archive_reader ................   Passed    0.04 sec
      Start 121: ba2 dx10 writer preparation stage prepares a single-mip chunk
12/45 Test #121: ba2 dx10 writer preparation stage prepares a single-mip chunk .................................................   Passed    0.02 sec
      Start 129: ba2_dx10_writer reopens starfield method 3 raw LZ4 compression archives through archive_reader
13/45 Test #129: ba2_dx10_writer reopens starfield method 3 raw LZ4 compression archives through archive_reader ................   Passed    0.03 sec
      Start 137: BA2 DX10 writer overwrites existing archives when overwrite_existing is true
14/45 Test #137: BA2 DX10 writer overwrites existing archives when overwrite_existing is true ..................................   Passed    0.02 sec
      Start 145: ba2_dx10_writer reopens fo4 deflate compression archives through archive_reader
15/45 Test #145: ba2_dx10_writer reopens fo4 deflate compression archives through archive_reader ...............................   Passed    0.03 sec
      Start 152: BA2 DX10 writer state removes snapshot temp directory on teardown
16/45 Test #152: BA2 DX10 writer state removes snapshot temp directory on teardown .............................................   Passed    0.28 sec
      Start 155: ba2_writer_execution duplicate DX10 canonical paths return format_error without partial output
17/45 Test #155: ba2_writer_execution duplicate DX10 canonical paths return format_error without partial output ................   Passed    0.12 sec
      Start 157: ba2 dx10 writer preparation stage preserves multi-mip snapshot chunk order
18/45 Test #157: ba2 dx10 writer preparation stage preserves multi-mip snapshot chunk order ....................................   Passed    0.02 sec
      Start 158: bounded_memory_policy BA2 DX10 snapshot temp directories use hardened reservation
19/45 Test #158: bounded_memory_policy BA2 DX10 snapshot temp directories use hardened reservation .............................   Passed    0.01 sec
      Start 173: ba2_dx10_writer::add_file snapshots DDS bytes before later source file changes
20/45 Test #173: ba2_dx10_writer::add_file snapshots DDS bytes before later source file changes ................................   Passed    0.02 sec
      Start 190: ba2 dx10 writer layout stage toggles duplicate chunk reuse
21/45 Test #190: ba2 dx10 writer layout stage toggles duplicate chunk reuse ....................................................   Passed    0.01 sec
      Start 205: BA2 DX10 writer cleans snapshot directories on output failure and preserves primary error
22/45 Test #205: BA2 DX10 writer cleans snapshot directories on output failure and preserves primary error .....................   Passed    0.26 sec
      Start 233: BA2 DX10 writer rejects Starfield-only DDS formats for Fallout 4 archives
23/45 Test #233: BA2 DX10 writer rejects Starfield-only DDS formats for Fallout 4 archives .....................................   Passed    0.13 sec
      Start 234: BA2 DX10 writer records use canonical stem hash and extension metadata
24/45 Test #234: BA2 DX10 writer records use canonical stem hash and extension metadata ........................................   Passed    0.02 sec
      Start 236: ba2_writer_execution DX10 worker_count preserves starfield v3 raw LZ4 texture output
25/45 Test #236: ba2_writer_execution DX10 worker_count preserves starfield v3 raw LZ4 texture output ..........................   Passed    0.02 sec
      Start 242: ba2_dx10_writer::add_file rejects a missing DDS host path with structured error
26/45 Test #242: ba2_dx10_writer::add_file rejects a missing DDS host path with structured error ...............................   Passed    0.01 sec
      Start 245: BA2 DX10 writer rejects valid non-2D DDS sources
27/45 Test #245: BA2 DX10 writer rejects valid non-2D DDS sources ..............................................................   Passed    0.02 sec
      Start 246: BA2 DX10 writer DDS source manifest covers locked formats
28/45 Test #246: BA2 DX10 writer DDS source manifest covers locked formats .....................................................   Passed    0.02 sec
      Start 260: BA2 DX10 writer cleans snapshot directories on validation failure and consumes writer
29/45 Test #260: BA2 DX10 writer cleans snapshot directories on validation failure and consumes writer .........................   Passed    0.26 sec
      Start 263: BA2 DX10 writer cleans newly reserved snapshot directory when add_file fails
30/45 Test #263: BA2 DX10 writer cleans newly reserved snapshot directory when add_file fails ..................................   Passed    0.26 sec
      Start 291: ba2 dx10 writer preparation stage rejects truncated snapshots before publishing output
31/45 Test #291: ba2 dx10 writer preparation stage rejects truncated snapshots before publishing output ........................   Passed    0.02 sec
      Start 293: ba2_dx10_writer preserves multi mip array and cubemap image payload bytes through extraction
32/45 Test #293: ba2_dx10_writer preserves multi mip array and cubemap image payload bytes through extraction ..................   Passed    0.04 sec
      Start 322: BA2 DX10 writer resolves non-ASCII UTF-8 output host paths
33/45 Test #322: BA2 DX10 writer resolves non-ASCII UTF-8 output host paths ....................................................   Passed    0.02 sec
      Start 342: ba2_dx10_writer::add_file accepts duplicate canonical archive paths for write-time validation
34/45 Test #342: ba2_dx10_writer::add_file accepts duplicate canonical archive paths for write-time validation .................   Passed    0.12 sec
      Start 358: BA2 DX10 writer refuses to overwrite existing output by default and preserves bytes
35/45 Test #358: BA2 DX10 writer refuses to overwrite existing output by default and preserves bytes ...........................   Passed    0.13 sec
      Start 373: BA2 DX10 writer keeps duplicate DDS chunk offsets distinct when deduplicate_payloads = false
36/45 Test #373: BA2 DX10 writer keeps duplicate DDS chunk offsets distinct when deduplicate_payloads = false ..................   Passed    0.03 sec
      Start 374: ba2_writer_execution DX10 worker_count preserves Fallout 4 deflate texture output
37/45 Test #374: ba2_writer_execution DX10 worker_count preserves Fallout 4 deflate texture output .............................   Passed    0.03 sec
      Start 377: BA2 DX10 chunk assembler streams snapshot-backed chunk assembly in texture order
38/45 Test #377: BA2 DX10 chunk assembler streams snapshot-backed chunk assembly in texture order ..............................   Passed    0.03 sec
      Start 385: ba2_dx10_writer::add_file accepts a valid DDS source
39/45 Test #385: ba2_dx10_writer::add_file accepts a valid DDS source ..........................................................   Passed    0.02 sec
      Start 388: BA2 DX10 writer rejects non-regular overwrite targets without replacing them
40/45 Test #388: BA2 DX10 writer rejects non-regular overwrite targets without replacing them ..................................   Passed    0.12 sec
      Start 400: BA2 DX10 writer removes snapshot temp directories after successful write while alive
41/45 Test #400: BA2 DX10 writer removes snapshot temp directories after successful write while alive ..........................   Passed    0.26 sec
      Start 402: BA2 DX10 writer shares duplicate DDS chunk offsets when deduplicate_payloads = true
42/45 Test #402: BA2 DX10 writer shares duplicate DDS chunk offsets when deduplicate_payloads = true ...........................   Passed    0.14 sec
      Start 408: BA2 DX10 writer DDS source manifest rejects malformed and unsupported DDS sources
43/45 Test #408: BA2 DX10 writer DDS source manifest rejects malformed and unsupported DDS sources .............................   Passed    0.02 sec
      Start 425: BA2 DX10 writer is consumed after successful write attempts
44/45 Test #425: BA2 DX10 writer is consumed after successful write attempts ...................................................   Passed    0.02 sec
      Start 426: ba2_dx10_writer::add_file rejects malformed DDS bytes
45/45 Test #426: ba2_dx10_writer::add_file rejects malformed DDS bytes .........................................................   Passed    0.12 sec

100% tests passed, 0 tests failed out of 45

Label Time Summary:
DX10                     =   0.17 sec*proc (3 tests)
add                      =   0.74 sec*proc (10 tests)
ba2_dx10_writer          =   3.55 sec*proc (45 tests)
ba2_writer_execution     =   0.17 sec*proc (3 tests)
bounded_memory_policy    =   2.10 sec*proc (13 tests)
cleanup                  =   1.89 sec*proc (8 tests)
compression              =   0.10 sec*proc (3 tests)
dds                      =   0.05 sec*proc (3 tests)
dedupe                   =   0.16 sec*proc (2 tests)
fixture                  =   0.05 sec*proc (3 tests)
fo4                      =   0.03 sec*proc (1 test)
metadata                 =   0.02 sec*proc (1 test)
overwrite                =   0.27 sec*proc (3 tests)
parser_preparer_seam     =   0.10 sec*proc (4 tests)
publish                  =   1.12 sec*proc (9 tests)
security                 =   0.01 sec*proc (1 test)
starfield                =   0.13 sec*proc (4 tests)
structural               =   0.04 sec*proc (1 test)
temp                     =   0.14 sec*proc (1 test)
unit                     =   3.55 sec*proc (45 tests)
worker_count             =   0.17 sec*proc (3 tests)
writer-stage             =   0.20 sec*proc (9 tests)

Total Test time (real) =   4.46 sec
