tests/fixtures/generated/generate_ba2_dx10_fixtures.cpp:26:  constexpr std::uint32_t dds_dxt10_header_size = 148U;
tests/fixtures/generated/generate_ba2_dx10_fixtures.cpp:27:  constexpr std::uint32_t dds_fourcc_dx10 = 0x30315844U;
tests/fixtures/generated/generate_ba2_dx10_fixtures.cpp:28:  constexpr std::uint32_t dds_header_flags_volume = 0x00800000U;
tests/fixtures/generated/generate_ba2_dx10_fixtures.cpp:29:  constexpr std::uint32_t dds_caps_texture = 0x00001000U;
tests/fixtures/generated/generate_ba2_dx10_fixtures.cpp:30:  constexpr std::uint32_t dds_caps_complex = 0x00000008U;
tests/fixtures/generated/generate_ba2_dx10_fixtures.cpp:31:  constexpr std::uint32_t dds_caps_mipmap = 0x00400000U;
tests/fixtures/generated/generate_ba2_dx10_fixtures.cpp:32:  constexpr std::uint32_t dds_caps2_cubemap = 0x00000200U;
tests/fixtures/generated/generate_ba2_dx10_fixtures.cpp:33:  constexpr std::uint32_t dds_caps2_cubemap_all_faces = 0x0000FC00U;
tests/fixtures/generated/generate_ba2_dx10_fixtures.cpp:34:  constexpr std::uint32_t dds_caps2_volume = 0x00200000U;
tests/fixtures/generated/generate_ba2_dx10_fixtures.cpp:35:  constexpr std::uint32_t dds_resource_dimension_texture1d = 2U;
tests/fixtures/generated/generate_ba2_dx10_fixtures.cpp:36:  constexpr std::uint32_t dds_resource_dimension_texture2d = 3U;
tests/fixtures/generated/generate_ba2_dx10_fixtures.cpp:37:  constexpr std::uint32_t dds_resource_dimension_texture3d = 4U;
tests/fixtures/generated/generate_ba2_dx10_fixtures.cpp:148:  struct source_dds_spec
tests/fixtures/generated/generate_ba2_dx10_fixtures.cpp:161:    std::uint32_t resource_dimension{dds_resource_dimension_texture2d};
tests/fixtures/generated/generate_ba2_dx10_fixtures.cpp:300:  std::size_t dds_mip_size(std::uint32_t format, std::uint32_t width, std::uint32_t height)
tests/fixtures/generated/generate_ba2_dx10_fixtures.cpp:310:  std::vector<source_dds_spec> source_dds_valid_specs()
tests/fixtures/generated/generate_ba2_dx10_fixtures.cpp:312:    return {{"bc1_unorm", "ba2_dx10_bc1_unorm.dds", 71U, "BC1_UNORM", 16U, 16U, 1U, 1U, false,
tests/fixtures/generated/generate_ba2_dx10_fixtures.cpp:313:             "textures/formats/bc1_unorm.dds", "format"},
tests/fixtures/generated/generate_ba2_dx10_fixtures.cpp:314:            {"bc1_unorm_srgb", "ba2_dx10_bc1_unorm_srgb.dds", 72U, "BC1_UNORM_SRGB", 16U, 16U, 1U, 1U, false,
tests/fixtures/generated/generate_ba2_dx10_fixtures.cpp:315:             "textures/formats/bc1_unorm_srgb.dds", "format"},
tests/fixtures/generated/generate_ba2_dx10_fixtures.cpp:316:            {"bc3_unorm", "ba2_dx10_bc3_unorm.dds", 77U, "BC3_UNORM", 16U, 16U, 1U, 1U, false,
tests/fixtures/generated/generate_ba2_dx10_fixtures.cpp:317:             "textures/formats/bc3_unorm.dds", "format"},
tests/fixtures/generated/generate_ba2_dx10_fixtures.cpp:318:            {"bc4_unorm", "ba2_dx10_bc4_unorm.dds", 80U, "BC4_UNORM", 16U, 16U, 1U, 1U, false,
tests/fixtures/generated/generate_ba2_dx10_fixtures.cpp:319:             "textures/formats/bc4_unorm.dds", "format"},
tests/fixtures/generated/generate_ba2_dx10_fixtures.cpp:320:            {"bc5_unorm", "ba2_dx10_bc5_unorm.dds", 83U, "BC5_UNORM", 16U, 16U, 1U, 1U, false,
tests/fixtures/generated/generate_ba2_dx10_fixtures.cpp:321:             "textures/formats/bc5_unorm.dds", "format"},
tests/fixtures/generated/generate_ba2_dx10_fixtures.cpp:322:            {"bc5_snorm", "ba2_dx10_bc5_snorm.dds", 84U, "BC5_SNORM", 16U, 16U, 1U, 1U, false,
tests/fixtures/generated/generate_ba2_dx10_fixtures.cpp:323:             "textures/formats/bc5_snorm.dds", "format"},
tests/fixtures/generated/generate_ba2_dx10_fixtures.cpp:324:            {"bc6h_uf16", "ba2_dx10_bc6h_uf16.dds", 95U, "BC6H_UF16", 16U, 16U, 1U, 1U, false,
tests/fixtures/generated/generate_ba2_dx10_fixtures.cpp:325:             "textures/formats/bc6h_uf16.dds", "format"},
tests/fixtures/generated/generate_ba2_dx10_fixtures.cpp:326:            {"bc6h_sf16", "ba2_dx10_bc6h_sf16.dds", 96U, "BC6H_SF16", 16U, 16U, 1U, 1U, false,
tests/fixtures/generated/generate_ba2_dx10_fixtures.cpp:327:             "textures/formats/bc6h_sf16.dds", "format"},
tests/fixtures/generated/generate_ba2_dx10_fixtures.cpp:328:            {"bc7_unorm", "ba2_dx10_bc7_unorm.dds", 98U, "BC7_UNORM", 16U, 16U, 1U, 1U, false,
tests/fixtures/generated/generate_ba2_dx10_fixtures.cpp:329:             "textures/formats/bc7_unorm.dds", "format"},
tests/fixtures/generated/generate_ba2_dx10_fixtures.cpp:330:            {"bc7_unorm_srgb", "ba2_dx10_bc7_unorm_srgb.dds", 99U, "BC7_UNORM_SRGB", 16U, 16U, 1U, 1U, false,
tests/fixtures/generated/generate_ba2_dx10_fixtures.cpp:331:             "textures/formats/bc7_unorm_srgb.dds", "format"},
tests/fixtures/generated/generate_ba2_dx10_fixtures.cpp:332:            {"r8g8b8a8_unorm", "ba2_dx10_r8g8b8a8_unorm.dds", 28U, "R8G8B8A8_UNORM", 8U, 8U, 1U, 1U, false,
tests/fixtures/generated/generate_ba2_dx10_fixtures.cpp:333:             "textures/formats/r8g8b8a8_unorm.dds", "format"},
tests/fixtures/generated/generate_ba2_dx10_fixtures.cpp:334:            {"r8g8b8a8_unorm_srgb", "ba2_dx10_r8g8b8a8_unorm_srgb.dds", 29U, "R8G8B8A8_UNORM_SRGB", 8U, 8U, 1U, 1U,
tests/fixtures/generated/generate_ba2_dx10_fixtures.cpp:335:             false, "textures/formats/r8g8b8a8_unorm_srgb.dds", "format"},
tests/fixtures/generated/generate_ba2_dx10_fixtures.cpp:336:            {"b8g8r8a8_unorm", "ba2_dx10_b8g8r8a8_unorm.dds", 87U, "B8G8R8A8_UNORM", 8U, 8U, 1U, 1U, false,
tests/fixtures/generated/generate_ba2_dx10_fixtures.cpp:337:             "textures/formats/b8g8r8a8_unorm.dds", "format"},
tests/fixtures/generated/generate_ba2_dx10_fixtures.cpp:338:            {"r8_unorm", "ba2_dx10_r8_unorm.dds", 61U, "R8_UNORM", 8U, 8U, 1U, 1U, false,
tests/fixtures/generated/generate_ba2_dx10_fixtures.cpp:339:             "textures/formats/r8_unorm.dds", "format"},
tests/fixtures/generated/generate_ba2_dx10_fixtures.cpp:340:            {"r8g8b8a8_snorm", "ba2_dx10_r8g8b8a8_snorm.dds", 31U, "R8G8B8A8_SNORM", 8U, 8U, 1U, 1U, false,
tests/fixtures/generated/generate_ba2_dx10_fixtures.cpp:341:             "textures/formats/r8g8b8a8_snorm.dds", "format"},
tests/fixtures/generated/generate_ba2_dx10_fixtures.cpp:342:            {"multi_mip_bc7_unorm", "ba2_dx10_multi_mip_bc7_unorm.dds", 98U, "BC7_UNORM", 128U, 128U, 5U, 1U, false,
tests/fixtures/generated/generate_ba2_dx10_fixtures.cpp:343:             "textures/structural/multi_mip_bc7_unorm.dds", "multi_mip"},
tests/fixtures/generated/generate_ba2_dx10_fixtures.cpp:344:            {"array_bc5_unorm_2slice", "ba2_dx10_array_bc5_unorm_2slice.dds", 83U, "BC5_UNORM", 64U, 64U, 1U, 2U, false,
tests/fixtures/generated/generate_ba2_dx10_fixtures.cpp:345:             "textures/structural/array_bc5_unorm_2slice.dds", "array"},
tests/fixtures/generated/generate_ba2_dx10_fixtures.cpp:346:            {"cubemap_bc1_unorm_6face", "ba2_dx10_cubemap_bc1_unorm_6face.dds", 71U, "BC1_UNORM", 32U, 32U, 1U, 1U, true,
tests/fixtures/generated/generate_ba2_dx10_fixtures.cpp:347:             "textures/structural/cubemap_bc1_unorm_6face.dds", "cubemap"},
tests/fixtures/generated/generate_ba2_dx10_fixtures.cpp:348:            {"cubemap_array_bc1_unorm_12face", "ba2_dx10_cubemap_array_bc1_unorm_12face.dds", 71U, "BC1_UNORM", 32U, 32U, 1U, 2U,
tests/fixtures/generated/generate_ba2_dx10_fixtures.cpp:349:             true, "textures/structural/cubemap_array_bc1_unorm_12face.dds", "cubemap_array"}};
tests/fixtures/generated/generate_ba2_dx10_fixtures.cpp:352:  std::vector<std::byte> build_source_dds(const source_dds_spec &spec)
tests/fixtures/generated/generate_ba2_dx10_fixtures.cpp:357:        0x0002100FU | (spec.resource_dimension == dds_resource_dimension_texture3d ? dds_header_flags_volume : 0U);
tests/fixtures/generated/generate_ba2_dx10_fixtures.cpp:358:    const auto caps = dds_caps_texture | (spec.mip_count > 1U ? dds_caps_complex | dds_caps_mipmap : 0U) |
tests/fixtures/generated/generate_ba2_dx10_fixtures.cpp:359:                      (spec.is_cubemap ? dds_caps_complex : 0U);
tests/fixtures/generated/generate_ba2_dx10_fixtures.cpp:363:      caps2 = dds_caps2_cubemap | dds_caps2_cubemap_all_faces;
tests/fixtures/generated/generate_ba2_dx10_fixtures.cpp:365:    else if (spec.resource_dimension == dds_resource_dimension_texture3d)
tests/fixtures/generated/generate_ba2_dx10_fixtures.cpp:367:      caps2 = dds_caps2_volume;
tests/fixtures/generated/generate_ba2_dx10_fixtures.cpp:370:                             spec.resource_dimension == dds_resource_dimension_texture3d ? spec.depth : 0U,
tests/fixtures/generated/generate_ba2_dx10_fixtures.cpp:379:    for (const auto value : {32U, 0x00000004U, dds_fourcc_dx10, 0U, 0U, 0U, 0U, 0U, caps, caps2, 0U, 0U, 0U})
tests/fixtures/generated/generate_ba2_dx10_fixtures.cpp:387:    if (writer.bytes.size() != dds_dxt10_header_size)
tests/fixtures/generated/generate_ba2_dx10_fixtures.cpp:392:    if (spec.resource_dimension == dds_resource_dimension_texture3d)
tests/fixtures/generated/generate_ba2_dx10_fixtures.cpp:399:        const auto size = dds_mip_size(spec.format_id, width, height);
tests/fixtures/generated/generate_ba2_dx10_fixtures.cpp:419:            const auto size = dds_mip_size(spec.format_id, width, height);
tests/fixtures/generated/generate_ba2_dx10_fixtures.cpp:428:  void write_source_case_json(std::ostringstream &out, const source_dds_spec &spec, std::string_view indent)
tests/fixtures/generated/generate_ba2_dx10_fixtures.cpp:438:  std::string writer_sources_manifest(const std::vector<source_dds_spec> &specs)
tests/fixtures/generated/generate_ba2_dx10_fixtures.cpp:442:    out << "  \"manifest_kind\": \"ba2_dx10_writer_source_dds_cases\",\n";
tests/fixtures/generated/generate_ba2_dx10_fixtures.cpp:456:      const auto found = std::find_if(specs.begin(), specs.end(), [&](const source_dds_spec &spec)
tests/fixtures/generated/generate_ba2_dx10_fixtures.cpp:468:    out << "    {\"id\": \"malformed_truncated_dds\", \"file\": \"ba2_dx10_malformed_truncated.dds\", \"expected_error\": \"format_error\"},\n";
tests/fixtures/generated/generate_ba2_dx10_fixtures.cpp:469:    out << "    {\"id\": \"unsupported_r32g32b32a32_float\", \"file\": \"ba2_dx10_unsupported_r32g32b32a32_float.dds\", \"expected_error\": \"format_error\"},\n";
tests/fixtures/generated/generate_ba2_dx10_fixtures.cpp:470:    out << "    {\"id\": \"unsupported_r8_unorm_1d\", \"file\": \"ba2_dx10_unsupported_r8_unorm_1d.dds\", \"expected_error\": \"format_error\"},\n";
tests/fixtures/generated/generate_ba2_dx10_fixtures.cpp:471:    out << "    {\"id\": \"unsupported_r8g8b8a8_unorm_3d\", \"file\": \"ba2_dx10_unsupported_r8g8b8a8_unorm_3d.dds\", \"expected_error\": \"format_error\"}\n";
tests/fixtures/generated/generate_ba2_dx10_fixtures.cpp:682:            .textures = {{.original_path = "Textures/Generated/Fo4Raw.dds",
tests/fixtures/generated/generate_ba2_dx10_fixtures.cpp:690:                         {.original_path = "Textures/Generated/Fo4Deflate.dds",
tests/fixtures/generated/generate_ba2_dx10_fixtures.cpp:704:                         {.original_path = "Textures/Generated/Fo4Cube.dds",
tests/fixtures/generated/generate_ba2_dx10_fixtures.cpp:726:            .textures = {{.original_path = "Textures/Generated/SfRawLz4.dds",
tests/fixtures/generated/generate_ba2_dx10_fixtures.cpp:733:                         {.original_path = "Textures/Generated/SfArray.dds",
tests/fixtures/generated/generate_ba2_dx10_fixtures.cpp:751:            .textures = {{.original_path = "Textures/Generated/Duplicate.dds",
tests/fixtures/generated/generate_ba2_dx10_fixtures.cpp:756:                         {.original_path = "textures/generated/duplicate.dds",
tests/fixtures/generated/generate_ba2_dx10_fixtures.cpp:874:      out << "      \"expected_dds_payload\": {\"bytes_hex\": \"" << to_hex(decoded) << "\", \"sha256_placeholder\": \"" << to_hex(decoded) << "\"},\n";
tests/fixtures/generated/generate_ba2_dx10_fixtures.cpp:908:    const auto specs = source_dds_valid_specs();
tests/fixtures/generated/generate_ba2_dx10_fixtures.cpp:911:      write_file(source_dir / spec.file, build_source_dds(spec));
tests/fixtures/generated/generate_ba2_dx10_fixtures.cpp:914:    write_file(source_dir / "ba2_dx10_malformed_truncated.dds", bytes({0x44, 0x44, 0x53, 0x20, 0x7C}));
tests/fixtures/generated/generate_ba2_dx10_fixtures.cpp:915:    const source_dds_spec unsupported{"unsupported_r32g32b32a32_float",
tests/fixtures/generated/generate_ba2_dx10_fixtures.cpp:916:                                      "ba2_dx10_unsupported_r32g32b32a32_float.dds",
tests/fixtures/generated/generate_ba2_dx10_fixtures.cpp:924:                                      "textures/unsupported/r32g32b32a32_float.dds",
tests/fixtures/generated/generate_ba2_dx10_fixtures.cpp:926:    write_file(source_dir / unsupported.file, build_source_dds(unsupported));
tests/fixtures/generated/generate_ba2_dx10_fixtures.cpp:927:    const source_dds_spec unsupported_1d{"unsupported_r8_unorm_1d",
tests/fixtures/generated/generate_ba2_dx10_fixtures.cpp:928:                                         "ba2_dx10_unsupported_r8_unorm_1d.dds",
tests/fixtures/generated/generate_ba2_dx10_fixtures.cpp:936:                                         "textures/unsupported/r8_unorm_1d.dds",
tests/fixtures/generated/generate_ba2_dx10_fixtures.cpp:938:                                         dds_resource_dimension_texture1d,
tests/fixtures/generated/generate_ba2_dx10_fixtures.cpp:940:    write_file(source_dir / unsupported_1d.file, build_source_dds(unsupported_1d));
tests/fixtures/generated/generate_ba2_dx10_fixtures.cpp:941:    const source_dds_spec unsupported_3d{"unsupported_r8g8b8a8_unorm_3d",
tests/fixtures/generated/generate_ba2_dx10_fixtures.cpp:942:                                         "ba2_dx10_unsupported_r8g8b8a8_unorm_3d.dds",
tests/fixtures/generated/generate_ba2_dx10_fixtures.cpp:950:                                         "textures/unsupported/r8g8b8a8_unorm_3d.dds",
tests/fixtures/generated/generate_ba2_dx10_fixtures.cpp:952:                                         dds_resource_dimension_texture3d,
tests/fixtures/generated/generate_ba2_dx10_fixtures.cpp:954:    write_file(source_dir / unsupported_3d.file, build_source_dds(unsupported_3d));
tests/fixtures/generated/generate_ba2_dx10_fixtures.cpp:955:    write_text(source_dir / "ba2_dx10_writer_sources_manifest.json", writer_sources_manifest(specs));
tests/fixtures/generated/generate_ba2_dx10_fixtures.cpp:974:    {"id": "ba2_dx10_bad_compressed_chunk", "archive": "ba2_dx10_bad_compressed_chunk.ba2", "expected_error": "format_error", "phase": "extraction", "target_path": "textures/generated/fo4deflate.dds"},
tests/fixtures/generated/generate_ba2_dx10_fixtures.cpp:975:    {"id": "ba2_dx10_decoded_size_mismatch", "archive": "ba2_dx10_decoded_size_mismatch.ba2", "expected_error": "format_error", "phase": "extraction", "target_path": "textures/generated/fo4deflate.dds"},
tests/unit/ba2_dx10_writer_tests.cpp:356:    auto analysis = libbsa::texture::analyze_dds_source(bytes);
tests/unit/ba2_dx10_writer_tests.cpp:364:    CHECK_FALSE(analysis.value().dds_bytes.empty());
tests/unit/ba2_dx10_writer_tests.cpp:398:      auto added = writer.add_file(source_case.at("archive_path").get<std::string>(),
tests/unit/ba2_dx10_writer_tests.cpp:405:  void require_metadata_matches_source(const libbsa::texture_metadata &texture, const libbsa::texture::dds_source_analysis &source)
tests/unit/ba2_dx10_writer_tests.cpp:415:  void require_extracted_matches_source(std::span<const std::byte> dds_bytes,
tests/unit/ba2_dx10_writer_tests.cpp:416:                                        const libbsa::texture::dds_source_analysis &source)
tests/unit/ba2_dx10_writer_tests.cpp:418:    auto extracted = libbsa::texture::analyze_dds_source(dds_bytes);
tests/unit/ba2_dx10_writer_tests.cpp:437:    auto source = libbsa::texture::analyze_dds_source(source_bytes);
tests/unit/ba2_dx10_writer_tests.cpp:466:    const auto manifest = read_json_file(generated_source_dir() / "ba2_dx10_writer_sources_manifest.json");
tests/unit/ba2_dx10_writer_tests.cpp:524:    const auto manifest = read_json_file(generated_source_dir() / "ba2_dx10_writer_sources_manifest.json");
tests/unit/ba2_dx10_writer_tests.cpp:531:      auto added = writer.add_file(source_case.at("archive_path").get<std::string>(),
tests/unit/ba2_dx10_writer_tests.cpp:548:    const auto cubemap = opened.value().find("textures/structural/cubemap_bc1_unorm_6face.dds");
tests/unit/ba2_dx10_writer_tests.cpp:554:    const auto array = opened.value().find("textures/structural/array_bc5_unorm_2slice.dds");
tests/unit/ba2_dx10_writer_tests.cpp:560:    const auto cubemap_array = opened.value().find("textures/structural/cubemap_array_bc1_unorm_12face.dds");
tests/unit/ba2_dx10_writer_tests.cpp:567:    const auto multi = opened.value().find("textures/structural/multi_mip_bc7_unorm.dds");
tests/unit/ba2_dx10_writer_tests.cpp:586:  void add_duplicate_dds_pair(libbsa::ba2_dx10_writer &writer, const nlohmann::json &source_case)
tests/unit/ba2_dx10_writer_tests.cpp:589:    REQUIRE(writer.add_file("textures/dedupe/a.dds", source_path).has_value());
