Top-level inventory:
include: 7 files, 1 dirs, ext={'.hpp': 7}
src: 101 files, 5 dirs, ext={'.cpp': 50, '.hpp': 51}
tests: 155 files, 8 dirs, ext={'.ba2': 25, '.bsa': 22, '.cmake': 4, '.cpp': 58, '.dds': 23, '.json': 16, '.md': 1, '.py': 1, '.txt': 2, '<none>': 3}
docs: 8 files, 0 dirs, ext={'.in': 1, '.md': 7}
.github: 363 files, 85 dirs, ext={'.cjs': 46, '.json': 4, '.md': 311, '.yml': 1, '<none>': 1}
.gsd: 109 files, 23 dirs, ext={'.db': 1, '.db-shm': 1, '.db-wal': 1, '.json': 27, '.jsonl': 5, '.lock': 1, '.md': 66, '.stderr': 3, '.stdout': 3, '.tmp': 1}

Selected files:
[include/libbsa] 7 files
  include/libbsa/archive.hpp
  include/libbsa/export.hpp
  include/libbsa/libbsa.hpp
  include/libbsa/result.hpp
  include/libbsa/validation.hpp
  include/libbsa/version.hpp
  include/libbsa/writer.hpp
[src/formats] 66 files
  src/formats/ba2/ba2_constants.hpp
  src/formats/ba2/ba2_dx10_chunk_assembler.cpp
  src/formats/ba2/ba2_dx10_chunk_assembler.hpp
  src/formats/ba2/ba2_dx10_layout.cpp
  src/formats/ba2/ba2_dx10_layout.hpp
  src/formats/ba2/ba2_dx10_names.cpp
  src/formats/ba2/ba2_dx10_names.hpp
  src/formats/ba2/ba2_dx10_parser.cpp
  src/formats/ba2/ba2_dx10_parser.hpp
  src/formats/ba2/ba2_dx10_prepare.cpp
  src/formats/ba2/ba2_dx10_prepare.hpp
  src/formats/ba2/ba2_dx10_reader.cpp
  src/formats/ba2/ba2_dx10_reader.hpp
  src/formats/ba2/ba2_dx10_records.cpp
  src/formats/ba2/ba2_dx10_records.hpp
  src/formats/ba2/ba2_dx10_serialize.cpp
  src/formats/ba2/ba2_dx10_serialize.hpp
  src/formats/ba2/ba2_dx10_snapshot_builder.cpp
  src/formats/ba2/ba2_dx10_snapshot_builder.hpp
  src/formats/ba2/ba2_dx10_writer.cpp
  src/formats/ba2/ba2_dx10_writer.hpp
  src/formats/ba2/ba2_format_detector.cpp
  src/formats/ba2/ba2_format_detector.hpp
  src/formats/ba2/ba2_gnrl_layout.cpp
  src/formats/ba2/ba2_gnrl_layout.hpp
  src/formats/ba2/ba2_gnrl_parser.cpp
  src/formats/ba2/ba2_gnrl_parser.hpp
  src/formats/ba2/ba2_gnrl_prepare.cpp
  src/formats/ba2/ba2_gnrl_prepare.hpp
  src/formats/ba2/ba2_gnrl_reader.cpp
  src/formats/ba2/ba2_gnrl_reader.hpp
  src/formats/ba2/ba2_gnrl_serialize.cpp
  src/formats/ba2/ba2_gnrl_serialize.hpp
  src/formats/ba2/ba2_gnrl_writer.cpp
  src/formats/ba2/ba2_gnrl_writer.hpp
  src/formats/bsa/bsa_format_detector.cpp
  src/formats/bsa/bsa_format_detector.hpp
  src/formats/bsa/tes3_bsa_layout.cpp
  src/formats/bsa/tes3_bsa_layout.hpp
  src/formats/bsa/tes3_bsa_parser.cpp
  src/formats/bsa/tes3_bsa_parser.hpp
  src/formats/bsa/tes3_bsa_prepare.cpp
  src/formats/bsa/tes3_bsa_prepare.hpp
  src/formats/bsa/tes3_bsa_reader.cpp
  src/formats/bsa/tes3_bsa_reader.hpp
  src/formats/bsa/tes3_bsa_serialize.cpp
  src/formats/bsa/tes3_bsa_serialize.hpp
  src/formats/bsa/tes3_bsa_writer.cpp
  src/formats/bsa/tes3_bsa_writer.hpp
  src/formats/bsa/tes4_bsa_constants.hpp
  src/formats/bsa/tes4_bsa_layout.cpp
  src/formats/bsa/tes4_bsa_layout.hpp
  src/formats/bsa/tes4_bsa_parser.cpp
  src/formats/bsa/tes4_bsa_parser.hpp
  src/formats/bsa/tes4_bsa_payload_descriptor.cpp
  src/formats/bsa/tes4_bsa_payload_descriptor.hpp
  src/formats/bsa/tes4_bsa_prepare.cpp
  src/formats/bsa/tes4_bsa_prepare.hpp
  src/formats/bsa/tes4_bsa_reader.cpp
  src/formats/bsa/tes4_bsa_reader.hpp
  src/formats/bsa/tes4_bsa_serialize.cpp
  src/formats/bsa/tes4_bsa_serialize.hpp
  src/formats/bsa/tes4_bsa_table.cpp
  src/formats/bsa/tes4_bsa_table.hpp
  src/formats/bsa/tes4_bsa_writer.cpp
  src/formats/bsa/tes4_bsa_writer.hpp
[src/detail] 28 files
  src/detail/archive_path.cpp
  src/detail/archive_path.hpp
  src/detail/atomic_file_ops.hpp
  src/detail/bethesda_hash.cpp
  src/detail/bethesda_hash.hpp
  src/detail/binary_io.cpp
  src/detail/binary_io.hpp
  src/detail/byte_vector.hpp
  src/detail/compression_router.cpp
  src/detail/compression_router.hpp
  src/detail/deflate_codec.cpp
  src/detail/deflate_codec.hpp
  src/detail/host_file.cpp
  src/detail/host_file.hpp
  src/detail/host_file_path.cpp
  src/detail/host_file_path.hpp
  src/detail/lz4_block_codec.cpp
  src/detail/lz4_block_codec.hpp
  src/detail/lz4_frame_codec.cpp
  src/detail/lz4_frame_codec.hpp
  src/detail/parallel_work.cpp
  src/detail/parallel_work.hpp
  src/detail/parser_primitives.cpp
  src/detail/parser_primitives.hpp
  src/detail/payload_stream.cpp
  src/detail/payload_stream.hpp
  src/detail/writer_publish.cpp
  src/detail/writer_publish.hpp
[src/texture] 4 files
  src/texture/dds_layout.cpp
  src/texture/dds_layout.hpp
  src/texture/directxtex_analyzer.cpp
  src/texture/directxtex_analyzer.hpp
[tests/unit] 52 files
  tests/unit/archive_path_tests.cpp
  tests/unit/archive_reader_dispatch_policy_tests.cpp
  tests/unit/archive_reader_dispatch_tests.cpp
  tests/unit/archive_reader_tests.cpp
  tests/unit/ba2_dx10_extraction_tests.cpp
  tests/unit/ba2_dx10_malformed_tests.cpp
  tests/unit/ba2_dx10_metadata_tests.cpp
  tests/unit/ba2_dx10_parser_tests.cpp
  tests/unit/ba2_dx10_preparer_seam_tests.cpp
  tests/unit/ba2_dx10_writer_tests.cpp
  tests/unit/ba2_gnrl_reader_tests.cpp
  tests/unit/ba2_gnrl_writer_tests.cpp
  tests/unit/ba2_writer_execution_tests.cpp
  tests/unit/benchmark_policy_tests.cpp
  tests/unit/bethesda_hash_tests.cpp
  tests/unit/binary_io_tests.cpp
  tests/unit/bounded_memory_policy_tests.cpp
  tests/unit/bsa_writer_execution_tests.cpp
  tests/unit/bulk_extraction_tests.cpp
  tests/unit/compatibility_matrix_tests.cpp
  tests/unit/compatibility_warning_tests.cpp
  tests/unit/compression_router_tests.cpp
  tests/unit/coverage_audit_matrix_docs_tests.cpp
  tests/unit/dds_layout_tests.cpp
  tests/unit/deflate_codec_tests.cpp
  tests/unit/docs_policy_tests.cpp
  tests/unit/export_surface_policy_tests.cpp
  tests/unit/host_file_path_tests.cpp
  tests/unit/host_file_tests.cpp
  tests/unit/host_file_writer_name_tests.cpp
  tests/unit/host_path_correctness_boundary_tests.cpp
  tests/unit/local_game_fixture_tests.cpp
  tests/unit/lz4_codec_tests.cpp
  tests/unit/parser_preparer_seam_policy_tests.cpp
  tests/unit/parser_primitives_tests.cpp
  tests/unit/payload_stream_tests.cpp
  tests/unit/public_include_boundary_tests.cpp
  tests/unit/result_tests.cpp
  tests/unit/target_format_policy_tests.cpp
  tests/unit/tes3_bsa_reader_tests.cpp
  tests/unit/tes3_bsa_writer_tests.cpp
  tests/unit/tes4_bsa_parser_seam_tests.cpp
  tests/unit/tes4_bsa_reader_tests.cpp
  tests/unit/tes4_bsa_writer_tests.cpp
  tests/unit/thread_safety_docs_policy_tests.cpp
  tests/unit/validation_api_tests.cpp
  tests/unit/validation_policy_tests.cpp
  tests/unit/writer_execution_options_tests.cpp
  tests/unit/writer_hotspot_policy_tests.cpp
  tests/unit/writer_ownership_tests.cpp
  tests/unit/writer_publish_tests.cpp
  tests/unit/writer_stage_tests.cpp
[tests/package-consumer] 5 files
  tests/package-consumer/CMakeLists.txt
  tests/package-consumer/copy-runtime-dlls.cmake
  tests/package-consumer/main.cpp
  tests/package-consumer/smoke.cmake
  tests/package-consumer/verify-runtime-dll-copy.cmake
[tests/fixtures/generated] 94 files
  tests/fixtures/generated/archives/.gitkeep
  tests/fixtures/generated/archives/ba2_corrupt_compressed_payload.ba2
  tests/fixtures/generated/archives/ba2_duplicate_canonical_path.ba2
  tests/fixtures/generated/archives/ba2_dx10_bad_compressed_chunk.ba2
  tests/fixtures/generated/archives/ba2_dx10_decoded_size_mismatch.ba2
  tests/fixtures/generated/archives/ba2_dx10_duplicate_canonical_path.ba2
  tests/fixtures/generated/archives/ba2_dx10_duplicate_mip_face.ba2
  tests/fixtures/generated/archives/ba2_dx10_fo4.ba2
  tests/fixtures/generated/archives/ba2_dx10_fo4_manifest.json
  tests/fixtures/generated/archives/ba2_dx10_inconsistent_chunk_sizes.ba2
  tests/fixtures/generated/archives/ba2_dx10_invalid_payload_span.ba2
  tests/fixtures/generated/archives/ba2_dx10_malformed_manifest.json
  tests/fixtures/generated/archives/ba2_dx10_mip_gap.ba2
  tests/fixtures/generated/archives/ba2_dx10_sfv3.ba2
  tests/fixtures/generated/archives/ba2_dx10_sfv3_manifest.json
  tests/fixtures/generated/archives/ba2_dx10_truncated_chunks.ba2
  tests/fixtures/generated/archives/ba2_dx10_truncated_header.ba2
  tests/fixtures/generated/archives/ba2_dx10_truncated_records.ba2
  tests/fixtures/generated/archives/ba2_dx10_unsupported.ba2
  tests/fixtures/generated/archives/ba2_dx10_unsupported_compression.ba2
  tests/fixtures/generated/archives/ba2_exact_size_mismatch.ba2
  tests/fixtures/generated/archives/ba2_gnrl_fo4.ba2
  tests/fixtures/generated/archives/ba2_gnrl_fo4_manifest.json
  tests/fixtures/generated/archives/ba2_gnrl_malformed_manifest.json
  tests/fixtures/generated/archives/ba2_gnrl_sfv2.ba2
  tests/fixtures/generated/archives/ba2_gnrl_sfv2_manifest.json
  tests/fixtures/generated/archives/ba2_gnrl_sfv3.ba2
  tests/fixtures/generated/archives/ba2_gnrl_sfv3_manifest.json
  tests/fixtures/generated/archives/ba2_invalid_payload_span.ba2
  tests/fixtures/generated/archives/ba2_truncated_header.ba2
  tests/fixtures/generated/archives/ba2_truncated_name_table.ba2
  tests/fixtures/generated/archives/ba2_truncated_records.ba2
  tests/fixtures/generated/archives/ba2_unsupported_v3_compression_method.ba2
  tests/fixtures/generated/archives/malformed_corrupt_compressed_payload.bsa
  tests/fixtures/generated/archives/malformed_duplicate_canonical_path.bsa
  tests/fixtures/generated/archives/malformed_manifest.json
  tests/fixtures/generated/archives/malformed_non_bsa_bytes.bsa
  tests/fixtures/generated/archives/malformed_size_mismatch.bsa
  tests/fixtures/generated/archives/malformed_truncated_header.bsa
  tests/fixtures/generated/archives/malformed_truncated_table.bsa
  tests/fixtures/generated/archives/malformed_unsupported_version.bsa
  tests/fixtures/generated/archives/tes3_duplicate_canonical_path.bsa
  tests/fixtures/generated/archives/tes3_hash_collision.bsa
  tests/fixtures/generated/archives/tes3_inconsistent_counts_offsets.bsa
  tests/fixtures/generated/archives/tes3_invalid_name_span.bsa
  tests/fixtures/generated/archives/tes3_invalid_payload_span.bsa
  tests/fixtures/generated/archives/tes3_malformed_manifest.json
  tests/fixtures/generated/archives/tes3_raw_offset_absolute_regression.bsa
  tests/fixtures/generated/archives/tes3_stored_hash_mismatch.bsa
  tests/fixtures/generated/archives/tes3_success.bsa
  tests/fixtures/generated/archives/tes3_success_manifest.json
  tests/fixtures/generated/archives/tes3_truncated_header.bsa
  tests/fixtures/generated/archives/tes3_truncated_records.bsa
  tests/fixtures/generated/archives/tes3_unsorted_hash_records.bsa
  tests/fixtures/generated/archives/tes3_writer_canonical.bsa
  tests/fixtures/generated/archives/tes3_writer_canonical_manifest.json
  tests/fixtures/generated/archives/tes4_v103.bsa
  tests/fixtures/generated/archives/tes4_v103_manifest.json
  tests/fixtures/generated/archives/tes4_v104.bsa
  tests/fixtures/generated/archives/tes4_v104_manifest.json
  tests/fixtures/generated/archives/tes4_v105.bsa
  tests/fixtures/generated/archives/tes4_v105_manifest.json
  tests/fixtures/generated/compatibility_matrix.json
  tests/fixtures/generated/generate_ba2_dx10_fixtures.cpp
  tests/fixtures/generated/generate_ba2_gnrl_fixtures.cpp
  tests/fixtures/generated/generate_tes3_bsa_fixtures.cpp
  tests/fixtures/generated/generate_tes3_bsa_writer_fixtures.cpp
  tests/fixtures/generated/generate_tes4_bsa_fixtures.cpp
  tests/fixtures/generated/source/.gitkeep
  tests/fixtures/generated/source/ba2_dx10_array_bc5_unorm_2slice.dds
  tests/fixtures/generated/source/ba2_dx10_b8g8r8a8_unorm.dds
  tests/fixtures/generated/source/ba2_dx10_bc1_unorm.dds
  tests/fixtures/generated/source/ba2_dx10_bc1_unorm_srgb.dds
  tests/fixtures/generated/source/ba2_dx10_bc3_unorm.dds
  tests/fixtures/generated/source/ba2_dx10_bc4_unorm.dds
  tests/fixtures/generated/source/ba2_dx10_bc5_snorm.dds
  tests/fixtures/generated/source/ba2_dx10_bc5_unorm.dds
  tests/fixtures/generated/source/ba2_dx10_bc6h_sf16.dds
  tests/fixtures/generated/source/ba2_dx10_bc6h_uf16.dds
  tests/fixtures/generated/source/ba2_dx10_bc7_unorm.dds
  ... +14 more
[docs] 8 files
  docs/Doxyfile.in
  docs/api-mainpage.md
  docs/compatibility-evidence.md
  docs/coverage-audit-matrix.md
  docs/integration-examples.md
  docs/public-api-reality-check.md
  docs/target-format-guide.md
  docs/thread-safety.md
