## error_code refs: 92 files, 709 refs
  39 src/formats/ba2/ba2_gnrl_parser.cpp
  37 src/formats/bsa/tes4_bsa_table.cpp
  31 tests/unit/tes4_bsa_reader_tests.cpp
  26 src/formats/ba2/ba2_dx10_parser.cpp
  25 src/formats/bsa/tes3_bsa_parser.cpp
  21 tests/unit/ba2_gnrl_reader_tests.cpp
  19 tests/unit/ba2_dx10_writer_tests.cpp
  17 src/detail/payload_stream.cpp
  17 src/formats/ba2/ba2_dx10_chunk_assembler.cpp
  15 tests/unit/tes3_bsa_writer_tests.cpp
  14 src/formats/bsa/tes4_bsa_prepare.cpp
  14 tests/unit/ba2_dx10_parser_tests.cpp
  14 tests/unit/lz4_codec_tests.cpp
  14 tests/unit/payload_stream_tests.cpp
  14 tests/unit/tes3_bsa_reader_tests.cpp
  13 src/archive.cpp
  13 src/formats/ba2/ba2_gnrl_prepare.cpp
  12 src/validation.cpp
  11 tests/unit/ba2_gnrl_writer_tests.cpp
  10 src/detail/writer_publish.cpp

## validate_archive refs: 19 files, 45 refs
   6 tests/unit/ba2_gnrl_reader_tests.cpp
   6 tests/unit/validation_api_tests.cpp
   5 tests/unit/ba2_dx10_parser_tests.cpp
   4 tests/unit/tes4_bsa_reader_tests.cpp
   3 docs/compatibility-evidence.md
   3 docs/integration-examples.md
   3 tests/unit/docs_policy_tests.cpp
   2 docs/api-mainpage.md
   2 docs/public-api-reality-check.md
   2 docs/thread-safety.md
   1 include/libbsa/validation.hpp
   1 src/validation.cpp
   1 tests/unit/compatibility_warning_tests.cpp
   1 tests/unit/export_surface_policy_tests.cpp
   1 tests/unit/host_path_correctness_boundary_tests.cpp
   1 tests/unit/public_include_boundary_tests.cpp
   1 tests/unit/target_format_policy_tests.cpp
   1 tests/unit/tes3_bsa_reader_tests.cpp
   1 tests/unit/thread_safety_docs_policy_tests.cpp

## validation_report refs: 12 files, 37 refs
  11 src/validation.cpp
   4 docs/integration-examples.md
   4 docs/public-api-reality-check.md
   3 docs/api-mainpage.md
   3 include/libbsa/validation.hpp
   3 tests/unit/public_include_boundary_tests.cpp
   2 docs/thread-safety.md
   2 tests/unit/compatibility_warning_tests.cpp
   2 tests/unit/docs_policy_tests.cpp
   1 tests/unit/export_surface_policy_tests.cpp
   1 tests/unit/thread_safety_docs_policy_tests.cpp
   1 tests/unit/validation_api_tests.cpp

## compat warnings: 13 files, 87 refs
  26 tests/unit/compatibility_warning_tests.cpp
  11 tests/unit/public_include_boundary_tests.cpp
  10 docs/compatibility-evidence.md
   9 src/validation.cpp
   7 docs/coverage-audit-matrix.md
   6 include/libbsa/validation.hpp
   5 docs/public-api-reality-check.md
   4 tests/unit/target_format_policy_tests.cpp
   3 tests/unit/validation_policy_tests.cpp
   2 docs/api-mainpage.md
   2 docs/integration-examples.md
   1 docs/target-format-guide.md
   1 tests/unit/docs_policy_tests.cpp

## COV-GAP-001: 2 files, 8 refs
   4 docs/coverage-audit-matrix.md
   4 docs/public-api-reality-check.md

## result-level tests: 101 files, 859 refs
  39 src/formats/ba2/ba2_gnrl_parser.cpp
  39 tests/unit/tes4_bsa_reader_tests.cpp
  37 src/formats/bsa/tes4_bsa_table.cpp
  28 tests/unit/ba2_gnrl_reader_tests.cpp
  26 src/formats/ba2/ba2_dx10_parser.cpp
  26 tests/unit/ba2_dx10_writer_tests.cpp
  25 src/formats/bsa/tes3_bsa_parser.cpp
  20 src/texture/dds_layout.cpp
  19 tests/unit/tes3_bsa_reader_tests.cpp
  18 src/formats/ba2/ba2_dx10_chunk_assembler.cpp
  17 src/detail/payload_stream.cpp
  15 src/formats/ba2/ba2_gnrl_prepare.cpp
  15 tests/unit/ba2_dx10_parser_tests.cpp
  15 tests/unit/tes3_bsa_writer_tests.cpp
  15 tests/unit/validation_api_tests.cpp
  14 src/formats/bsa/tes4_bsa_prepare.cpp
  14 src/validation.cpp
  14 tests/unit/dds_layout_tests.cpp
  14 tests/unit/lz4_codec_tests.cpp
  14 tests/unit/payload_stream_tests.cpp

