git status short (top 100):
 M .gsd.migrating/CODEBASE.md
 M .gsd.migrating/PROJECT.md
 M .gsd.migrating/STATE.md
 M .gsd.migrating/audit/events.jsonl
 M .gsd.migrating/auto.lock
 M .gsd.migrating/event-log.jsonl
 M .gsd.migrating/gsd.db
 M .gsd.migrating/gsd.db-shm
 M .gsd.migrating/gsd.db-wal
 M .gsd.migrating/journal/2026-05-20.jsonl
 M .gsd.migrating/metrics.json
 M .gsd.migrating/notifications.jsonl
 M .gsd.migrating/runtime/uok-parity.jsonl
 M .gsd.migrating/runtime/uok-plan-v2-graph.json
 M .gsd.migrating/runtime/uok-writer-sequence.json
 M .gsd.migrating/state-manifest.json
?? .gsd.migrating/activity/011-complete-milestone-M001-k9wo8b.jsonl
?? .gsd.migrating/exec/1ffffd9a-f940-484c-b2c5-1e3357f62aa6.meta.json
?? .gsd.migrating/exec/1ffffd9a-f940-484c-b2c5-1e3357f62aa6.stderr
?? .gsd.migrating/exec/1ffffd9a-f940-484c-b2c5-1e3357f62aa6.stdout
?? .gsd.migrating/exec/3f0c2074-4bcb-40ad-a298-d43c69dfa17f.meta.json
?? .gsd.migrating/exec/3f0c2074-4bcb-40ad-a298-d43c69dfa17f.stderr
?? .gsd.migrating/exec/3f0c2074-4bcb-40ad-a298-d43c69dfa17f.stdout
?? .gsd.migrating/exec/68f36251-ed97-4c66-ab85-ded4fa49a46b.meta.json
?? .gsd.migrating/exec/68f36251-ed97-4c66-ab85-ded4fa49a46b.stderr
?? .gsd.migrating/exec/68f36251-ed97-4c66-ab85-ded4fa49a46b.stdout
?? .gsd.migrating/exec/8162c417-cd2a-43ee-92a0-f02d209814b5.meta.json
?? .gsd.migrating/exec/8162c417-cd2a-43ee-92a0-f02d209814b5.stderr
?? .gsd.migrating/exec/8162c417-cd2a-43ee-92a0-f02d209814b5.stdout
?? .gsd.migrating/exec/83b52c73-7b5a-4aee-8f67-20d62d30232e.meta.json
?? .gsd.migrating/exec/83b52c73-7b5a-4aee-8f67-20d62d30232e.stderr
?? .gsd.migrating/exec/83b52c73-7b5a-4aee-8f67-20d62d30232e.stdout
?? .gsd.migrating/exec/8427640d-9ae7-49c0-a3f9-06161beb3c6c.meta.json
?? .gsd.migrating/exec/8427640d-9ae7-49c0-a3f9-06161beb3c6c.stderr
?? .gsd.migrating/exec/8427640d-9ae7-49c0-a3f9-06161beb3c6c.stdout
?? .gsd.migrating/exec/8b2232c6-87d5-4462-8036-447a5e87e178.meta.json
?? .gsd.migrating/exec/8b2232c6-87d5-4462-8036-447a5e87e178.stderr
?? .gsd.migrating/exec/8b2232c6-87d5-4462-8036-447a5e87e178.stdout
?? .gsd.migrating/exec/952915c7-33f2-46ed-b40f-1f54a78fde21.meta.json
?? .gsd.migrating/exec/952915c7-33f2-46ed-b40f-1f54a78fde21.stderr
?? .gsd.migrating/exec/952915c7-33f2-46ed-b40f-1f54a78fde21.stdout
?? .gsd.migrating/exec/974facfd-2c30-4f14-8f65-9ca340850b26.meta.json
?? .gsd.migrating/exec/974facfd-2c30-4f14-8f65-9ca340850b26.stderr
?? .gsd.migrating/exec/974facfd-2c30-4f14-8f65-9ca340850b26.stdout
?? .gsd.migrating/exec/a681416f-085e-4a73-9849-651a1867fb1e.meta.json
?? .gsd.migrating/exec/a681416f-085e-4a73-9849-651a1867fb1e.stderr
?? .gsd.migrating/exec/a681416f-085e-4a73-9849-651a1867fb1e.stdout
?? .gsd.migrating/exec/a72a087e-8d17-4581-a3d6-dc77eb6647c0.meta.json
?? .gsd.migrating/exec/a72a087e-8d17-4581-a3d6-dc77eb6647c0.stderr
?? .gsd.migrating/exec/a72a087e-8d17-4581-a3d6-dc77eb6647c0.stdout
?? .gsd.migrating/exec/bf9e0c60-8b8b-4327-a507-9402ff04719c.meta.json
?? .gsd.migrating/exec/bf9e0c60-8b8b-4327-a507-9402ff04719c.stderr
?? .gsd.migrating/exec/bf9e0c60-8b8b-4327-a507-9402ff04719c.stdout
?? .gsd.migrating/exec/d3643a8e-ee7b-4680-844e-dae00be690a9.meta.json
?? .gsd.migrating/exec/d3643a8e-ee7b-4680-844e-dae00be690a9.stderr
?? .gsd.migrating/exec/d3643a8e-ee7b-4680-844e-dae00be690a9.stdout
?? .gsd.migrating/exec/f2693b8a-9851-4735-9851-80193fc4cbb1.meta.json
?? .gsd.migrating/exec/f2693b8a-9851-4735-9851-80193fc4cbb1.stderr
?? .gsd.migrating/exec/f2693b8a-9851-4735-9851-80193fc4cbb1.stdout
?? .gsd.migrating/exec/ff2dd54c-ce70-40ad-a24f-9d044e0237e3.meta.json
?? .gsd.migrating/exec/ff2dd54c-ce70-40ad-a24f-9d044e0237e3.stderr
?? .gsd.migrating/exec/ff2dd54c-ce70-40ad-a24f-9d044e0237e3.stdout
?? .gsd.migrating/milestones/M001-k9wo8b/M001-k9wo8b-LEARNINGS.md
?? .gsd.migrating/milestones/M001-k9wo8b/M001-k9wo8b-SUMMARY.md
?? .gsd.migrating/runtime/units/complete-milestone-M001-k9wo8b.json

TES5Edit status lines:

M001 files under .gsd/milestones if any:
.gsd/milestones/M001-k9wo8b/M001-k9wo8b-CONTEXT.md
.gsd/milestones/M001-k9wo8b/M001-k9wo8b-DISCUSSION.md
.gsd/milestones/M001-k9wo8b/M001-k9wo8b-LEARNINGS.md
.gsd/milestones/M001-k9wo8b/M001-k9wo8b-ROADMAP.md
.gsd/milestones/M001-k9wo8b/M001-k9wo8b-SUMMARY.md
.gsd/milestones/M001-k9wo8b/M001-k9wo8b-VALIDATION.md
.gsd/milestones/M001-k9wo8b/anchors/plan-slice.json
.gsd/milestones/M001-k9wo8b/anchors/research-slice.json
.gsd/milestones/M001-k9wo8b/slices/S01/S01-ASSESSMENT.md
.gsd/milestones/M001-k9wo8b/slices/S01/S01-CONTEXT.md
.gsd/milestones/M001-k9wo8b/slices/S01/S01-PLAN.md
.gsd/milestones/M001-k9wo8b/slices/S01/S01-PRE-EXEC-VERIFY.json
.gsd/milestones/M001-k9wo8b/slices/S01/S01-RESEARCH.md
.gsd/milestones/M001-k9wo8b/slices/S01/S01-SUMMARY.md
.gsd/milestones/M001-k9wo8b/slices/S01/S01-UAT.md
.gsd/milestones/M001-k9wo8b/slices/S02/S02-ASSESSMENT.md
.gsd/milestones/M001-k9wo8b/slices/S02/S02-CONTEXT.md
.gsd/milestones/M001-k9wo8b/slices/S02/S02-PLAN.md
.gsd/milestones/M001-k9wo8b/slices/S02/S02-PRE-EXEC-VERIFY.json
.gsd/milestones/M001-k9wo8b/slices/S02/S02-RESEARCH.md
.gsd/milestones/M001-k9wo8b/slices/S02/S02-SUMMARY.md
.gsd/milestones/M001-k9wo8b/slices/S02/S02-UAT.md
.gsd/milestones/M001-k9wo8b/slices/S03/S03-ASSESSMENT.md
.gsd/milestones/M001-k9wo8b/slices/S03/S03-CONTEXT.md
.gsd/milestones/M001-k9wo8b/slices/S03/S03-PLAN.md
.gsd/milestones/M001-k9wo8b/slices/S03/S03-PRE-EXEC-VERIFY.json
.gsd/milestones/M001-k9wo8b/slices/S03/S03-RESEARCH.md
.gsd/milestones/M001-k9wo8b/slices/S03/S03-SUMMARY.md
.gsd/milestones/M001-k9wo8b/slices/S03/S03-UAT.md
.gsd/milestones/M001-k9wo8b/slices/S04/S04-ASSESSMENT.md
.gsd/milestones/M001-k9wo8b/slices/S04/S04-CONTEXT.md
.gsd/milestones/M001-k9wo8b/slices/S04/S04-PLAN.md
.gsd/milestones/M001-k9wo8b/slices/S04/S04-PRE-EXEC-VERIFY.json
.gsd/milestones/M001-k9wo8b/slices/S04/S04-RESEARCH.md
.gsd/milestones/M001-k9wo8b/slices/S04/S04-SUMMARY.md
.gsd/milestones/M001-k9wo8b/slices/S04/S04-UAT.md
.gsd/milestones/M001-k9wo8b/slices/S05/S05-ASSESSMENT.md
.gsd/milestones/M001-k9wo8b/slices/S05/S05-CONTEXT.md
.gsd/milestones/M001-k9wo8b/slices/S05/S05-PLAN.md
.gsd/milestones/M001-k9wo8b/slices/S05/S05-PRE-EXEC-VERIFY.json
.gsd/milestones/M001-k9wo8b/slices/S05/S05-RESEARCH.md
.gsd/milestones/M001-k9wo8b/slices/S05/S05-SUMMARY.md
.gsd/milestones/M001-k9wo8b/slices/S05/S05-UAT.md
.gsd/milestones/M001/M001-CONTEXT.md
.gsd/milestones/M001/M001-ROADMAP.md
