[
  {
    "command": "test -s docs/public-api-reality-check.md",
    "exitCode": 0,
    "verdict": "\u2705 pass",
    "durationMs": 25
  },
  {
    "command": "grep -Fq archive_reader docs/public-api-reality-check.md",
    "exitCode": 0,
    "verdict": "\u2705 pass",
    "durationMs": 9
  },
  {
    "command": "grep -Fq extract_bytes docs/public-api-reality-check.md",
    "exitCode": 0,
    "verdict": "\u2705 pass",
    "durationMs": 8
  },
  {
    "command": "grep -Fq COV-GAP-003 docs/public-api-reality-check.md",
    "exitCode": 0,
    "verdict": "\u2705 pass",
    "durationMs": 8
  }
]
