Generated archive files:
- tests/fixtures/generated/archives/ba2_corrupt_compressed_payload.ba2
- tests/fixtures/generated/archives/ba2_duplicate_canonical_path.ba2
- tests/fixtures/generated/archives/ba2_dx10_bad_compressed_chunk.ba2
- tests/fixtures/generated/archives/ba2_dx10_decoded_size_mismatch.ba2
- tests/fixtures/generated/archives/ba2_dx10_duplicate_canonical_path.ba2
- tests/fixtures/generated/archives/ba2_dx10_duplicate_mip_face.ba2
- tests/fixtures/generated/archives/ba2_dx10_fo4.ba2
- tests/fixtures/generated/archives/ba2_dx10_fo4_manifest.json
- tests/fixtures/generated/archives/ba2_dx10_inconsistent_chunk_sizes.ba2
- tests/fixtures/generated/archives/ba2_dx10_invalid_payload_span.ba2
- tests/fixtures/generated/archives/ba2_dx10_malformed_manifest.json
- tests/fixtures/generated/archives/ba2_dx10_mip_gap.ba2
- tests/fixtures/generated/archives/ba2_dx10_sfv3.ba2
- tests/fixtures/generated/archives/ba2_dx10_sfv3_manifest.json
- tests/fixtures/generated/archives/ba2_dx10_truncated_chunks.ba2
- tests/fixtures/generated/archives/ba2_dx10_truncated_header.ba2
- tests/fixtures/generated/archives/ba2_dx10_truncated_records.ba2
- tests/fixtures/generated/archives/ba2_dx10_unsupported.ba2
- tests/fixtures/generated/archives/ba2_dx10_unsupported_compression.ba2
- tests/fixtures/generated/archives/ba2_exact_size_mismatch.ba2
- tests/fixtures/generated/archives/ba2_gnrl_fo4.ba2
- tests/fixtures/generated/archives/ba2_gnrl_fo4_manifest.json
- tests/fixtures/generated/archives/ba2_gnrl_malformed_manifest.json
- tests/fixtures/generated/archives/ba2_gnrl_sfv2.ba2
- tests/fixtures/generated/archives/ba2_gnrl_sfv2_manifest.json
- tests/fixtures/generated/archives/ba2_gnrl_sfv3.ba2
- tests/fixtures/generated/archives/ba2_gnrl_sfv3_manifest.json
- tests/fixtures/generated/archives/ba2_invalid_payload_span.ba2
- tests/fixtures/generated/archives/ba2_truncated_header.ba2
- tests/fixtures/generated/archives/ba2_truncated_name_table.ba2
- tests/fixtures/generated/archives/ba2_truncated_records.ba2
- tests/fixtures/generated/archives/ba2_unsupported_v3_compression_method.ba2
- tests/fixtures/generated/archives/malformed_corrupt_compressed_payload.bsa
- tests/fixtures/generated/archives/malformed_duplicate_canonical_path.bsa
- tests/fixtures/generated/archives/malformed_manifest.json
- tests/fixtures/generated/archives/malformed_non_bsa_bytes.bsa
- tests/fixtures/generated/archives/malformed_size_mismatch.bsa
- tests/fixtures/generated/archives/malformed_truncated_header.bsa
- tests/fixtures/generated/archives/malformed_truncated_table.bsa
- tests/fixtures/generated/archives/malformed_unsupported_version.bsa
- tests/fixtures/generated/archives/tes3_duplicate_canonical_path.bsa
- tests/fixtures/generated/archives/tes3_hash_collision.bsa
- tests/fixtures/generated/archives/tes3_inconsistent_counts_offsets.bsa
- tests/fixtures/generated/archives/tes3_invalid_name_span.bsa
- tests/fixtures/generated/archives/tes3_invalid_payload_span.bsa
- tests/fixtures/generated/archives/tes3_malformed_manifest.json
- tests/fixtures/generated/archives/tes3_raw_offset_absolute_regression.bsa
- tests/fixtures/generated/archives/tes3_stored_hash_mismatch.bsa
- tests/fixtures/generated/archives/tes3_success.bsa
- tests/fixtures/generated/archives/tes3_success_manifest.json
- tests/fixtures/generated/archives/tes3_truncated_header.bsa
- tests/fixtures/generated/archives/tes3_truncated_records.bsa
- tests/fixtures/generated/archives/tes3_unsorted_hash_records.bsa
- tests/fixtures/generated/archives/tes3_writer_canonical.bsa
- tests/fixtures/generated/archives/tes3_writer_canonical_manifest.json
- tests/fixtures/generated/archives/tes4_v103.bsa
- tests/fixtures/generated/archives/tes4_v103_manifest.json
- tests/fixtures/generated/archives/tes4_v104.bsa
- tests/fixtures/generated/archives/tes4_v104_manifest.json
- tests/fixtures/generated/archives/tes4_v105.bsa
- tests/fixtures/generated/archives/tes4_v105_manifest.json

Generated DDS source files:
- tests/fixtures/generated/source/.gitkeep
- tests/fixtures/generated/source/ba2_dx10_array_bc5_unorm_2slice.dds
- tests/fixtures/generated/source/ba2_dx10_b8g8r8a8_unorm.dds
- tests/fixtures/generated/source/ba2_dx10_bc1_unorm.dds
- tests/fixtures/generated/source/ba2_dx10_bc1_unorm_srgb.dds
- tests/fixtures/generated/source/ba2_dx10_bc3_unorm.dds
- tests/fixtures/generated/source/ba2_dx10_bc4_unorm.dds
- tests/fixtures/generated/source/ba2_dx10_bc5_snorm.dds
- tests/fixtures/generated/source/ba2_dx10_bc5_unorm.dds
- tests/fixtures/generated/source/ba2_dx10_bc6h_sf16.dds
- tests/fixtures/generated/source/ba2_dx10_bc6h_uf16.dds
- tests/fixtures/generated/source/ba2_dx10_bc7_unorm.dds
- tests/fixtures/generated/source/ba2_dx10_bc7_unorm_srgb.dds
- tests/fixtures/generated/source/ba2_dx10_cubemap_array_bc1_unorm_12face.dds
- tests/fixtures/generated/source/ba2_dx10_cubemap_bc1_unorm_6face.dds
- tests/fixtures/generated/source/ba2_dx10_malformed_truncated.dds
- tests/fixtures/generated/source/ba2_dx10_multi_mip_bc7_unorm.dds
- tests/fixtures/generated/source/ba2_dx10_r8_unorm.dds
- tests/fixtures/generated/source/ba2_dx10_r8g8b8a8_snorm.dds
- tests/fixtures/generated/source/ba2_dx10_r8g8b8a8_unorm.dds
- tests/fixtures/generated/source/ba2_dx10_r8g8b8a8_unorm_srgb.dds
- tests/fixtures/generated/source/ba2_dx10_unsupported_r32g32b32a32_float.dds
- tests/fixtures/generated/source/ba2_dx10_unsupported_r8_unorm_1d.dds
- tests/fixtures/generated/source/ba2_dx10_unsupported_r8g8b8a8_unorm_3d.dds
- tests/fixtures/generated/source/ba2_dx10_writer_sources_manifest.json

Package-consumer files:
- tests/package-consumer/CMakeLists.txt
- tests/package-consumer/copy-runtime-dlls.cmake
- tests/package-consumer/main.cpp
- tests/package-consumer/smoke.cmake
- tests/package-consumer/verify-runtime-dll-copy.cmake
