Test project J:/libbsa/build/windows-msvc-debug-static
    Start  49: validation_api reports result-level setup errors
1/8 Test  #49: validation_api reports result-level setup errors ..................................   Passed    0.02 sec
    Start 130: validation_api reports compatibility_matrix malformed rows as validation errors
2/8 Test #130: validation_api reports compatibility_matrix malformed rows as validation errors ...   Passed    0.15 sec
    Start 144: validation_api caps extractability before reading sparse payload bytes
3/8 Test #144: validation_api caps extractability before reading sparse payload bytes ............   Passed    0.02 sec
    Start 308: validation_api accepts writer-produced archives
4/8 Test #308: validation_api accepts writer-produced archives ...................................   Passed    0.05 sec
    Start 323: validation_api reports malformed archives without lenient readers
5/8 Test #323: validation_api reports malformed archives without lenient readers .................   Passed    0.14 sec
    Start 326: validation_api reports expected variant mismatch as a valid risky warning
6/8 Test #326: validation_api reports expected variant mismatch as a valid risky warning .........   Passed    0.12 sec
    Start 344: validation_api accepts writer-produced Starfield BA2 v3 compression routes
7/8 Test #344: validation_api accepts writer-produced Starfield BA2 v3 compression routes ........   Passed    0.15 sec
    Start 369: validation_api accepts generated fixture archives
8/8 Test #369: validation_api accepts generated fixture archives .................................   Passed    0.03 sec

100% tests passed, 0 tests failed out of 8

Label Time Summary:
compat                  =   0.12 sec*proc (1 test)
compatibility_matrix    =   0.15 sec*proc (1 test)
fixture                 =   0.33 sec*proc (4 tests)
malformed               =   0.31 sec*proc (3 tests)
roundtrip               =   0.19 sec*proc (2 tests)
unit                    =   0.67 sec*proc (8 tests)
validation_api          =   0.67 sec*proc (8 tests)

Total Test time (real) =   0.69 sec
