tests/unit/docs_policy_tests.cpp:144:                      "docs/coverage-audit-matrix.md",
tests/unit/docs_policy_tests.cpp:145:                      "docs/compatibility-evidence.md",
tests/unit/docs_policy_tests.cpp:180:  const auto catalog = read_text_file(source_root() / "docs" / "compatibility-evidence.md");
tests/unit/docs_policy_tests.cpp:183:                     {"docs/coverage-audit-matrix.md",
tests/unit/docs_policy_tests.cpp:197:  const auto catalog = read_text_file(root / "docs" / "compatibility-evidence.md");
tests/unit/docs_policy_tests.cpp:199:  const auto matrix = read_text_file(root / "docs" / "coverage-audit-matrix.md");
tests/unit/docs_policy_tests.cpp:203:                      "docs/coverage-audit-matrix.md",
tests/unit/docs_policy_tests.cpp:204:                      "docs/compatibility-evidence.md",
tests/unit/docs_policy_tests.cpp:270:      "docs/compatibility-evidence.md",
tests/unit/docs_policy_tests.cpp:271:      "docs/coverage-audit-matrix.md",
tests/unit/docs_policy_tests.cpp:294:  const auto catalog = read_text_file(root / "docs" / "compatibility-evidence.md");
tests/unit/docs_policy_tests.cpp:311:      "docs/compatibility-evidence.md",
tests/unit/target_format_policy_tests.cpp:217:  REQUIRE(guide.find("docs/compatibility-evidence.md") != std::string::npos);
tests/unit/thread_safety_docs_policy_tests.cpp:96:  const auto compatibility_evidence = read_text_file(root / "docs" / "compatibility-evidence.md");
docs/api-mainpage.md:5:For the audited map from this real public surface to current support proof and routed gaps, see `docs/public-api-reality-check.md`. For archive-family support axes and evidence boundaries, see `docs/coverage-audit-matrix.md`; for compatibility-warning proof, see `docs/compatibility-evidence.md`. Those documents distinguish default repository-reproducible proof from optional local game-corpus or BSArchPro-derived checks. Optional corpus evidence may increase confidence, but it is not required for default support claims and does not replace committed fixtures, package-consumer checks, or policy tests.
docs/compatibility-evidence.md:7:Use this catalog together with `docs/coverage-audit-matrix.md` and `docs/public-api-reality-check.md`:
docs/compatibility-evidence.md:9:- `docs/coverage-audit-matrix.md` tracks the broader archive-family support matrix across reader, extraction, writer, round-trip, validation, package-consumer, and documentation axes.
docs/coverage-audit-matrix.md:22:- Public support docs: `docs/target-format-guide.md`, `docs/compatibility-evidence.md`, `docs/api-mainpage.md`, `docs/integration-examples.md`, `tests/fixtures/README.md`.
docs/coverage-audit-matrix.md:43:| Compatibility warnings | N/A | `include/libbsa/validation.hpp`; `tests/unit/compatibility_warning_tests.cpp`; `docs/compatibility-evidence.md` | The current public warning catalog has no TES3-specific compatibility warning. This is not a TES3 support gap unless a known TES3 compatibility risk is added to the public warning contract. |
docs/coverage-audit-matrix.md:63:| Compatibility warnings | Proven | `include/libbsa/validation.hpp`; `tests/unit/compatibility_warning_tests.cpp`; `docs/compatibility-evidence.md` | Current public BSA warning codes are proven: compressed sound payloads and embedded-name compatibility risk are generated/writer-output tests, not local corpus assumptions. |
docs/coverage-audit-matrix.md:83:| Compatibility warnings | Proven | `include/libbsa/validation.hpp`; `tests/unit/compatibility_warning_tests.cpp`; `docs/compatibility-evidence.md` | Current BA2 warning proof covers caller-supplied target-family mismatch through generated writer-output validation. No GNRL-specific warning beyond the current catalog is claimed. |
docs/coverage-audit-matrix.md:103:| Compatibility warnings | N/A | `include/libbsa/validation.hpp`; `tests/unit/compatibility_warning_tests.cpp`; `docs/compatibility-evidence.md` | The current public warning catalog has no BA2 DX10-specific warning. Texture format restrictions are enforced as writer/parser validation behavior rather than compatibility warnings. |
docs/coverage-audit-matrix.md:131:| 2 | `COV-GAP-002` | Low / Deferred | Full BSArchPro or real game-corpus compatibility comparisons for all families. | `tests/unit/local_game_fixture_tests.cpp`, `tests/fixtures/README.md`, and `docs/compatibility-evidence.md` document opt-in local checks, but default evidence intentionally avoids copyrighted archive bytes. | Future compatibility-hardening campaign using local manifests; keep default CI independent of local/copyrighted inputs. |
docs/coverage-audit-matrix.md:133:| 4 | `COV-GAP-004` | Low / Deferred | Family-specific compatibility warning taxonomy for TES3 BSA and BA2 DX10. | `include/libbsa/validation.hpp`, `tests/unit/compatibility_warning_tests.cpp`, and `docs/compatibility-evidence.md` prove every current public warning code; no TES3 or BA2 DX10-specific warning is currently claimed. | Add warning codes only when a known target interoperability risk is identified and can be proven with default generated or writer-output evidence. |
docs/public-api-reality-check.md:10:- Public support docs: `docs/coverage-audit-matrix.md`, `docs/compatibility-evidence.md`, `docs/api-mainpage.md`, `docs/integration-examples.md`, `docs/target-format-guide.md`, and `docs/thread-safety.md`.
docs/public-api-reality-check.md:23:| Open and list metadata | `archive_reader::open`, `archive_reader::metadata`, `archive_reader::entries`, `archive_metadata`, `entry_metadata`, `archive_type`, `archive_variant`, `entry_compression` | `archive.hpp` documents the reader shape and dependency-light metadata. `coverage-audit-matrix.md` marks reader/open/list metadata as Proven for TES3, TES4-family, BA2 GNRL, and BA2 DX10. `api-mainpage.md` and `integration-examples.md` start consumers with open/list/extract. | Clear. Metadata names are public and stable enough for package consumers without exposing private parser, codec, DirectXTex, or TES5Edit types. | No API change. Keep docs examples centered on `archive_reader` rather than a new top-level facade. |
docs/public-api-reality-check.md:29:| Compatibility warnings | `compatibility_warning_code`, `compatibility_warning_severity`, `compatibility_warning`, `validation_report::warnings` | `validation.hpp` defines stable warning codes and severities. `compatibility-evidence.md` maps each current public warning code to rules and generated/writer-output evidence. `compatibility_warning_tests.cpp` proves current warning codes. | Clear for the current warning catalog. The catalog intentionally has no TES3- or BA2-DX10-specific warning. | Route `COV-GAP-004` as deferred taxonomy work: add new warning codes only when a concrete target interoperability risk is identified and can be proven by default evidence. Do not add speculative warnings. |
docs/public-api-reality-check.md:49:| Optional local compatibility evidence. | `coverage-audit-matrix.md` and `compatibility-evidence.md` separate default proof from `LIBBSA_GAME_FIXTURES` / `LIBBSA_BSARCHPRO_EXPECTED` advisory checks. | Adequate. Do not strengthen public claims based only on optional local corpora. |
docs/public-api-reality-check.md:77:| `COV-GAP-004` | Current compatibility warning codes are proven; TES3 and BA2 DX10 have no claimed family-specific warning taxonomy. | Defer until a concrete TES3 or BA2 DX10 interoperability risk is identified. Add warning codes only with generated/writer-output default evidence and docs in `compatibility-evidence.md`. |
docs/target-format-guide.md:3:This guide summarizes the public target-format policy for libbsa consumers. It covers supported archive variants, compression routing, writer target choices, and compatibility warning codes. Compatibility warning evidence is tracked in `docs/compatibility-evidence.md`.
docs/target-format-guide.md:88:Validation warnings use stable public `compatibility_warning_code` values. The warning catalog in `docs/compatibility-evidence.md` gives the rule and evidence for each code.
