Test project J:/libbsa/build/windows-msvc-debug-static
      Start  10: docs_policy public API audit is discoverable and routes proof gaps
 1/24 Test  #10: docs_policy public API audit is discoverable and routes proof gaps ..................................   Passed    0.02 sec
      Start  12: coverage_audit_matrix lists every current archive family
 2/24 Test  #12: coverage_audit_matrix lists every current archive family ............................................   Passed    0.02 sec
      Start  46: docs_policy static boundary keeps public API documentation optional
 3/24 Test  #46: docs_policy static boundary keeps public API documentation optional .................................   Passed    0.01 sec
      Start  98: coverage_audit_matrix stays free of internal planning identifiers
 4/24 Test  #98: coverage_audit_matrix stays free of internal planning identifiers ...................................   Passed    0.02 sec
      Start 131: coverage_audit_matrix preserves default fixture and manifest evidence policy
 5/24 Test #131: coverage_audit_matrix preserves default fixture and manifest evidence policy ........................   Passed    0.01 sec
      Start 157: compatibility_evidence exposes default fixture round-trip proof sweep
 6/24 Test #157: compatibility_evidence exposes default fixture round-trip proof sweep ...............................   Passed    0.01 sec
      Start 159: docs_policy integration examples document the full consumer journey
 7/24 Test #159: docs_policy integration examples document the full consumer journey .................................   Passed    0.01 sec
      Start 192: docs_policy public proof docs keep optional evidence and fixture boundaries explicit
 8/24 Test #192: docs_policy public proof docs keep optional evidence and fixture boundaries explicit ................   Passed    0.02 sec
      Start 202: coverage_audit_matrix preserves direct validation success evidence
 9/24 Test #202: coverage_audit_matrix preserves direct validation success evidence ..................................   Passed    0.12 sec
      Start 207: coverage_audit_matrix is discoverable from compatibility evidence catalog
10/24 Test #207: coverage_audit_matrix is discoverable from compatibility evidence catalog ...........................   Passed    0.01 sec
      Start 220: coverage_audit_matrix preserves default round-trip evidence for every family
11/24 Test #220: coverage_audit_matrix preserves default round-trip evidence for every family ........................   Passed    0.12 sec
      Start 233: docs_policy API mainpage preserves public operation structure
12/24 Test #233: docs_policy API mainpage preserves public operation structure .......................................   Passed    0.01 sec
      Start 257: docs_policy Doxyfile boundary documents public headers and excludes private inputs
13/24 Test #257: docs_policy Doxyfile boundary documents public headers and excludes private inputs ..................   Passed    0.01 sec
      Start 268: coverage_audit_matrix preserves every required support axis
14/24 Test #268: coverage_audit_matrix preserves every required support axis .........................................   Passed    0.01 sec
      Start 289: coverage_audit_matrix keeps COV-GAP-001 and COV-GAP-003 closed while preserving deferred gaps
15/24 Test #289: coverage_audit_matrix keeps COV-GAP-001 and COV-GAP-003 closed while preserving deferred gaps .......   Passed    0.13 sec
      Start 304: docs_policy compatibility evidence points to audit and preserves proof boundaries
16/24 Test #304: docs_policy compatibility evidence points to audit and preserves proof boundaries ...................   Passed    0.02 sec
      Start 317: docs_policy public documentation surfaces hide planning identifiers
17/24 Test #317: docs_policy public documentation surfaces hide planning identifiers .................................   Passed    0.02 sec
      Start 322: coverage_audit_matrix proves installed package-consumer runtime for every family
18/24 Test #322: coverage_audit_matrix proves installed package-consumer runtime for every family ....................   Passed    0.01 sec
      Start 338: public_api_reality_check routes closed validation and package-consumer proof without API redesign
19/24 Test #338: public_api_reality_check routes closed validation and package-consumer proof without API redesign ...   Passed    0.02 sec
      Start 354: coverage_audit_matrix preserves status vocabulary and ranked gaps
20/24 Test #354: coverage_audit_matrix preserves status vocabulary and ranked gaps ...................................   Passed    0.01 sec
      Start 368: compatibility_evidence names direct validation matrix and Starfield compression routes
21/24 Test #368: compatibility_evidence names direct validation matrix and Starfield compression routes ..............   Passed    0.12 sec
      Start 380: docs_policy mainpage links audited API proof and consumer sharp edges
22/24 Test #380: docs_policy mainpage links audited API proof and consumer sharp edges ...............................   Passed    0.02 sec
      Start 387: coverage_audit_matrix names compatibility matrix as malformed submatrix only
23/24 Test #387: coverage_audit_matrix names compatibility matrix as malformed submatrix only ........................   Passed    0.01 sec
      Start 414: coverage_audit_matrix separates advisory local evidence from default proof
24/24 Test #414: coverage_audit_matrix separates advisory local evidence from default proof ..........................   Passed    0.01 sec

100% tests passed, 0 tests failed out of 24

Label Time Summary:
coverage_audit_matrix    =   0.66 sec*proc (16 tests)
doc_structure            =   0.12 sec*proc (7 tests)
docs_policy              =   0.79 sec*proc (24 tests)
package_consumer         =   0.01 sec*proc (1 test)
static_boundary          =   0.05 sec*proc (3 tests)
unit                     =   0.79 sec*proc (24 tests)

Total Test time (real) =   0.81 sec
