Test project J:/libbsa/build/windows-msvc-debug-static
  Test  #11: validation_api accepts writer-produced archives
  Test  #96: validation_api reports compatibility_matrix malformed rows as validation errors
  Test #174: validation_api reports malformed archives without lenient readers
  Test #266: validation_api reports result-level setup errors
  Test #276: validation_api caps extractability before reading sparse payload bytes
  Test #277: validation_api accepts generated fixture archives

Total Tests: 6

-- compatibility_warning --
Test project J:/libbsa/build/windows-msvc-debug-static
  Test  #24: compatibility_warning behavior covers every public warning code
  Test  #95: compatibility_warning reports BA2 target family mismatch
  Test #303: compatibility_warning reports BSA embedded name compatibility risk
  Test #341: compatibility_warning reports compressed sound payloads

Total Tests: 4

-- coverage matrix --
Test project J:/libbsa/build/windows-msvc-debug-static
  Test  #38: coverage_audit_matrix stays free of internal planning identifiers
  Test  #62: coverage_audit_matrix is discoverable from compatibility evidence catalog
  Test  #69: coverage_audit_matrix preserves status vocabulary and ranked gaps
  Test  #72: coverage_audit_matrix names compatibility matrix as malformed submatrix only
  Test #144: coverage_audit_matrix preserves default round-trip evidence for every family
  Test #175: coverage_audit_matrix preserves default fixture and manifest evidence policy
  Test #247: coverage_audit_matrix preserves every required support axis
  Test #357: coverage_audit_matrix lists every current archive family
  Test #365: coverage_audit_matrix separates advisory local evidence from default proof

Total Tests: 9
