Test project J:/libbsa/build/windows-msvc-debug-static
    Start  62: coverage_audit_matrix preserves status vocabulary and ranked gaps
1/7 Test  #62: coverage_audit_matrix preserves status vocabulary and ranked gaps ..............   Passed    0.02 sec
    Start  92: coverage_audit_matrix is discoverable from compatibility evidence catalog
2/7 Test  #92: coverage_audit_matrix is discoverable from compatibility evidence catalog ......   Passed    0.01 sec
    Start 116: coverage_audit_matrix preserves every required support axis
3/7 Test #116: coverage_audit_matrix preserves every required support axis ....................   Passed    0.01 sec
    Start 135: coverage_audit_matrix stays free of internal planning identifiers
4/7 Test #135: coverage_audit_matrix stays free of internal planning identifiers ..............   Passed    0.01 sec
    Start 145: coverage_audit_matrix names compatibility matrix as malformed submatrix only
5/7 Test #145: coverage_audit_matrix names compatibility matrix as malformed submatrix only ...   Passed    0.13 sec
    Start 243: coverage_audit_matrix separates advisory local evidence from default proof
6/7 Test #243: coverage_audit_matrix separates advisory local evidence from default proof .....   Passed    0.01 sec
    Start 320: coverage_audit_matrix lists every current archive family
7/7 Test #320: coverage_audit_matrix lists every current archive family .......................   Passed    0.12 sec

100% tests passed, 0 tests failed out of 7

Label Time Summary:
coverage_audit_matrix    =   0.33 sec*proc (7 tests)
docs_policy              =   0.33 sec*proc (7 tests)
unit                     =   0.33 sec*proc (7 tests)

Total Test time (real) =   1.19 sec
