Test project J:/libbsa/build/windows-msvc-debug-static
    Start  22: compatibility_warning behavior covers every public warning code
1/5 Test  #22: compatibility_warning behavior covers every public warning code .................   Passed    0.03 sec
    Start  49: compatibility_warning reports BA2 target family mismatch
2/5 Test  #49: compatibility_warning reports BA2 target family mismatch ........................   Passed    0.12 sec
    Start 151: target_format_policy guide documents public compatibility_warning_code values
3/5 Test #151: target_format_policy guide documents public compatibility_warning_code values ...   Passed    0.01 sec
    Start 210: compatibility_warning reports compressed sound payloads
4/5 Test #210: compatibility_warning reports compressed sound payloads .........................   Passed    0.02 sec
    Start 336: compatibility_warning reports BSA embedded name compatibility risk
5/5 Test #336: compatibility_warning reports BSA embedded name compatibility risk ..............   Passed    0.02 sec

100% tests passed, 0 tests failed out of 5

Label Time Summary:
compat                   =   0.19 sec*proc (4 tests)
compatibility_warning    =   0.19 sec*proc (4 tests)
doc_structure            =   0.01 sec*proc (1 test)
target_format_policy     =   0.01 sec*proc (1 test)
unit                     =   0.21 sec*proc (5 tests)
validation_policy        =   0.05 sec*proc (2 tests)

Total Test time (real) =   0.22 sec
